Archive member included to satisfy reference by file (symbol)

/opt/homebrew/Cellar/arm-none-eabi-gcc/10.3-2021.07/gcc/bin/../lib/gcc/arm-none-eabi/10.3.1/thumb/v7e-m/nofp/libgcc.a(_aeabi_uldivmod.o)
                              CMakeFiles/STM32F401-t1.elf.dir/Drivers/STM32F4xx_HAL_Driver/Src/stm32f4xx_hal_rcc.c.obj (__aeabi_uldivmod)
/opt/homebrew/Cellar/arm-none-eabi-gcc/10.3-2021.07/gcc/bin/../lib/gcc/arm-none-eabi/10.3.1/thumb/v7e-m/nofp/libgcc.a(_udivmoddi4.o)
                              /opt/homebrew/Cellar/arm-none-eabi-gcc/10.3-2021.07/gcc/bin/../lib/gcc/arm-none-eabi/10.3.1/thumb/v7e-m/nofp/libgcc.a(_aeabi_uldivmod.o) (__udivmoddi4)
/opt/homebrew/Cellar/arm-none-eabi-gcc/10.3-2021.07/gcc/bin/../lib/gcc/arm-none-eabi/10.3.1/thumb/v7e-m/nofp/libgcc.a(_dvmd_tls.o)
                              /opt/homebrew/Cellar/arm-none-eabi-gcc/10.3-2021.07/gcc/bin/../lib/gcc/arm-none-eabi/10.3.1/thumb/v7e-m/nofp/libgcc.a(_aeabi_uldivmod.o) (__aeabi_ldiv0)
/opt/homebrew/Cellar/arm-none-eabi-gcc/10.3-2021.07/gcc/bin/../lib/gcc/arm-none-eabi/10.3.1/../../../../arm-none-eabi/lib/thumb/v7e-m/nofp/libg.a(lib_a-errno.o)
                              CMakeFiles/STM32F401-t1.elf.dir/Core/Src/syscalls.c.obj (__errno)
/opt/homebrew/Cellar/arm-none-eabi-gcc/10.3-2021.07/gcc/bin/../lib/gcc/arm-none-eabi/10.3.1/../../../../arm-none-eabi/lib/thumb/v7e-m/nofp/libg.a(lib_a-exit.o)
                              /opt/homebrew/Cellar/arm-none-eabi-gcc/10.3-2021.07/gcc/bin/../lib/gcc/arm-none-eabi/10.3.1/../../../../arm-none-eabi/lib/thumb/v7e-m/nofp/crt0.o (exit)
/opt/homebrew/Cellar/arm-none-eabi-gcc/10.3-2021.07/gcc/bin/../lib/gcc/arm-none-eabi/10.3.1/../../../../arm-none-eabi/lib/thumb/v7e-m/nofp/libg.a(lib_a-fflush.o)
                              CMakeFiles/STM32F401-t1.elf.dir/Core/Src/FT6336/ft6336.c.obj (fflush)
/opt/homebrew/Cellar/arm-none-eabi-gcc/10.3-2021.07/gcc/bin/../lib/gcc/arm-none-eabi/10.3.1/../../../../arm-none-eabi/lib/thumb/v7e-m/nofp/libg.a(lib_a-findfp.o)
                              /opt/homebrew/Cellar/arm-none-eabi-gcc/10.3-2021.07/gcc/bin/../lib/gcc/arm-none-eabi/10.3.1/../../../../arm-none-eabi/lib/thumb/v7e-m/nofp/libg.a(lib_a-fflush.o) (__sinit)
/opt/homebrew/Cellar/arm-none-eabi-gcc/10.3-2021.07/gcc/bin/../lib/gcc/arm-none-eabi/10.3.1/../../../../arm-none-eabi/lib/thumb/v7e-m/nofp/libg.a(lib_a-freer.o)
                              /opt/homebrew/Cellar/arm-none-eabi-gcc/10.3-2021.07/gcc/bin/../lib/gcc/arm-none-eabi/10.3.1/../../../../arm-none-eabi/lib/thumb/v7e-m/nofp/libg.a(lib_a-fflush.o) (_free_r)
/opt/homebrew/Cellar/arm-none-eabi-gcc/10.3-2021.07/gcc/bin/../lib/gcc/arm-none-eabi/10.3.1/../../../../arm-none-eabi/lib/thumb/v7e-m/nofp/libg.a(lib_a-fwalk.o)
                              /opt/homebrew/Cellar/arm-none-eabi-gcc/10.3-2021.07/gcc/bin/../lib/gcc/arm-none-eabi/10.3.1/../../../../arm-none-eabi/lib/thumb/v7e-m/nofp/libg.a(lib_a-findfp.o) (_fwalk)
/opt/homebrew/Cellar/arm-none-eabi-gcc/10.3-2021.07/gcc/bin/../lib/gcc/arm-none-eabi/10.3.1/../../../../arm-none-eabi/lib/thumb/v7e-m/nofp/libg.a(lib_a-impure.o)
                              /opt/homebrew/Cellar/arm-none-eabi-gcc/10.3-2021.07/gcc/bin/../lib/gcc/arm-none-eabi/10.3.1/../../../../arm-none-eabi/lib/thumb/v7e-m/nofp/libg.a(lib_a-exit.o) (_global_impure_ptr)
/opt/homebrew/Cellar/arm-none-eabi-gcc/10.3-2021.07/gcc/bin/../lib/gcc/arm-none-eabi/10.3.1/../../../../arm-none-eabi/lib/thumb/v7e-m/nofp/libg.a(lib_a-init.o)
                              /opt/homebrew/Cellar/arm-none-eabi-gcc/10.3-2021.07/gcc/bin/../lib/gcc/arm-none-eabi/10.3.1/../../../../arm-none-eabi/lib/thumb/v7e-m/nofp/crt0.o (__libc_init_array)
/opt/homebrew/Cellar/arm-none-eabi-gcc/10.3-2021.07/gcc/bin/../lib/gcc/arm-none-eabi/10.3.1/../../../../arm-none-eabi/lib/thumb/v7e-m/nofp/libg.a(lib_a-lock.o)
                              /opt/homebrew/Cellar/arm-none-eabi-gcc/10.3-2021.07/gcc/bin/../lib/gcc/arm-none-eabi/10.3.1/../../../../arm-none-eabi/lib/thumb/v7e-m/nofp/libg.a(lib_a-findfp.o) (__retarget_lock_init_recursive)
/opt/homebrew/Cellar/arm-none-eabi-gcc/10.3-2021.07/gcc/bin/../lib/gcc/arm-none-eabi/10.3.1/../../../../arm-none-eabi/lib/thumb/v7e-m/nofp/libg.a(lib_a-mallocr.o)
                              /opt/homebrew/Cellar/arm-none-eabi-gcc/10.3-2021.07/gcc/bin/../lib/gcc/arm-none-eabi/10.3.1/../../../../arm-none-eabi/lib/thumb/v7e-m/nofp/libg.a(lib_a-findfp.o) (_malloc_r)
/opt/homebrew/Cellar/arm-none-eabi-gcc/10.3-2021.07/gcc/bin/../lib/gcc/arm-none-eabi/10.3.1/../../../../arm-none-eabi/lib/thumb/v7e-m/nofp/libg.a(lib_a-memset.o)
                              /opt/homebrew/Cellar/arm-none-eabi-gcc/10.3-2021.07/gcc/bin/../lib/gcc/arm-none-eabi/10.3.1/../../../../arm-none-eabi/lib/thumb/v7e-m/nofp/crt0.o (memset)
/opt/homebrew/Cellar/arm-none-eabi-gcc/10.3-2021.07/gcc/bin/../lib/gcc/arm-none-eabi/10.3.1/../../../../arm-none-eabi/lib/thumb/v7e-m/nofp/libg.a(lib_a-mlock.o)
[...]
Memory Configuration

Name             Origin             Length             Attributes
RAM              0x0000000020000000 0x0000000000010000 xrw
FLASH            0x0000000008000000 0x0000000000040000 xr
*default*        0x0000000000000000 0xffffffffffffffff

Linker script and memory map

LOAD /opt/homebrew/Cellar/arm-none-eabi-gcc/10.3-2021.07/gcc/bin/../lib/gcc/arm-none-eabi/10.3.1/thumb/v7e-m/nofp/crti.o
LOAD /opt/homebrew/Cellar/arm-none-eabi-gcc/10.3-2021.07/gcc/bin/../lib/gcc/arm-none-eabi/10.3.1/thumb/v7e-m/nofp/crtbegin.o
LOAD /opt/homebrew/Cellar/arm-none-eabi-gcc/10.3-2021.07/gcc/bin/../lib/gcc/arm-none-eabi/10.3.1/../../../../arm-none-eabi/lib/thumb/v7e-m/nofp/crt0.o
LOAD CMakeFiles/STM32F401-t1.elf.dir/Core/Src/FT6336/ft6336.c.obj
LOAD CMakeFiles/STM32F401-t1.elf.dir/Core/Src/ST7789/fonts.c.obj
LOAD CMakeFiles/STM32F401-t1.elf.dir/Core/Src/ST7789/st7789.c.obj
LOAD CMakeFiles/STM32F401-t1.elf.dir/Core/Src/dma.c.obj
LOAD CMakeFiles/STM32F401-t1.elf.dir/Core/Src/gpio.c.obj
LOAD CMakeFiles/STM32F401-t1.elf.dir/Core/Src/i2c.c.obj
LOAD CMakeFiles/STM32F401-t1.elf.dir/Core/Src/main.c.obj
LOAD CMakeFiles/STM32F401-t1.elf.dir/Core/Src/spi.c.obj
LOAD CMakeFiles/STM32F401-t1.elf.dir/Core/Src/stm32f4xx_hal_msp.c.obj
LOAD CMakeFiles/STM32F401-t1.elf.dir/Core/Src/stm32f4xx_it.c.obj
LOAD CMakeFiles/STM32F401-t1.elf.dir/Core/Src/syscalls.c.obj
LOAD CMakeFiles/STM32F401-t1.elf.dir/Core/Src/sysmem.c.obj
LOAD CMakeFiles/STM32F401-t1.elf.dir/Core/Src/system_stm32f4xx.c.obj
LOAD CMakeFiles/STM32F401-t1.elf.dir/Core/Src/tim.c.obj
LOAD CMakeFiles/STM32F401-t1.elf.dir/Core/Src/usart.c.obj
LOAD CMakeFiles/STM32F401-t1.elf.dir/Core/Startup/startup_stm32f401rctx.s.obj
LOAD CMakeFiles/STM32F401-t1.elf.dir/Drivers/STM32F4xx_HAL_Driver/Src/stm32f4xx_hal.c.obj
LOAD CMakeFiles/STM32F401-t1.elf.dir/Drivers/STM32F4xx_HAL_Driver/Src/stm32f4xx_hal_cortex.c.obj
LOAD CMakeFiles/STM32F401-t1.elf.dir/Drivers/STM32F4xx_HAL_Driver/Src/stm32f4xx_hal_dma.c.obj
LOAD CMakeFiles/STM32F401-t1.elf.dir/Drivers/STM32F4xx_HAL_Driver/Src/stm32f4xx_hal_dma_ex.c.obj
LOAD CMakeFiles/STM32F401-t1.elf.dir/Drivers/STM32F4xx_HAL_Driver/Src/stm32f4xx_hal_exti.c.obj
LOAD CMakeFiles/STM32F401-t1.elf.dir/Drivers/STM32F4xx_HAL_Driver/Src/stm32f4xx_hal_flash.c.obj
LOAD CMakeFiles/STM32F401-t1.elf.dir/Drivers/STM32F4xx_HAL_Driver/Src/stm32f4xx_hal_flash_ex.c.obj
LOAD CMakeFiles/STM32F401-t1.elf.dir/Drivers/STM32F4xx_HAL_Driver/Src/stm32f4xx_hal_flash_ramfunc.c.obj
LOAD CMakeFiles/STM32F401-t1.elf.dir/Drivers/STM32F4xx_HAL_Driver/Src/stm32f4xx_hal_gpio.c.obj
LOAD CMakeFiles/STM32F401-t1.elf.dir/Drivers/STM32F4xx_HAL_Driver/Src/stm32f4xx_hal_i2c.c.obj
LOAD CMakeFiles/STM32F401-t1.elf.dir/Drivers/STM32F4xx_HAL_Driver/Src/stm32f4xx_hal_i2c_ex.c.obj
LOAD CMakeFiles/STM32F401-t1.elf.dir/Drivers/STM32F4xx_HAL_Driver/Src/stm32f4xx_hal_pwr.c.obj
LOAD CMakeFiles/STM32F401-t1.elf.dir/Drivers/STM32F4xx_HAL_Driver/Src/stm32f4xx_hal_pwr_ex.c.obj
LOAD CMakeFiles/STM32F401-t1.elf.dir/Drivers/STM32F4xx_HAL_Driver/Src/stm32f4xx_hal_rcc.c.obj
LOAD CMakeFiles/STM32F401-t1.elf.dir/Drivers/STM32F4xx_HAL_Driver/Src/stm32f4xx_hal_rcc_ex.c.obj
LOAD CMakeFiles/STM32F401-t1.elf.dir/Drivers/STM32F4xx_HAL_Driver/Src/stm32f4xx_hal_spi.c.obj
LOAD CMakeFiles/STM32F401-t1.elf.dir/Drivers/STM32F4xx_HAL_Driver/Src/stm32f4xx_hal_tim.c.obj
LOAD CMakeFiles/STM32F401-t1.elf.dir/Drivers/STM32F4xx_HAL_Driver/Src/stm32f4xx_hal_tim_ex.c.obj
LOAD CMakeFiles/STM32F401-t1.elf.dir/Drivers/STM32F4xx_HAL_Driver/Src/stm32f4xx_hal_uart.c.obj
START GROUP
LOAD /opt/homebrew/Cellar/arm-none-eabi-gcc/10.3-2021.07/gcc/bin/../lib/gcc/arm-none-eabi/10.3.1/thumb/v7e-m/nofp/libgcc.a
LOAD /opt/homebrew/Cellar/arm-none-eabi-gcc/10.3-2021.07/gcc/bin/../lib/gcc/arm-none-eabi/10.3.1/../../../../arm-none-eabi/lib/thumb/v7e-m/nofp/libg.a
LOAD /opt/homebrew/Cellar/arm-none-eabi-gcc/10.3-2021.07/gcc/bin/../lib/gcc/arm-none-eabi/10.3.1/../../../../arm-none-eabi/lib/thumb/v7e-m/nofp/libc.a
END GROUP
LOAD /opt/homebrew/Cellar/arm-none-eabi-gcc/10.3-2021.07/gcc/bin/../lib/gcc/arm-none-eabi/10.3.1/thumb/v7e-m/nofp/crtend.o
LOAD /opt/homebrew/Cellar/arm-none-eabi-gcc/10.3-2021.07/gcc/bin/../lib/gcc/arm-none-eabi/10.3.1/thumb/v7e-m/nofp/crtn.o
                0x0000000020010000                _estack = (ORIGIN (RAM) + LENGTH (RAM))
                0x0000000000000200                _Min_Heap_Size = 0x200
                0x0000000000000400                _Min_Stack_Size = 0x400

.isr_vector     0x0000000008000000      0x194
                0x0000000008000000                . = ALIGN (0x4)
 *(.isr_vector)
 .isr_vector    0x0000000008000000      0x194 CMakeFiles/STM32F401-t1.elf.dir/Core/Startup/startup_stm32f401rctx.s.obj
                0x0000000008000000                g_pfnVectors
                0x0000000008000194                . = ALIGN (0x4)

.text           0x00000000080001c0     0x3f2c
                0x00000000080001c0                . = ALIGN (0x4)
 *(.text)
 .text          0x00000000080001c0       0x40 /opt/homebrew/Cellar/arm-none-eabi-gcc/10.3-2021.07/gcc/bin/../lib/gcc/arm-none-eabi/10.3.1/thumb/v7e-m/nofp/crtbegin.o
 .text          0x0000000008000200       0x30 /opt/homebrew/Cellar/arm-none-eabi-gcc/10.3-2021.07/gcc/bin/../lib/gcc/arm-none-eabi/10.3.1/thumb/v7e-m/nofp/libgcc.a(_aeabi_uldivmod.o)
                0x0000000008000200                __aeabi_uldivmod
 .text          0x0000000008000230      0x2d0 /opt/homebrew/Cellar/arm-none-eabi-gcc/10.3-2021.07/gcc/bin/../lib/gcc/arm-none-eabi/10.3.1/thumb/v7e-m/nofp/libgcc.a(_udivmoddi4.o)
                0x0000000008000230                __udivmoddi4
 .text          0x0000000008000500        0x4 /opt/homebrew/Cellar/arm-none-eabi-gcc/10.3-2021.07/gcc/bin/../lib/gcc/arm-none-eabi/10.3.1/thumb/v7e-m/nofp/libgcc.a(_dvmd_tls.o)
                0x0000000008000500                __aeabi_ldiv0
                0x0000000008000500                __aeabi_idiv0
 *fill*         0x0000000008000504       0x3c 
 .text          0x0000000008000540       0xdc /opt/homebrew/Cellar/arm-none-eabi-gcc/10.3-2021.07/gcc/bin/../lib/gcc/arm-none-eabi/10.3.1/../../../../arm-none-eabi/lib/thumb/v7e-m/nofp/libg.a(lib_a-strlen.o)
                0x0000000008000540                strlen
 *fill*         0x000000000800061c        0x4 
 .text          0x0000000008000620       0xa0 /opt/homebrew/Cellar/arm-none-eabi-gcc/10.3-2021.07/gcc/bin/../lib/gcc/arm-none-eabi/10.3.1/../../../../arm-none-eabi/lib/thumb/v7e-m/nofp/libg.a(lib_a-memchr.o)
                0x0000000008000620                memchr
 .text          0x00000000080006c0      0x134 /opt/homebrew/Cellar/arm-none-eabi-gcc/10.3-2021.07/gcc/bin/../lib/gcc/arm-none-eabi/10.3.1/../../../../arm-none-eabi/lib/thumb/v7e-m/nofp/libg.a(lib_a-memcpy.o)
                0x00000000080006c0                memcpy
 *(.text*)
 .text.MX_DMA_Init
                0x00000000080007f4       0x44 CMakeFiles/STM32F401-t1.elf.dir/Core/Src/dma.c.obj
                0x00000000080007f4                MX_DMA_Init
 .text.MX_GPIO_Init
                0x0000000008000838       0x90 CMakeFiles/STM32F401-t1.elf.dir/Core/Src/gpio.c.obj
                0x0000000008000838                MX_GPIO_Init
 .text.MX_I2C1_Init
                0x00000000080008c8       0x3c CMakeFiles/STM32F401-t1.elf.dir/Core/Src/i2c.c.obj
                0x00000000080008c8                MX_I2C1_Init
 .text.HAL_I2C_MspInit
                0x0000000008000904       0x70 CMakeFiles/STM32F401-t1.elf.dir/Core/Src/i2c.c.obj
                0x0000000008000904                HAL_I2C_MspInit
 .text.Error_Handler
                0x0000000008000974        0x4 CMakeFiles/STM32F401-t1.elf.dir/Core/Src/main.c.obj
                0x0000000008000974                Error_Handler
 .text.SystemClock_Config
                0x0000000008000978       0xa8 CMakeFiles/STM32F401-t1.elf.dir/Core/Src/main.c.obj
                0x0000000008000978                SystemClock_Config
 .text.main     0x0000000008000a20       0x30 CMakeFiles/STM32F401-t1.elf.dir/Core/Src/main.c.obj
                0x0000000008000a20                main
 .text.MX_SPI1_Init
                0x0000000008000a50       0x44 CMakeFiles/STM32F401-t1.elf.dir/Core/Src/spi.c.obj
                0x0000000008000a50                MX_SPI1_Init
 .text.HAL_SPI_MspInit
                0x0000000008000a94       0xf0 CMakeFiles/STM32F401-t1.elf.dir/Core/Src/spi.c.obj
                0x0000000008000a94                HAL_SPI_MspInit
 .text.HAL_MspInit
                0x0000000008000b84       0x38 CMakeFiles/STM32F401-t1.elf.dir/Core/Src/stm32f4xx_hal_msp.c.obj
                0x0000000008000b84                HAL_MspInit
 .text.NMI_Handler
                0x0000000008000bbc        0x2 CMakeFiles/STM32F401-t1.elf.dir/Core/Src/stm32f4xx_it.c.obj
                0x0000000008000bbc                NMI_Handler
 .text.HardFault_Handler
                0x0000000008000bbe        0x2 CMakeFiles/STM32F401-t1.elf.dir/Core/Src/stm32f4xx_it.c.obj
                0x0000000008000bbe                HardFault_Handler
 .text.MemManage_Handler
                0x0000000008000bc0        0x2 CMakeFiles/STM32F401-t1.elf.dir/Core/Src/stm32f4xx_it.c.obj
                0x0000000008000bc0                MemManage_Handler
 .text.BusFault_Handler
                0x0000000008000bc2        0x2 CMakeFiles/STM32F401-t1.elf.dir/Core/Src/stm32f4xx_it.c.obj
                0x0000000008000bc2                BusFault_Handler
 .text.UsageFault_Handler
                0x0000000008000bc4        0x2 CMakeFiles/STM32F401-t1.elf.dir/Core/Src/stm32f4xx_it.c.obj
                0x0000000008000bc4                UsageFault_Handler
 .text.SVC_Handler
                0x0000000008000bc6        0x2 CMakeFiles/STM32F401-t1.elf.dir/Core/Src/stm32f4xx_it.c.obj
                0x0000000008000bc6                SVC_Handler
 .text.DebugMon_Handler
                0x0000000008000bc8        0x2 CMakeFiles/STM32F401-t1.elf.dir/Core/Src/stm32f4xx_it.c.obj
                0x0000000008000bc8                DebugMon_Handler
 .text.PendSV_Handler
                0x0000000008000bca        0x2 CMakeFiles/STM32F401-t1.elf.dir/Core/Src/stm32f4xx_it.c.obj
                0x0000000008000bca                PendSV_Handler
 .text.SysTick_Handler
                0x0000000008000bcc        0x8 CMakeFiles/STM32F401-t1.elf.dir/Core/Src/stm32f4xx_it.c.obj
                0x0000000008000bcc                SysTick_Handler
 .text.DMA2_Stream0_IRQHandler
                0x0000000008000bd4       0x10 CMakeFiles/STM32F401-t1.elf.dir/Core/Src/stm32f4xx_it.c.obj
                0x0000000008000bd4                DMA2_Stream0_IRQHandler
 .text.DMA2_Stream3_IRQHandler
                0x0000000008000be4       0x10 CMakeFiles/STM32F401-t1.elf.dir/Core/Src/stm32f4xx_it.c.obj
                0x0000000008000be4                DMA2_Stream3_IRQHandler
 .text._read    0x0000000008000bf4       0x20 CMakeFiles/STM32F401-t1.elf.dir/Core/Src/syscalls.c.obj
                0x0000000008000bf4                _read
 .text._write   0x0000000008000c14       0x1c CMakeFiles/STM32F401-t1.elf.dir/Core/Src/syscalls.c.obj
                0x0000000008000c14                _write
 .text._close   0x0000000008000c30        0x6 CMakeFiles/STM32F401-t1.elf.dir/Core/Src/syscalls.c.obj
                0x0000000008000c30                _close
 .text._fstat   0x0000000008000c36        0xa CMakeFiles/STM32F401-t1.elf.dir/Core/Src/syscalls.c.obj
                0x0000000008000c36                _fstat
 .text._isatty  0x0000000008000c40        0x4 CMakeFiles/STM32F401-t1.elf.dir/Core/Src/syscalls.c.obj
                0x0000000008000c40                _isatty
 .text._lseek   0x0000000008000c44        0x4 CMakeFiles/STM32F401-t1.elf.dir/Core/Src/syscalls.c.obj
                0x0000000008000c44                _lseek
 .text._sbrk    0x0000000008000c48       0x48 CMakeFiles/STM32F401-t1.elf.dir/Core/Src/sysmem.c.obj
                0x0000000008000c48                _sbrk
 .text.SystemInit
                0x0000000008000c90        0x2 CMakeFiles/STM32F401-t1.elf.dir/Core/Src/system_stm32f4xx.c.obj
                0x0000000008000c90                SystemInit
 *fill*         0x0000000008000c92        0x2 
 .text.HAL_TIM_Base_MspInit
                0x0000000008000c94       0x30 CMakeFiles/STM32F401-t1.elf.dir/Core/Src/tim.c.obj
                0x0000000008000c94                HAL_TIM_Base_MspInit
 .text.HAL_TIM_MspPostInit
                0x0000000008000cc4       0x5c CMakeFiles/STM32F401-t1.elf.dir/Core/Src/tim.c.obj
                0x0000000008000cc4                HAL_TIM_MspPostInit
 .text.MX_TIM1_Init
                0x0000000008000d20       0xe8 CMakeFiles/STM32F401-t1.elf.dir/Core/Src/tim.c.obj
                0x0000000008000d20                MX_TIM1_Init
 .text.MX_USART1_UART_Init
                0x0000000008000e08       0x34 CMakeFiles/STM32F401-t1.elf.dir/Core/Src/usart.c.obj
                0x0000000008000e08                MX_USART1_UART_Init
 .text.HAL_UART_MspInit
                0x0000000008000e3c       0x74 CMakeFiles/STM32F401-t1.elf.dir/Core/Src/usart.c.obj
                0x0000000008000e3c                HAL_UART_MspInit
 .text.__io_putchar
                0x0000000008000eb0       0x20 CMakeFiles/STM32F401-t1.elf.dir/Core/Src/usart.c.obj
                0x0000000008000eb0                __io_putchar
 .text.Reset_Handler
                0x0000000008000ed0       0x50 CMakeFiles/STM32F401-t1.elf.dir/Core/Startup/startup_stm32f401rctx.s.obj
                0x0000000008000ed0                Reset_Handler
 .text.Default_Handler
                0x0000000008000f20        0x2 CMakeFiles/STM32F401-t1.elf.dir/Core/Startup/startup_stm32f401rctx.s.obj
                0x0000000008000f20                DMA1_Stream3_IRQHandler
                0x0000000008000f20                EXTI2_IRQHandler
                0x0000000008000f20                SPI4_IRQHandler
                0x0000000008000f20                TIM1_CC_IRQHandler
                0x0000000008000f20                DMA2_Stream5_IRQHandler
                0x0000000008000f20                DMA1_Stream5_IRQHandler
                0x0000000008000f20                PVD_IRQHandler
                0x0000000008000f20                SDIO_IRQHandler
                0x0000000008000f20                TAMP_STAMP_IRQHandler
                0x0000000008000f20                EXTI3_IRQHandler
                0x0000000008000f20                TIM1_UP_TIM10_IRQHandler
                0x0000000008000f20                I2C3_ER_IRQHandler
                0x0000000008000f20                EXTI0_IRQHandler
                0x0000000008000f20                I2C2_EV_IRQHandler
                0x0000000008000f20                DMA1_Stream2_IRQHandler
                0x0000000008000f20                FPU_IRQHandler
                0x0000000008000f20                DMA2_Stream2_IRQHandler
                0x0000000008000f20                SPI1_IRQHandler
                0x0000000008000f20                TIM1_BRK_TIM9_IRQHandler
                0x0000000008000f20                USART6_IRQHandler
                0x0000000008000f20                TIM4_IRQHandler
                0x0000000008000f20                I2C1_EV_IRQHandler
                0x0000000008000f20                DMA1_Stream6_IRQHandler
                0x0000000008000f20                DMA1_Stream1_IRQHandler
                0x0000000008000f20                TIM3_IRQHandler
                0x0000000008000f20                RCC_IRQHandler
                0x0000000008000f20                Default_Handler
                0x0000000008000f20                EXTI15_10_IRQHandler
                0x0000000008000f20                ADC_IRQHandler
                0x0000000008000f20                DMA1_Stream7_IRQHandler
                0x0000000008000f20                TIM5_IRQHandler
                0x0000000008000f20                DMA2_Stream7_IRQHandler
                0x0000000008000f20                I2C3_EV_IRQHandler
                0x0000000008000f20                EXTI9_5_IRQHandler
                0x0000000008000f20                RTC_WKUP_IRQHandler
                0x0000000008000f20                SPI2_IRQHandler
                0x0000000008000f20                DMA1_Stream0_IRQHandler
                0x0000000008000f20                EXTI4_IRQHandler
                0x0000000008000f20                WWDG_IRQHandler
                0x0000000008000f20                TIM2_IRQHandler
                0x0000000008000f20                OTG_FS_WKUP_IRQHandler
                0x0000000008000f20                TIM1_TRG_COM_TIM11_IRQHandler
                0x0000000008000f20                EXTI1_IRQHandler
                0x0000000008000f20                USART2_IRQHandler
                0x0000000008000f20                I2C2_ER_IRQHandler
                0x0000000008000f20                DMA2_Stream1_IRQHandler
                0x0000000008000f20                FLASH_IRQHandler
                0x0000000008000f20                DMA2_Stream4_IRQHandler
                0x0000000008000f20                USART1_IRQHandler
                0x0000000008000f20                OTG_FS_IRQHandler
                0x0000000008000f20                SPI3_IRQHandler
                0x0000000008000f20                DMA1_Stream4_IRQHandler
                0x0000000008000f20                I2C1_ER_IRQHandler
                0x0000000008000f20                DMA2_Stream6_IRQHandler
                0x0000000008000f20                RTC_Alarm_IRQHandler
 *fill*         0x0000000008000f22        0x2 
 .text.HAL_InitTick
                0x0000000008000f24       0x4c CMakeFiles/STM32F401-t1.elf.dir/Drivers/STM32F4xx_HAL_Driver/Src/stm32f4xx_hal.c.obj
                0x0000000008000f24                HAL_InitTick
 .text.HAL_Init
                0x0000000008000f70       0x34 CMakeFiles/STM32F401-t1.elf.dir/Drivers/STM32F4xx_HAL_Driver/Src/stm32f4xx_hal.c.obj
                0x0000000008000f70                HAL_Init
 .text.HAL_IncTick
                0x0000000008000fa4       0x18 CMakeFiles/STM32F401-t1.elf.dir/Drivers/STM32F4xx_HAL_Driver/Src/stm32f4xx_hal.c.obj
                0x0000000008000fa4                HAL_IncTick
 .text.HAL_GetTick
                0x0000000008000fbc        0xc CMakeFiles/STM32F401-t1.elf.dir/Drivers/STM32F4xx_HAL_Driver/Src/stm32f4xx_hal.c.obj
                0x0000000008000fbc                HAL_GetTick
 .text.HAL_NVIC_SetPriorityGrouping
                0x0000000008000fc8       0x24 CMakeFiles/STM32F401-t1.elf.dir/Drivers/STM32F4xx_HAL_Driver/Src/stm32f4xx_hal_cortex.c.obj
                0x0000000008000fc8                HAL_NVIC_SetPriorityGrouping
 .text.HAL_NVIC_SetPriority
                0x0000000008000fec       0x70 CMakeFiles/STM32F401-t1.elf.dir/Drivers/STM32F4xx_HAL_Driver/Src/stm32f4xx_hal_cortex.c.obj
                0x0000000008000fec                HAL_NVIC_SetPriority
 .text.HAL_NVIC_EnableIRQ
                0x000000000800105c       0x1c CMakeFiles/STM32F401-t1.elf.dir/Drivers/STM32F4xx_HAL_Driver/Src/stm32f4xx_hal_cortex.c.obj
                0x000000000800105c                HAL_NVIC_EnableIRQ
 .text.HAL_SYSTICK_Config
                0x0000000008001078       0x28 CMakeFiles/STM32F401-t1.elf.dir/Drivers/STM32F4xx_HAL_Driver/Src/stm32f4xx_hal_cortex.c.obj
                0x0000000008001078                HAL_SYSTICK_Config
 .text.DMA_CalcBaseAndBitshift
                0x00000000080010a0       0x40 CMakeFiles/STM32F401-t1.elf.dir/Drivers/STM32F4xx_HAL_Driver/Src/stm32f4xx_hal_dma.c.obj
 .text.DMA_CheckFifoParam
                0x00000000080010e0       0x8e CMakeFiles/STM32F401-t1.elf.dir/Drivers/STM32F4xx_HAL_Driver/Src/stm32f4xx_hal_dma.c.obj
 *fill*         0x000000000800116e        0x2 
 .text.HAL_DMA_Init
                0x0000000008001170       0xcc CMakeFiles/STM32F401-t1.elf.dir/Drivers/STM32F4xx_HAL_Driver/Src/stm32f4xx_hal_dma.c.obj
                0x0000000008001170                HAL_DMA_Init
 .text.HAL_DMA_IRQHandler
                0x000000000800123c      0x1dc CMakeFiles/STM32F401-t1.elf.dir/Drivers/STM32F4xx_HAL_Driver/Src/stm32f4xx_hal_dma.c.obj
                0x000000000800123c                HAL_DMA_IRQHandler
 .text.HAL_GPIO_Init
                0x0000000008001418      0x1c0 CMakeFiles/STM32F401-t1.elf.dir/Drivers/STM32F4xx_HAL_Driver/Src/stm32f4xx_hal_gpio.c.obj
                0x0000000008001418                HAL_GPIO_Init
 .text.HAL_GPIO_WritePin
                0x00000000080015d8        0xc CMakeFiles/STM32F401-t1.elf.dir/Drivers/STM32F4xx_HAL_Driver/Src/stm32f4xx_hal_gpio.c.obj
                0x00000000080015d8                HAL_GPIO_WritePin
 .text.HAL_I2C_Init
                0x00000000080015e4      0x1bc CMakeFiles/STM32F401-t1.elf.dir/Drivers/STM32F4xx_HAL_Driver/Src/stm32f4xx_hal_i2c.c.obj
                0x00000000080015e4                HAL_I2C_Init
 .text.HAL_RCC_OscConfig
                0x00000000080017a0      0x3f8 CMakeFiles/STM32F401-t1.elf.dir/Drivers/STM32F4xx_HAL_Driver/Src/stm32f4xx_hal_rcc.c.obj
                0x00000000080017a0                HAL_RCC_OscConfig
 .text.HAL_RCC_GetSysClockFreq
                0x0000000008001b98       0xa4 CMakeFiles/STM32F401-t1.elf.dir/Drivers/STM32F4xx_HAL_Driver/Src/stm32f4xx_hal_rcc.c.obj
                0x0000000008001b98                HAL_RCC_GetSysClockFreq
 .text.HAL_RCC_ClockConfig
                0x0000000008001c3c      0x160 CMakeFiles/STM32F401-t1.elf.dir/Drivers/STM32F4xx_HAL_Driver/Src/stm32f4xx_hal_rcc.c.obj
                0x0000000008001c3c                HAL_RCC_ClockConfig
 .text.HAL_RCC_GetHCLKFreq
                0x0000000008001d9c        0xc CMakeFiles/STM32F401-t1.elf.dir/Drivers/STM32F4xx_HAL_Driver/Src/stm32f4xx_hal_rcc.c.obj
                0x0000000008001d9c                HAL_RCC_GetHCLKFreq
 .text.HAL_RCC_GetPCLK1Freq
                0x0000000008001da8       0x20 CMakeFiles/STM32F401-t1.elf.dir/Drivers/STM32F4xx_HAL_Driver/Src/stm32f4xx_hal_rcc.c.obj
                0x0000000008001da8                HAL_RCC_GetPCLK1Freq
 .text.HAL_RCC_GetPCLK2Freq
                0x0000000008001dc8       0x20 CMakeFiles/STM32F401-t1.elf.dir/Drivers/STM32F4xx_HAL_Driver/Src/stm32f4xx_hal_rcc.c.obj
                0x0000000008001dc8                HAL_RCC_GetPCLK2Freq
 .text.HAL_SPI_Init
                0x0000000008001de8       0xbe CMakeFiles/STM32F401-t1.elf.dir/Drivers/STM32F4xx_HAL_Driver/Src/stm32f4xx_hal_spi.c.obj
                0x0000000008001de8                HAL_SPI_Init
 *fill*         0x0000000008001ea6        0x2 
 .text.TIM_OC1_SetConfig
                0x0000000008001ea8       0x5c CMakeFiles/STM32F401-t1.elf.dir/Drivers/STM32F4xx_HAL_Driver/Src/stm32f4xx_hal_tim.c.obj
 .text.TIM_OC3_SetConfig
                0x0000000008001f04       0x64 CMakeFiles/STM32F401-t1.elf.dir/Drivers/STM32F4xx_HAL_Driver/Src/stm32f4xx_hal_tim.c.obj
 .text.TIM_OC4_SetConfig
                0x0000000008001f68       0x48 CMakeFiles/STM32F401-t1.elf.dir/Drivers/STM32F4xx_HAL_Driver/Src/stm32f4xx_hal_tim.c.obj
 .text.TIM_TI1_ConfigInputStage
                0x0000000008001fb0       0x24 CMakeFiles/STM32F401-t1.elf.dir/Drivers/STM32F4xx_HAL_Driver/Src/stm32f4xx_hal_tim.c.obj
 .text.TIM_TI2_ConfigInputStage
                0x0000000008001fd4       0x26 CMakeFiles/STM32F401-t1.elf.dir/Drivers/STM32F4xx_HAL_Driver/Src/stm32f4xx_hal_tim.c.obj
 .text.TIM_ITRx_SetConfig
                0x0000000008001ffa       0x10 CMakeFiles/STM32F401-t1.elf.dir/Drivers/STM32F4xx_HAL_Driver/Src/stm32f4xx_hal_tim.c.obj
 .text.HAL_TIM_PWM_MspInit
                0x000000000800200a        0x2 CMakeFiles/STM32F401-t1.elf.dir/Drivers/STM32F4xx_HAL_Driver/Src/stm32f4xx_hal_tim.c.obj
                0x000000000800200a                HAL_TIM_PWM_MspInit
 .text.TIM_Base_SetConfig
                0x000000000800200c       0x9c CMakeFiles/STM32F401-t1.elf.dir/Drivers/STM32F4xx_HAL_Driver/Src/stm32f4xx_hal_tim.c.obj
                0x000000000800200c                TIM_Base_SetConfig
 .text.HAL_TIM_Base_Init
                0x00000000080020a8       0x58 CMakeFiles/STM32F401-t1.elf.dir/Drivers/STM32F4xx_HAL_Driver/Src/stm32f4xx_hal_tim.c.obj
                0x00000000080020a8                HAL_TIM_Base_Init
 .text.HAL_TIM_PWM_Init
                0x0000000008002100       0x58 CMakeFiles/STM32F401-t1.elf.dir/Drivers/STM32F4xx_HAL_Driver/Src/stm32f4xx_hal_tim.c.obj
                0x0000000008002100                HAL_TIM_PWM_Init
 .text.TIM_OC2_SetConfig
                0x0000000008002158       0x64 CMakeFiles/STM32F401-t1.elf.dir/Drivers/STM32F4xx_HAL_Driver/Src/stm32f4xx_hal_tim.c.obj
                0x0000000008002158                TIM_OC2_SetConfig
 .text.HAL_TIM_PWM_ConfigChannel
                0x00000000080021bc       0xdc CMakeFiles/STM32F401-t1.elf.dir/Drivers/STM32F4xx_HAL_Driver/Src/stm32f4xx_hal_tim.c.obj
                0x00000000080021bc                HAL_TIM_PWM_ConfigChannel
 .text.TIM_ETR_SetConfig
                0x0000000008002298       0x18 CMakeFiles/STM32F401-t1.elf.dir/Drivers/STM32F4xx_HAL_Driver/Src/stm32f4xx_hal_tim.c.obj
                0x0000000008002298                TIM_ETR_SetConfig
 .text.HAL_TIM_ConfigClockSource
                0x00000000080022b0       0xfe CMakeFiles/STM32F401-t1.elf.dir/Drivers/STM32F4xx_HAL_Driver/Src/stm32f4xx_hal_tim.c.obj
                0x00000000080022b0                HAL_TIM_ConfigClockSource
 *fill*         0x00000000080023ae        0x2 
 .text.HAL_TIMEx_MasterConfigSynchronization
                0x00000000080023b0       0x7c CMakeFiles/STM32F401-t1.elf.dir/Drivers/STM32F4xx_HAL_Driver/Src/stm32f4xx_hal_tim_ex.c.obj
                0x00000000080023b0                HAL_TIMEx_MasterConfigSynchronization
 .text.HAL_TIMEx_ConfigBreakDeadTime
                0x000000000800242c       0x52 CMakeFiles/STM32F401-t1.elf.dir/Drivers/STM32F4xx_HAL_Driver/Src/stm32f4xx_hal_tim_ex.c.obj
                0x000000000800242c                HAL_TIMEx_ConfigBreakDeadTime
 *fill*         0x000000000800247e        0x2 
 .text.UART_SetConfig
                0x0000000008002480      0x110 CMakeFiles/STM32F401-t1.elf.dir/Drivers/STM32F4xx_HAL_Driver/Src/stm32f4xx_hal_uart.c.obj
 .text.UART_WaitOnFlagUntilTimeout
                0x0000000008002590       0x88 CMakeFiles/STM32F401-t1.elf.dir/Drivers/STM32F4xx_HAL_Driver/Src/stm32f4xx_hal_uart.c.obj
 .text.HAL_UART_Init
                0x0000000008002618       0x5e CMakeFiles/STM32F401-t1.elf.dir/Drivers/STM32F4xx_HAL_Driver/Src/stm32f4xx_hal_uart.c.obj
                0x0000000008002618                HAL_UART_Init
 .text.HAL_UART_Transmit
                0x0000000008002676       0xd8 CMakeFiles/STM32F401-t1.elf.dir/Drivers/STM32F4xx_HAL_Driver/Src/stm32f4xx_hal_uart.c.obj
                0x0000000008002676                HAL_UART_Transmit
 *fill*         0x000000000800274e        0x2 
 .text.__errno  0x0000000008002750        0xc /opt/homebrew/Cellar/arm-none-eabi-gcc/10.3-2021.07/gcc/bin/../lib/gcc/arm-none-eabi/10.3.1/../../../../arm-none-eabi/lib/thumb/v7e-m/nofp/libg.a(lib_a-errno.o)
                0x0000000008002750                __errno
 .text.__sflush_r
                0x000000000800275c      0x120 /opt/homebrew/Cellar/arm-none-eabi-gcc/10.3-2021.07/gcc/bin/../lib/gcc/arm-none-eabi/10.3.1/../../../../arm-none-eabi/lib/thumb/v7e-m/nofp/libg.a(lib_a-fflush.o)
                0x000000000800275c                __sflush_r
 .text._fflush_r
                0x000000000800287c       0x5c /opt/homebrew/Cellar/arm-none-eabi-gcc/10.3-2021.07/gcc/bin/../lib/gcc/arm-none-eabi/10.3.1/../../../../arm-none-eabi/lib/thumb/v7e-m/nofp/libg.a(lib_a-fflush.o)
                0x000000000800287c                _fflush_r
 .text._cleanup_r
                0x00000000080028d8        0xc /opt/homebrew/Cellar/arm-none-eabi-gcc/10.3-2021.07/gcc/bin/../lib/gcc/arm-none-eabi/10.3.1/../../../../arm-none-eabi/lib/thumb/v7e-m/nofp/libg.a(lib_a-findfp.o)
                0x00000000080028d8                _cleanup_r
 .text.__sinit  0x00000000080028e4      0x10c /opt/homebrew/Cellar/arm-none-eabi-gcc/10.3-2021.07/gcc/bin/../lib/gcc/arm-none-eabi/10.3.1/../../../../arm-none-eabi/lib/thumb/v7e-m/nofp/libg.a(lib_a-findfp.o)
                0x00000000080028e4                __sinit
 .text.__sfp_lock_acquire
                0x00000000080029f0        0xc /opt/homebrew/Cellar/arm-none-eabi-gcc/10.3-2021.07/gcc/bin/../lib/gcc/arm-none-eabi/10.3.1/../../../../arm-none-eabi/lib/thumb/v7e-m/nofp/libg.a(lib_a-findfp.o)
                0x00000000080029f0                __sfp_lock_acquire
 .text.__sfp_lock_release
                0x00000000080029fc        0xc /opt/homebrew/Cellar/arm-none-eabi-gcc/10.3-2021.07/gcc/bin/../lib/gcc/arm-none-eabi/10.3.1/../../../../arm-none-eabi/lib/thumb/v7e-m/nofp/libg.a(lib_a-findfp.o)
                0x00000000080029fc                __sfp_lock_release
 .text._malloc_trim_r
                0x0000000008002a08       0xa0 /opt/homebrew/Cellar/arm-none-eabi-gcc/10.3-2021.07/gcc/bin/../lib/gcc/arm-none-eabi/10.3.1/../../../../arm-none-eabi/lib/thumb/v7e-m/nofp/libg.a(lib_a-freer.o)
                0x0000000008002a08                _malloc_trim_r
 .text._free_r  0x0000000008002aa8      0x20c /opt/homebrew/Cellar/arm-none-eabi-gcc/10.3-2021.07/gcc/bin/../lib/gcc/arm-none-eabi/10.3.1/../../../../arm-none-eabi/lib/thumb/v7e-m/nofp/libg.a(lib_a-freer.o)
                0x0000000008002aa8                _free_r
 .text._fwalk_reent
                0x0000000008002cb4       0x48 /opt/homebrew/Cellar/arm-none-eabi-gcc/10.3-2021.07/gcc/bin/../lib/gcc/arm-none-eabi/10.3.1/../../../../arm-none-eabi/lib/thumb/v7e-m/nofp/libg.a(lib_a-fwalk.o)
                0x0000000008002cb4                _fwalk_reent
 .text.__libc_init_array
                0x0000000008002cfc       0x48 /opt/homebrew/Cellar/arm-none-eabi-gcc/10.3-2021.07/gcc/bin/../lib/gcc/arm-none-eabi/10.3.1/../../../../arm-none-eabi/lib/thumb/v7e-m/nofp/libg.a(lib_a-init.o)
                0x0000000008002cfc                __libc_init_array
 .text.__retarget_lock_init_recursive
                0x0000000008002d44        0x4 /opt/homebrew/Cellar/arm-none-eabi-gcc/10.3-2021.07/gcc/bin/../lib/gcc/arm-none-eabi/10.3.1/../../../../arm-none-eabi/lib/thumb/v7e-m/nofp/libg.a(lib_a-lock.o)
                0x0000000008002d44                __retarget_lock_init_recursive
 .text.__retarget_lock_close_recursive
                0x0000000008002d48        0x4 /opt/homebrew/Cellar/arm-none-eabi-gcc/10.3-2021.07/gcc/bin/../lib/gcc/arm-none-eabi/10.3.1/../../../../arm-none-eabi/lib/thumb/v7e-m/nofp/libg.a(lib_a-lock.o)
                0x0000000008002d48                __retarget_lock_close_recursive
 .text.__retarget_lock_acquire_recursive
                0x0000000008002d4c        0x4 /opt/homebrew/Cellar/arm-none-eabi-gcc/10.3-2021.07/gcc/bin/../lib/gcc/arm-none-eabi/10.3.1/../../../../arm-none-eabi/lib/thumb/v7e-m/nofp/libg.a(lib_a-lock.o)
                0x0000000008002d4c                __retarget_lock_acquire_recursive
 .text.__retarget_lock_release_recursive
                0x0000000008002d50        0x4 /opt/homebrew/Cellar/arm-none-eabi-gcc/10.3-2021.07/gcc/bin/../lib/gcc/arm-none-eabi/10.3.1/../../../../arm-none-eabi/lib/thumb/v7e-m/nofp/libg.a(lib_a-lock.o)
                0x0000000008002d50                __retarget_lock_release_recursive
 .text._malloc_r
                0x0000000008002d54      0x560 /opt/homebrew/Cellar/arm-none-eabi-gcc/10.3-2021.07/gcc/bin/../lib/gcc/arm-none-eabi/10.3.1/../../../../arm-none-eabi/lib/thumb/v7e-m/nofp/libg.a(lib_a-mallocr.o)
                0x0000000008002d54                _malloc_r
 .text.memset   0x00000000080032b4       0xa4 /opt/homebrew/Cellar/arm-none-eabi-gcc/10.3-2021.07/gcc/bin/../lib/gcc/arm-none-eabi/10.3.1/../../../../arm-none-eabi/lib/thumb/v7e-m/nofp/libg.a(lib_a-memset.o)
                0x00000000080032b4                memset
 .text.__malloc_lock
                0x0000000008003358        0xc /opt/homebrew/Cellar/arm-none-eabi-gcc/10.3-2021.07/gcc/bin/../lib/gcc/arm-none-eabi/10.3.1/../../../../arm-none-eabi/lib/thumb/v7e-m/nofp/libg.a(lib_a-mlock.o)
                0x0000000008003358                __malloc_lock
 .text.__malloc_unlock
                0x0000000008003364        0xc /opt/homebrew/Cellar/arm-none-eabi-gcc/10.3-2021.07/gcc/bin/../lib/gcc/arm-none-eabi/10.3.1/../../../../arm-none-eabi/lib/thumb/v7e-m/nofp/libg.a(lib_a-mlock.o)
                0x0000000008003364                __malloc_unlock
 .text._puts_r  0x0000000008003370       0x9c /opt/homebrew/Cellar/arm-none-eabi-gcc/10.3-2021.07/gcc/bin/../lib/gcc/arm-none-eabi/10.3.1/../../../../arm-none-eabi/lib/thumb/v7e-m/nofp/libg.a(lib_a-puts.o)
                0x0000000008003370                _puts_r
 .text.puts     0x000000000800340c       0x10 /opt/homebrew/Cellar/arm-none-eabi-gcc/10.3-2021.07/gcc/bin/../lib/gcc/arm-none-eabi/10.3.1/../../../../arm-none-eabi/lib/thumb/v7e-m/nofp/libg.a(lib_a-puts.o)
                0x000000000800340c                puts
 .text._sbrk_r  0x000000000800341c       0x24 /opt/homebrew/Cellar/arm-none-eabi-gcc/10.3-2021.07/gcc/bin/../lib/gcc/arm-none-eabi/10.3.1/../../../../arm-none-eabi/lib/thumb/v7e-m/nofp/libg.a(lib_a-sbrkr.o)
                0x000000000800341c                _sbrk_r
 .text.__sread  0x0000000008003440       0x24 /opt/homebrew/Cellar/arm-none-eabi-gcc/10.3-2021.07/gcc/bin/../lib/gcc/arm-none-eabi/10.3.1/../../../../arm-none-eabi/lib/thumb/v7e-m/nofp/libg.a(lib_a-stdio.o)
                0x0000000008003440                __sread
 .text.__swrite
                0x0000000008003464       0x40 /opt/homebrew/Cellar/arm-none-eabi-gcc/10.3-2021.07/gcc/bin/../lib/gcc/arm-none-eabi/10.3.1/../../../../arm-none-eabi/lib/thumb/v7e-m/nofp/libg.a(lib_a-stdio.o)
                0x0000000008003464                __swrite
 .text.__sseek  0x00000000080034a4       0x20 /opt/homebrew/Cellar/arm-none-eabi-gcc/10.3-2021.07/gcc/bin/../lib/gcc/arm-none-eabi/10.3.1/../../../../arm-none-eabi/lib/thumb/v7e-m/nofp/libg.a(lib_a-stdio.o)
                0x00000000080034a4                __sseek
 .text.__sclose
                0x00000000080034c4        0x8 /opt/homebrew/Cellar/arm-none-eabi-gcc/10.3-2021.07/gcc/bin/../lib/gcc/arm-none-eabi/10.3.1/../../../../arm-none-eabi/lib/thumb/v7e-m/nofp/libg.a(lib_a-stdio.o)
                0x00000000080034c4                __sclose
 .text._write_r
                0x00000000080034cc       0x2c /opt/homebrew/Cellar/arm-none-eabi-gcc/10.3-2021.07/gcc/bin/../lib/gcc/arm-none-eabi/10.3.1/../../../../arm-none-eabi/lib/thumb/v7e-m/nofp/libg.a(lib_a-writer.o)
                0x00000000080034cc                _write_r
 .text.__swsetup_r
                0x00000000080034f8       0xd4 /opt/homebrew/Cellar/arm-none-eabi-gcc/10.3-2021.07/gcc/bin/../lib/gcc/arm-none-eabi/10.3.1/../../../../arm-none-eabi/lib/thumb/v7e-m/nofp/libg.a(lib_a-wsetup.o)
                0x00000000080034f8                __swsetup_r
 .text.startup.register_fini
                0x00000000080035cc       0x14 /opt/homebrew/Cellar/arm-none-eabi-gcc/10.3-2021.07/gcc/bin/../lib/gcc/arm-none-eabi/10.3.1/../../../../arm-none-eabi/lib/thumb/v7e-m/nofp/libg.a(lib_a-__call_atexit.o)
 .text.atexit   0x00000000080035e0        0xc /opt/homebrew/Cellar/arm-none-eabi-gcc/10.3-2021.07/gcc/bin/../lib/gcc/arm-none-eabi/10.3.1/../../../../arm-none-eabi/lib/thumb/v7e-m/nofp/libg.a(lib_a-atexit.o)
                0x00000000080035e0                atexit
 .text._close_r
                0x00000000080035ec       0x24 /opt/homebrew/Cellar/arm-none-eabi-gcc/10.3-2021.07/gcc/bin/../lib/gcc/arm-none-eabi/10.3.1/../../../../arm-none-eabi/lib/thumb/v7e-m/nofp/libg.a(lib_a-closer.o)
                0x00000000080035ec                _close_r
 .text._fclose_r
                0x0000000008003610       0xcc /opt/homebrew/Cellar/arm-none-eabi-gcc/10.3-2021.07/gcc/bin/../lib/gcc/arm-none-eabi/10.3.1/../../../../arm-none-eabi/lib/thumb/v7e-m/nofp/libg.a(lib_a-fclose.o)
                0x0000000008003610                _fclose_r
 .text.__libc_fini_array
                0x00000000080036dc       0x2c /opt/homebrew/Cellar/arm-none-eabi-gcc/10.3-2021.07/gcc/bin/../lib/gcc/arm-none-eabi/10.3.1/../../../../arm-none-eabi/lib/thumb/v7e-m/nofp/libg.a(lib_a-fini.o)
                0x00000000080036dc                __libc_fini_array
 .text.__sfvwrite_r
                0x0000000008003708      0x2e8 /opt/homebrew/Cellar/arm-none-eabi-gcc/10.3-2021.07/gcc/bin/../lib/gcc/arm-none-eabi/10.3.1/../../../../arm-none-eabi/lib/thumb/v7e-m/nofp/libg.a(lib_a-fvwrite.o)
                0x0000000008003708                __sfvwrite_r
 .text._lseek_r
                0x00000000080039f0       0x2c /opt/homebrew/Cellar/arm-none-eabi-gcc/10.3-2021.07/gcc/bin/../lib/gcc/arm-none-eabi/10.3.1/../../../../arm-none-eabi/lib/thumb/v7e-m/nofp/libg.a(lib_a-lseekr.o)
                0x00000000080039f0                _lseek_r
 .text.__smakebuf_r
                0x0000000008003a1c       0xe0 /opt/homebrew/Cellar/arm-none-eabi-gcc/10.3-2021.07/gcc/bin/../lib/gcc/arm-none-eabi/10.3.1/../../../../arm-none-eabi/lib/thumb/v7e-m/nofp/libg.a(lib_a-makebuf.o)
                0x0000000008003a1c                __smakebuf_r
 .text.memmove  0x0000000008003afc       0xf8 /opt/homebrew/Cellar/arm-none-eabi-gcc/10.3-2021.07/gcc/bin/../lib/gcc/arm-none-eabi/10.3.1/../../../../arm-none-eabi/lib/thumb/v7e-m/nofp/libg.a(lib_a-memmove.o)
                0x0000000008003afc                memmove
 .text._read_r  0x0000000008003bf4       0x2c /opt/homebrew/Cellar/arm-none-eabi-gcc/10.3-2021.07/gcc/bin/../lib/gcc/arm-none-eabi/10.3.1/../../../../arm-none-eabi/lib/thumb/v7e-m/nofp/libg.a(lib_a-readr.o)
                0x0000000008003bf4                _read_r
 .text._realloc_r
                0x0000000008003c20      0x3d8 /opt/homebrew/Cellar/arm-none-eabi-gcc/10.3-2021.07/gcc/bin/../lib/gcc/arm-none-eabi/10.3.1/../../../../arm-none-eabi/lib/thumb/v7e-m/nofp/libg.a(lib_a-reallocr.o)
                0x0000000008003c20                _realloc_r
 .text.__register_exitproc
                0x0000000008003ff8       0x8c /opt/homebrew/Cellar/arm-none-eabi-gcc/10.3-2021.07/gcc/bin/../lib/gcc/arm-none-eabi/10.3.1/../../../../arm-none-eabi/lib/thumb/v7e-m/nofp/libg.a(lib_a-__atexit.o)
                0x0000000008003ff8                __register_exitproc
 .text._fstat_r
                0x0000000008004084       0x2c /opt/homebrew/Cellar/arm-none-eabi-gcc/10.3-2021.07/gcc/bin/../lib/gcc/arm-none-eabi/10.3.1/../../../../arm-none-eabi/lib/thumb/v7e-m/nofp/libg.a(lib_a-fstatr.o)
                0x0000000008004084                _fstat_r
 .text._isatty_r
                0x00000000080040b0       0x24 /opt/homebrew/Cellar/arm-none-eabi-gcc/10.3-2021.07/gcc/bin/../lib/gcc/arm-none-eabi/10.3.1/../../../../arm-none-eabi/lib/thumb/v7e-m/nofp/libg.a(lib_a-isattyr.o)
                0x00000000080040b0                _isatty_r
 *(.glue_7)
 .glue_7        0x00000000080040d4        0x0 linker stubs
 *(.glue_7t)
 .glue_7t       0x00000000080040d4        0x0 linker stubs
 *(.eh_frame)
 .eh_frame      0x00000000080040d4        0x0 /opt/homebrew/Cellar/arm-none-eabi-gcc/10.3-2021.07/gcc/bin/../lib/gcc/arm-none-eabi/10.3.1/thumb/v7e-m/nofp/crtbegin.o
 *(.init)
 .init          0x00000000080040d4        0x4 /opt/homebrew/Cellar/arm-none-eabi-gcc/10.3-2021.07/gcc/bin/../lib/gcc/arm-none-eabi/10.3.1/thumb/v7e-m/nofp/crti.o
                0x00000000080040d4                _init
 .init          0x00000000080040d8        0x8 /opt/homebrew/Cellar/arm-none-eabi-gcc/10.3-2021.07/gcc/bin/../lib/gcc/arm-none-eabi/10.3.1/thumb/v7e-m/nofp/crtn.o
 *(.fini)
 .fini          0x00000000080040e0        0x4 /opt/homebrew/Cellar/arm-none-eabi-gcc/10.3-2021.07/gcc/bin/../lib/gcc/arm-none-eabi/10.3.1/thumb/v7e-m/nofp/crti.o
                0x00000000080040e0                _fini
 .fini          0x00000000080040e4        0x8 /opt/homebrew/Cellar/arm-none-eabi-gcc/10.3-2021.07/gcc/bin/../lib/gcc/arm-none-eabi/10.3.1/thumb/v7e-m/nofp/crtn.o
                0x00000000080040ec                . = ALIGN (0x4)
                0x00000000080040ec                _etext = .

.vfp11_veneer   0x00000000080040ec        0x0
 .vfp11_veneer  0x00000000080040ec        0x0 linker stubs

.v4_bx          0x00000000080040ec        0x0
 .v4_bx         0x00000000080040ec        0x0 linker stubs

.iplt           0x00000000080040ec        0x0
 .iplt          0x00000000080040ec        0x0 /opt/homebrew/Cellar/arm-none-eabi-gcc/10.3-2021.07/gcc/bin/../lib/gcc/arm-none-eabi/10.3.1/thumb/v7e-m/nofp/crtbegin.o

.rodata         0x00000000080040ec       0x38
                0x00000000080040ec                . = ALIGN (0x4)
 *(.rodata)
 *(.rodata*)
 .rodata.main.str1.4
                0x00000000080040ec        0xe CMakeFiles/STM32F401-t1.elf.dir/Core/Src/main.c.obj
 *fill*         0x00000000080040fa        0x2 
 .rodata.AHBPrescTable
                0x00000000080040fc       0x10 CMakeFiles/STM32F401-t1.elf.dir/Core/Src/system_stm32f4xx.c.obj
                0x00000000080040fc                AHBPrescTable
 .rodata.APBPrescTable
                0x000000000800410c        0x8 CMakeFiles/STM32F401-t1.elf.dir/Core/Src/system_stm32f4xx.c.obj
                0x000000000800410c                APBPrescTable
 .rodata.flagBitshiftOffset.0
                0x0000000008004114        0x8 CMakeFiles/STM32F401-t1.elf.dir/Drivers/STM32F4xx_HAL_Driver/Src/stm32f4xx_hal_dma.c.obj
 .rodata._global_impure_ptr
                0x000000000800411c        0x4 /opt/homebrew/Cellar/arm-none-eabi-gcc/10.3-2021.07/gcc/bin/../lib/gcc/arm-none-eabi/10.3.1/../../../../arm-none-eabi/lib/thumb/v7e-m/nofp/libg.a(lib_a-impure.o)
                0x000000000800411c                _global_impure_ptr
 .rodata._puts_r.str1.4
                0x0000000008004120        0x2 /opt/homebrew/Cellar/arm-none-eabi-gcc/10.3-2021.07/gcc/bin/../lib/gcc/arm-none-eabi/10.3.1/../../../../arm-none-eabi/lib/thumb/v7e-m/nofp/libg.a(lib_a-puts.o)
                0x0000000008004124                . = ALIGN (0x4)
 *fill*         0x0000000008004122        0x2 

.ARM.extab      0x0000000008004124        0x0
                0x0000000008004124                . = ALIGN (0x4)
 *(.ARM.extab* .gnu.linkonce.armextab.*)
                0x0000000008004124                . = ALIGN (0x4)

.ARM            0x0000000008004124        0x8
                0x0000000008004124                . = ALIGN (0x4)
                0x0000000008004124                __exidx_start = .
 *(.ARM.exidx*)
 .ARM.exidx     0x0000000008004124        0x8 /opt/homebrew/Cellar/arm-none-eabi-gcc/10.3-2021.07/gcc/bin/../lib/gcc/arm-none-eabi/10.3.1/thumb/v7e-m/nofp/libgcc.a(_udivmoddi4.o)
                0x000000000800412c                __exidx_end = .
                0x000000000800412c                . = ALIGN (0x4)

.rel.dyn        0x000000000800412c        0x0
 .rel.iplt      0x000000000800412c        0x0 /opt/homebrew/Cellar/arm-none-eabi-gcc/10.3-2021.07/gcc/bin/../lib/gcc/arm-none-eabi/10.3.1/thumb/v7e-m/nofp/crtbegin.o

.preinit_array  0x000000000800412c        0x0
                0x000000000800412c                . = ALIGN (0x4)
                0x000000000800412c                PROVIDE (__preinit_array_start = .)
 *(.preinit_array*)
                0x000000000800412c                PROVIDE (__preinit_array_end = .)
                0x000000000800412c                . = ALIGN (0x4)

.init_array     0x000000000800412c        0x8
                0x000000000800412c                . = ALIGN (0x4)
                0x000000000800412c                PROVIDE (__init_array_start = .)
 *(SORT_BY_NAME(.init_array.*))
 .init_array.00000
                0x000000000800412c        0x4 /opt/homebrew/Cellar/arm-none-eabi-gcc/10.3-2021.07/gcc/bin/../lib/gcc/arm-none-eabi/10.3.1/../../../../arm-none-eabi/lib/thumb/v7e-m/nofp/libg.a(lib_a-__call_atexit.o)
 *(.init_array*)
 .init_array    0x0000000008004130        0x4 /opt/homebrew/Cellar/arm-none-eabi-gcc/10.3-2021.07/gcc/bin/../lib/gcc/arm-none-eabi/10.3.1/thumb/v7e-m/nofp/crtbegin.o
                0x0000000008004134                PROVIDE (__init_array_end = .)
                0x0000000008004134                . = ALIGN (0x4)

.fini_array     0x0000000008004134        0x4
                0x0000000008004134                . = ALIGN (0x4)
                0x0000000008004134                PROVIDE (__fini_array_start = .)
 *(SORT_BY_NAME(.fini_array.*))
 *(.fini_array*)
 .fini_array    0x0000000008004134        0x4 /opt/homebrew/Cellar/arm-none-eabi-gcc/10.3-2021.07/gcc/bin/../lib/gcc/arm-none-eabi/10.3.1/thumb/v7e-m/nofp/crtbegin.o
                0x0000000008004138                PROVIDE (__fini_array_end = .)
                0x0000000008004138                . = ALIGN (0x4)
                0x0000000008004138                _sidata = LOADADDR (.data)

.data           0x0000000020000000      0x84c load address 0x0000000008004138
                0x0000000020000000                . = ALIGN (0x4)
                0x0000000020000000                _sdata = .
 *(.data)
 *(.data*)
 .data.SystemCoreClock
                0x0000000020000000        0x4 CMakeFiles/STM32F401-t1.elf.dir/Core/Src/system_stm32f4xx.c.obj
                0x0000000020000000                SystemCoreClock
 .data.uwTickFreq
                0x0000000020000004        0x1 CMakeFiles/STM32F401-t1.elf.dir/Drivers/STM32F4xx_HAL_Driver/Src/stm32f4xx_hal.c.obj
                0x0000000020000004                uwTickFreq
 *fill*         0x0000000020000005        0x3 
 .data.uwTickPrio
                0x0000000020000008        0x4 CMakeFiles/STM32F401-t1.elf.dir/Drivers/STM32F4xx_HAL_Driver/Src/stm32f4xx_hal.c.obj
                0x0000000020000008                uwTickPrio
 .data._impure_ptr
                0x000000002000000c        0x4 /opt/homebrew/Cellar/arm-none-eabi-gcc/10.3-2021.07/gcc/bin/../lib/gcc/arm-none-eabi/10.3.1/../../../../arm-none-eabi/lib/thumb/v7e-m/nofp/libg.a(lib_a-impure.o)
                0x000000002000000c                _impure_ptr
 .data.impure_data
                0x0000000020000010      0x428 /opt/homebrew/Cellar/arm-none-eabi-gcc/10.3-2021.07/gcc/bin/../lib/gcc/arm-none-eabi/10.3.1/../../../../arm-none-eabi/lib/thumb/v7e-m/nofp/libg.a(lib_a-impure.o)
 .data.__malloc_av_
                0x0000000020000438      0x408 /opt/homebrew/Cellar/arm-none-eabi-gcc/10.3-2021.07/gcc/bin/../lib/gcc/arm-none-eabi/10.3.1/../../../../arm-none-eabi/lib/thumb/v7e-m/nofp/libg.a(lib_a-mallocr.o)
                0x0000000020000438                __malloc_av_
 .data.__malloc_sbrk_base
                0x0000000020000840        0x4 /opt/homebrew/Cellar/arm-none-eabi-gcc/10.3-2021.07/gcc/bin/../lib/gcc/arm-none-eabi/10.3.1/../../../../arm-none-eabi/lib/thumb/v7e-m/nofp/libg.a(lib_a-mallocr.o)
                0x0000000020000840                __malloc_sbrk_base
 .data.__malloc_trim_threshold
                0x0000000020000844        0x4 /opt/homebrew/Cellar/arm-none-eabi-gcc/10.3-2021.07/gcc/bin/../lib/gcc/arm-none-eabi/10.3.1/../../../../arm-none-eabi/lib/thumb/v7e-m/nofp/libg.a(lib_a-mallocr.o)
                0x0000000020000844                __malloc_trim_threshold
 .data.__atexit_recursive_mutex
                0x0000000020000848        0x4 /opt/homebrew/Cellar/arm-none-eabi-gcc/10.3-2021.07/gcc/bin/../lib/gcc/arm-none-eabi/10.3.1/../../../../arm-none-eabi/lib/thumb/v7e-m/nofp/libg.a(lib_a-__call_atexit.o)
                0x0000000020000848                __atexit_recursive_mutex
 *(.RamFunc)
 *(.RamFunc*)
                0x000000002000084c                . = ALIGN (0x4)
                0x000000002000084c                _edata = .

.igot.plt       0x000000002000084c        0x0 load address 0x0000000008004984
 .igot.plt      0x000000002000084c        0x0 /opt/homebrew/Cellar/arm-none-eabi-gcc/10.3-2021.07/gcc/bin/../lib/gcc/arm-none-eabi/10.3.1/thumb/v7e-m/nofp/crtbegin.o
                0x000000002000084c                . = ALIGN (0x4)

.bss            0x000000002000084c      0x264 load address 0x0000000008004984
                0x000000002000084c                _sbss = .
                0x000000002000084c                __bss_start__ = _sbss
 *(.bss)
 .bss           0x000000002000084c       0x1c /opt/homebrew/Cellar/arm-none-eabi-gcc/10.3-2021.07/gcc/bin/../lib/gcc/arm-none-eabi/10.3.1/thumb/v7e-m/nofp/crtbegin.o
 *(.bss*)
 .bss.hi2c1     0x0000000020000868       0x54 CMakeFiles/STM32F401-t1.elf.dir/Core/Src/i2c.c.obj
                0x0000000020000868                hi2c1
 .bss.hdma_spi1_rx
                0x00000000200008bc       0x60 CMakeFiles/STM32F401-t1.elf.dir/Core/Src/spi.c.obj
                0x00000000200008bc                hdma_spi1_rx
 .bss.hdma_spi1_tx
                0x000000002000091c       0x60 CMakeFiles/STM32F401-t1.elf.dir/Core/Src/spi.c.obj
                0x000000002000091c                hdma_spi1_tx
 .bss.hspi1     0x000000002000097c       0x58 CMakeFiles/STM32F401-t1.elf.dir/Core/Src/spi.c.obj
                0x000000002000097c                hspi1
 .bss.__sbrk_heap_end
                0x00000000200009d4        0x4 CMakeFiles/STM32F401-t1.elf.dir/Core/Src/sysmem.c.obj
 .bss.htim1     0x00000000200009d8       0x48 CMakeFiles/STM32F401-t1.elf.dir/Core/Src/tim.c.obj
                0x00000000200009d8                htim1
 .bss.huart1    0x0000000020000a20       0x44 CMakeFiles/STM32F401-t1.elf.dir/Core/Src/usart.c.obj
                0x0000000020000a20                huart1
 .bss.uwTick    0x0000000020000a64        0x4 CMakeFiles/STM32F401-t1.elf.dir/Drivers/STM32F4xx_HAL_Driver/Src/stm32f4xx_hal.c.obj
                0x0000000020000a64                uwTick
 .bss.__lock___atexit_recursive_mutex
                0x0000000020000a68        0x1 /opt/homebrew/Cellar/arm-none-eabi-gcc/10.3-2021.07/gcc/bin/../lib/gcc/arm-none-eabi/10.3.1/../../../../arm-none-eabi/lib/thumb/v7e-m/nofp/libg.a(lib_a-lock.o)
                0x0000000020000a68                __lock___atexit_recursive_mutex
 *fill*         0x0000000020000a69        0x3 
 .bss.__lock___malloc_recursive_mutex
                0x0000000020000a6c        0x1 /opt/homebrew/Cellar/arm-none-eabi-gcc/10.3-2021.07/gcc/bin/../lib/gcc/arm-none-eabi/10.3.1/../../../../arm-none-eabi/lib/thumb/v7e-m/nofp/libg.a(lib_a-lock.o)
                0x0000000020000a6c                __lock___malloc_recursive_mutex
 *fill*         0x0000000020000a6d        0x3 
 .bss.__lock___sfp_recursive_mutex
                0x0000000020000a70        0x1 /opt/homebrew/Cellar/arm-none-eabi-gcc/10.3-2021.07/gcc/bin/../lib/gcc/arm-none-eabi/10.3.1/../../../../arm-none-eabi/lib/thumb/v7e-m/nofp/libg.a(lib_a-lock.o)
                0x0000000020000a70                __lock___sfp_recursive_mutex
 *fill*         0x0000000020000a71        0x3 
 .bss.__lock___sinit_recursive_mutex
                0x0000000020000a74        0x1 /opt/homebrew/Cellar/arm-none-eabi-gcc/10.3-2021.07/gcc/bin/../lib/gcc/arm-none-eabi/10.3.1/../../../../arm-none-eabi/lib/thumb/v7e-m/nofp/libg.a(lib_a-lock.o)
                0x0000000020000a74                __lock___sinit_recursive_mutex
 *fill*         0x0000000020000a75        0x3 
 .bss.__malloc_current_mallinfo
                0x0000000020000a78       0x28 /opt/homebrew/Cellar/arm-none-eabi-gcc/10.3-2021.07/gcc/bin/../lib/gcc/arm-none-eabi/10.3.1/../../../../arm-none-eabi/lib/thumb/v7e-m/nofp/libg.a(lib_a-mallocr.o)
                0x0000000020000a78                __malloc_current_mallinfo
 .bss.__malloc_max_sbrked_mem
                0x0000000020000aa0        0x4 /opt/homebrew/Cellar/arm-none-eabi-gcc/10.3-2021.07/gcc/bin/../lib/gcc/arm-none-eabi/10.3.1/../../../../arm-none-eabi/lib/thumb/v7e-m/nofp/libg.a(lib_a-mallocr.o)
                0x0000000020000aa0                __malloc_max_sbrked_mem
 .bss.__malloc_max_total_mem
                0x0000000020000aa4        0x4 /opt/homebrew/Cellar/arm-none-eabi-gcc/10.3-2021.07/gcc/bin/../lib/gcc/arm-none-eabi/10.3.1/../../../../arm-none-eabi/lib/thumb/v7e-m/nofp/libg.a(lib_a-mallocr.o)
                0x0000000020000aa4                __malloc_max_total_mem
 .bss.__malloc_top_pad
                0x0000000020000aa8        0x4 /opt/homebrew/Cellar/arm-none-eabi-gcc/10.3-2021.07/gcc/bin/../lib/gcc/arm-none-eabi/10.3.1/../../../../arm-none-eabi/lib/thumb/v7e-m/nofp/libg.a(lib_a-mallocr.o)
                0x0000000020000aa8                __malloc_top_pad
 .bss.errno     0x0000000020000aac        0x4 /opt/homebrew/Cellar/arm-none-eabi-gcc/10.3-2021.07/gcc/bin/../lib/gcc/arm-none-eabi/10.3.1/../../../../arm-none-eabi/lib/thumb/v7e-m/nofp/libg.a(lib_a-reent.o)
                0x0000000020000aac                errno
 *(COMMON)
                0x0000000020000ab0                . = ALIGN (0x4)
                0x0000000020000ab0                _ebss = .
                0x0000000020000ab0                __bss_end__ = _ebss

._user_heap_stack
                0x0000000020000ab0      0x600 load address 0x0000000008004984
                0x0000000020000ab0                . = ALIGN (0x8)
                [!provide]                        PROVIDE (end = .)
                0x0000000020000ab0                PROVIDE (_end = .)
                0x0000000020000cb0                . = (. + _Min_Heap_Size)
 *fill*         0x0000000020000ab0      0x200 
                0x00000000200010b0                . = (. + _Min_Stack_Size)
 *fill*         0x0000000020000cb0      0x400 
                0x00000000200010b0                . = ALIGN (0x8)

/DISCARD/
 libc.a(*)
 libm.a(*)
 libgcc.a(*)

.ARM.attributes
                0x0000000000000000       0x2a
 *(.ARM.attributes)
 .ARM.attributes
                0x0000000000000000       0x1e /opt/homebrew/Cellar/arm-none-eabi-gcc/10.3-2021.07/gcc/bin/../lib/gcc/arm-none-eabi/10.3.1/thumb/v7e-m/nofp/crti.o
 .ARM.attributes
                0x000000000000001e       0x2e /opt/homebrew/Cellar/arm-none-eabi-gcc/10.3-2021.07/gcc/bin/../lib/gcc/arm-none-eabi/10.3.1/thumb/v7e-m/nofp/crtbegin.o
 .ARM.attributes
                0x000000000000004c       0x2e CMakeFiles/STM32F401-t1.elf.dir/Core/Src/dma.c.obj
 .ARM.attributes
                0x000000000000007a       0x2e CMakeFiles/STM32F401-t1.elf.dir/Core/Src/gpio.c.obj
 .ARM.attributes
                0x00000000000000a8       0x2e CMakeFiles/STM32F401-t1.elf.dir/Core/Src/i2c.c.obj
 .ARM.attributes
                0x00000000000000d6       0x2e CMakeFiles/STM32F401-t1.elf.dir/Core/Src/main.c.obj
 .ARM.attributes
                0x0000000000000104       0x2e CMakeFiles/STM32F401-t1.elf.dir/Core/Src/spi.c.obj
 .ARM.attributes
                0x0000000000000132       0x2e CMakeFiles/STM32F401-t1.elf.dir/Core/Src/stm32f4xx_hal_msp.c.obj
 .ARM.attributes
                0x0000000000000160       0x2e CMakeFiles/STM32F401-t1.elf.dir/Core/Src/stm32f4xx_it.c.obj
 .ARM.attributes
                0x000000000000018e       0x2e CMakeFiles/STM32F401-t1.elf.dir/Core/Src/syscalls.c.obj
 .ARM.attributes
                0x00000000000001bc       0x2e CMakeFiles/STM32F401-t1.elf.dir/Core/Src/sysmem.c.obj
 .ARM.attributes
                0x00000000000001ea       0x2e CMakeFiles/STM32F401-t1.elf.dir/Core/Src/system_stm32f4xx.c.obj
 .ARM.attributes
                0x0000000000000218       0x2e CMakeFiles/STM32F401-t1.elf.dir/Core/Src/tim.c.obj
 .ARM.attributes
                0x0000000000000246       0x2e CMakeFiles/STM32F401-t1.elf.dir/Core/Src/usart.c.obj
 .ARM.attributes
                0x0000000000000274       0x21 CMakeFiles/STM32F401-t1.elf.dir/Core/Startup/startup_stm32f401rctx.s.obj
 .ARM.attributes
                0x0000000000000295       0x2e CMakeFiles/STM32F401-t1.elf.dir/Drivers/STM32F4xx_HAL_Driver/Src/stm32f4xx_hal.c.obj
 .ARM.attributes
                0x00000000000002c3       0x2e CMakeFiles/STM32F401-t1.elf.dir/Drivers/STM32F4xx_HAL_Driver/Src/stm32f4xx_hal_cortex.c.obj
 .ARM.attributes
                0x00000000000002f1       0x2e CMakeFiles/STM32F401-t1.elf.dir/Drivers/STM32F4xx_HAL_Driver/Src/stm32f4xx_hal_dma.c.obj
 .ARM.attributes
                0x000000000000031f       0x2e CMakeFiles/STM32F401-t1.elf.dir/Drivers/STM32F4xx_HAL_Driver/Src/stm32f4xx_hal_gpio.c.obj
 .ARM.attributes
                0x000000000000034d       0x2e CMakeFiles/STM32F401-t1.elf.dir/Drivers/STM32F4xx_HAL_Driver/Src/stm32f4xx_hal_i2c.c.obj
 .ARM.attributes
                0x000000000000037b       0x2e CMakeFiles/STM32F401-t1.elf.dir/Drivers/STM32F4xx_HAL_Driver/Src/stm32f4xx_hal_rcc.c.obj
 .ARM.attributes
                0x00000000000003a9       0x2e CMakeFiles/STM32F401-t1.elf.dir/Drivers/STM32F4xx_HAL_Driver/Src/stm32f4xx_hal_spi.c.obj
 .ARM.attributes
                0x00000000000003d7       0x2e CMakeFiles/STM32F401-t1.elf.dir/Drivers/STM32F4xx_HAL_Driver/Src/stm32f4xx_hal_tim.c.obj
 .ARM.attributes
                0x0000000000000405       0x2e CMakeFiles/STM32F401-t1.elf.dir/Drivers/STM32F4xx_HAL_Driver/Src/stm32f4xx_hal_tim_ex.c.obj
 .ARM.attributes
                0x0000000000000433       0x2e CMakeFiles/STM32F401-t1.elf.dir/Drivers/STM32F4xx_HAL_Driver/Src/stm32f4xx_hal_uart.c.obj
 .ARM.attributes
                0x0000000000000461       0x1e /opt/homebrew/Cellar/arm-none-eabi-gcc/10.3-2021.07/gcc/bin/../lib/gcc/arm-none-eabi/10.3.1/thumb/v7e-m/nofp/libgcc.a(_aeabi_uldivmod.o)
 .ARM.attributes
                0x000000000000047f       0x2e /opt/homebrew/Cellar/arm-none-eabi-gcc/10.3-2021.07/gcc/bin/../lib/gcc/arm-none-eabi/10.3.1/thumb/v7e-m/nofp/libgcc.a(_udivmoddi4.o)
 .ARM.attributes
                0x00000000000004ad       0x1e /opt/homebrew/Cellar/arm-none-eabi-gcc/10.3-2021.07/gcc/bin/../lib/gcc/arm-none-eabi/10.3.1/thumb/v7e-m/nofp/libgcc.a(_dvmd_tls.o)
 .ARM.attributes
                0x00000000000004cb       0x2e /opt/homebrew/Cellar/arm-none-eabi-gcc/10.3-2021.07/gcc/bin/../lib/gcc/arm-none-eabi/10.3.1/../../../../arm-none-eabi/lib/thumb/v7e-m/nofp/libg.a(lib_a-errno.o)
 .ARM.attributes
                0x00000000000004f9       0x2e /opt/homebrew/Cellar/arm-none-eabi-gcc/10.3-2021.07/gcc/bin/../lib/gcc/arm-none-eabi/10.3.1/../../../../arm-none-eabi/lib/thumb/v7e-m/nofp/libg.a(lib_a-fflush.o)
 .ARM.attributes
                0x0000000000000527       0x2e /opt/homebrew/Cellar/arm-none-eabi-gcc/10.3-2021.07/gcc/bin/../lib/gcc/arm-none-eabi/10.3.1/../../../../arm-none-eabi/lib/thumb/v7e-m/nofp/libg.a(lib_a-findfp.o)
 .ARM.attributes
                0x0000000000000555       0x2e /opt/homebrew/Cellar/arm-none-eabi-gcc/10.3-2021.07/gcc/bin/../lib/gcc/arm-none-eabi/10.3.1/../../../../arm-none-eabi/lib/thumb/v7e-m/nofp/libg.a(lib_a-freer.o)
 .ARM.attributes
                0x0000000000000583       0x2e /opt/homebrew/Cellar/arm-none-eabi-gcc/10.3-2021.07/gcc/bin/../lib/gcc/arm-none-eabi/10.3.1/../../../../arm-none-eabi/lib/thumb/v7e-m/nofp/libg.a(lib_a-fwalk.o)
 .ARM.attributes
                0x00000000000005b1       0x2e /opt/homebrew/Cellar/arm-none-eabi-gcc/10.3-2021.07/gcc/bin/../lib/gcc/arm-none-eabi/10.3.1/../../../../arm-none-eabi/lib/thumb/v7e-m/nofp/libg.a(lib_a-impure.o)
 .ARM.attributes
                0x00000000000005df       0x2e /opt/homebrew/Cellar/arm-none-eabi-gcc/10.3-2021.07/gcc/bin/../lib/gcc/arm-none-eabi/10.3.1/../../../../arm-none-eabi/lib/thumb/v7e-m/nofp/libg.a(lib_a-init.o)
 .ARM.attributes
                0x000000000000060d       0x2e /opt/homebrew/Cellar/arm-none-eabi-gcc/10.3-2021.07/gcc/bin/../lib/gcc/arm-none-eabi/10.3.1/../../../../arm-none-eabi/lib/thumb/v7e-m/nofp/libg.a(lib_a-lock.o)
 .ARM.attributes
                0x000000000000063b       0x2e /opt/homebrew/Cellar/arm-none-eabi-gcc/10.3-2021.07/gcc/bin/../lib/gcc/arm-none-eabi/10.3.1/../../../../arm-none-eabi/lib/thumb/v7e-m/nofp/libg.a(lib_a-mallocr.o)
 .ARM.attributes
                0x0000000000000669       0x2e /opt/homebrew/Cellar/arm-none-eabi-gcc/10.3-2021.07/gcc/bin/../lib/gcc/arm-none-eabi/10.3.1/../../../../arm-none-eabi/lib/thumb/v7e-m/nofp/libg.a(lib_a-memset.o)
 .ARM.attributes
                0x0000000000000697       0x2e /opt/homebrew/Cellar/arm-none-eabi-gcc/10.3-2021.07/gcc/bin/../lib/gcc/arm-none-eabi/10.3.1/../../../../arm-none-eabi/lib/thumb/v7e-m/nofp/libg.a(lib_a-mlock.o)
 .ARM.attributes
                0x00000000000006c5       0x2e /opt/homebrew/Cellar/arm-none-eabi-gcc/10.3-2021.07/gcc/bin/../lib/gcc/arm-none-eabi/10.3.1/../../../../arm-none-eabi/lib/thumb/v7e-m/nofp/libg.a(lib_a-puts.o)
 .ARM.attributes
                0x00000000000006f3       0x2e /opt/homebrew/Cellar/arm-none-eabi-gcc/10.3-2021.07/gcc/bin/../lib/gcc/arm-none-eabi/10.3.1/../../../../arm-none-eabi/lib/thumb/v7e-m/nofp/libg.a(lib_a-sbrkr.o)
 .ARM.attributes
                0x0000000000000721       0x2e /opt/homebrew/Cellar/arm-none-eabi-gcc/10.3-2021.07/gcc/bin/../lib/gcc/arm-none-eabi/10.3.1/../../../../arm-none-eabi/lib/thumb/v7e-m/nofp/libg.a(lib_a-stdio.o)
 .ARM.attributes
                0x000000000000074f       0x1c /opt/homebrew/Cellar/arm-none-eabi-gcc/10.3-2021.07/gcc/bin/../lib/gcc/arm-none-eabi/10.3.1/../../../../arm-none-eabi/lib/thumb/v7e-m/nofp/libg.a(lib_a-strlen.o)
 .ARM.attributes
                0x000000000000076b       0x2e /opt/homebrew/Cellar/arm-none-eabi-gcc/10.3-2021.07/gcc/bin/../lib/gcc/arm-none-eabi/10.3.1/../../../../arm-none-eabi/lib/thumb/v7e-m/nofp/libg.a(lib_a-writer.o)
 .ARM.attributes
                0x0000000000000799       0x2e /opt/homebrew/Cellar/arm-none-eabi-gcc/10.3-2021.07/gcc/bin/../lib/gcc/arm-none-eabi/10.3.1/../../../../arm-none-eabi/lib/thumb/v7e-m/nofp/libg.a(lib_a-wsetup.o)
 .ARM.attributes
                0x00000000000007c7       0x2e /opt/homebrew/Cellar/arm-none-eabi-gcc/10.3-2021.07/gcc/bin/../lib/gcc/arm-none-eabi/10.3.1/../../../../arm-none-eabi/lib/thumb/v7e-m/nofp/libg.a(lib_a-__call_atexit.o)
 .ARM.attributes
                0x00000000000007f5       0x2e /opt/homebrew/Cellar/arm-none-eabi-gcc/10.3-2021.07/gcc/bin/../lib/gcc/arm-none-eabi/10.3.1/../../../../arm-none-eabi/lib/thumb/v7e-m/nofp/libg.a(lib_a-atexit.o)
 .ARM.attributes
                0x0000000000000823       0x2e /opt/homebrew/Cellar/arm-none-eabi-gcc/10.3-2021.07/gcc/bin/../lib/gcc/arm-none-eabi/10.3.1/../../../../arm-none-eabi/lib/thumb/v7e-m/nofp/libg.a(lib_a-closer.o)
 .ARM.attributes
                0x0000000000000851       0x2e /opt/homebrew/Cellar/arm-none-eabi-gcc/10.3-2021.07/gcc/bin/../lib/gcc/arm-none-eabi/10.3.1/../../../../arm-none-eabi/lib/thumb/v7e-m/nofp/libg.a(lib_a-fclose.o)
 .ARM.attributes
                0x000000000000087f       0x2e /opt/homebrew/Cellar/arm-none-eabi-gcc/10.3-2021.07/gcc/bin/../lib/gcc/arm-none-eabi/10.3.1/../../../../arm-none-eabi/lib/thumb/v7e-m/nofp/libg.a(lib_a-fini.o)
 .ARM.attributes
                0x00000000000008ad       0x2e /opt/homebrew/Cellar/arm-none-eabi-gcc/10.3-2021.07/gcc/bin/../lib/gcc/arm-none-eabi/10.3.1/../../../../arm-none-eabi/lib/thumb/v7e-m/nofp/libg.a(lib_a-fvwrite.o)
 .ARM.attributes
                0x00000000000008db       0x2e /opt/homebrew/Cellar/arm-none-eabi-gcc/10.3-2021.07/gcc/bin/../lib/gcc/arm-none-eabi/10.3.1/../../../../arm-none-eabi/lib/thumb/v7e-m/nofp/libg.a(lib_a-lseekr.o)
 .ARM.attributes
                0x0000000000000909       0x2e /opt/homebrew/Cellar/arm-none-eabi-gcc/10.3-2021.07/gcc/bin/../lib/gcc/arm-none-eabi/10.3.1/../../../../arm-none-eabi/lib/thumb/v7e-m/nofp/libg.a(lib_a-makebuf.o)
 .ARM.attributes
                0x0000000000000937       0x1c /opt/homebrew/Cellar/arm-none-eabi-gcc/10.3-2021.07/gcc/bin/../lib/gcc/arm-none-eabi/10.3.1/../../../../arm-none-eabi/lib/thumb/v7e-m/nofp/libg.a(lib_a-memchr.o)
 .ARM.attributes
                0x0000000000000953       0x1c /opt/homebrew/Cellar/arm-none-eabi-gcc/10.3-2021.07/gcc/bin/../lib/gcc/arm-none-eabi/10.3.1/../../../../arm-none-eabi/lib/thumb/v7e-m/nofp/libg.a(lib_a-memcpy.o)
 .ARM.attributes
                0x000000000000096f       0x2e /opt/homebrew/Cellar/arm-none-eabi-gcc/10.3-2021.07/gcc/bin/../lib/gcc/arm-none-eabi/10.3.1/../../../../arm-none-eabi/lib/thumb/v7e-m/nofp/libg.a(lib_a-memmove.o)
 .ARM.attributes
                0x000000000000099d       0x2e /opt/homebrew/Cellar/arm-none-eabi-gcc/10.3-2021.07/gcc/bin/../lib/gcc/arm-none-eabi/10.3.1/../../../../arm-none-eabi/lib/thumb/v7e-m/nofp/libg.a(lib_a-readr.o)
 .ARM.attributes
                0x00000000000009cb       0x2e /opt/homebrew/Cellar/arm-none-eabi-gcc/10.3-2021.07/gcc/bin/../lib/gcc/arm-none-eabi/10.3.1/../../../../arm-none-eabi/lib/thumb/v7e-m/nofp/libg.a(lib_a-reallocr.o)
 .ARM.attributes
                0x00000000000009f9       0x2e /opt/homebrew/Cellar/arm-none-eabi-gcc/10.3-2021.07/gcc/bin/../lib/gcc/arm-none-eabi/10.3.1/../../../../arm-none-eabi/lib/thumb/v7e-m/nofp/libg.a(lib_a-reent.o)
 .ARM.attributes
                0x0000000000000a27       0x2e /opt/homebrew/Cellar/arm-none-eabi-gcc/10.3-2021.07/gcc/bin/../lib/gcc/arm-none-eabi/10.3.1/../../../../arm-none-eabi/lib/thumb/v7e-m/nofp/libg.a(lib_a-__atexit.o)
 .ARM.attributes
                0x0000000000000a55       0x2e /opt/homebrew/Cellar/arm-none-eabi-gcc/10.3-2021.07/gcc/bin/../lib/gcc/arm-none-eabi/10.3.1/../../../../arm-none-eabi/lib/thumb/v7e-m/nofp/libg.a(lib_a-fstatr.o)
 .ARM.attributes
                0x0000000000000a83       0x2e /opt/homebrew/Cellar/arm-none-eabi-gcc/10.3-2021.07/gcc/bin/../lib/gcc/arm-none-eabi/10.3.1/../../../../arm-none-eabi/lib/thumb/v7e-m/nofp/libg.a(lib_a-isattyr.o)
 .ARM.attributes
                0x0000000000000ab1       0x1e /opt/homebrew/Cellar/arm-none-eabi-gcc/10.3-2021.07/gcc/bin/../lib/gcc/arm-none-eabi/10.3.1/thumb/v7e-m/nofp/crtn.o
OUTPUT(STM32F401-t1.elf elf32-littlearm)
LOAD linker stubs
LOAD /opt/homebrew/Cellar/arm-none-eabi-gcc/10.3-2021.07/gcc/bin/../lib/gcc/arm-none-eabi/10.3.1/../../../../arm-none-eabi/lib/thumb/v7e-m/nofp/libc.a
LOAD /opt/homebrew/Cellar/arm-none-eabi-gcc/10.3-2021.07/gcc/bin/../lib/gcc/arm-none-eabi/10.3.1/../../../../arm-none-eabi/lib/thumb/v7e-m/nofp/libm.a
LOAD /opt/homebrew/Cellar/arm-none-eabi-gcc/10.3-2021.07/gcc/bin/../lib/gcc/arm-none-eabi/10.3.1/thumb/v7e-m/nofp/libgcc.a

.debug_info     0x0000000000000000    0x189cd
 .debug_info    0x0000000000000000      0x4c8 CMakeFiles/STM32F401-t1.elf.dir/Core/Src/dma.c.obj
 .debug_info    0x00000000000004c8      0x4a3 CMakeFiles/STM32F401-t1.elf.dir/Core/Src/gpio.c.obj
 .debug_info    0x000000000000096b      0xa84 CMakeFiles/STM32F401-t1.elf.dir/Core/Src/i2c.c.obj
 .debug_info    0x00000000000013ef     0x1502 CMakeFiles/STM32F401-t1.elf.dir/Core/Src/main.c.obj
 .debug_info    0x00000000000028f1      0xad4 CMakeFiles/STM32F401-t1.elf.dir/Core/Src/spi.c.obj
 .debug_info    0x00000000000033c5      0x2d0 CMakeFiles/STM32F401-t1.elf.dir/Core/Src/stm32f4xx_hal_msp.c.obj
 .debug_info    0x0000000000003695      0x420 CMakeFiles/STM32F401-t1.elf.dir/Core/Src/stm32f4xx_it.c.obj
 .debug_info    0x0000000000003ab5      0x7af CMakeFiles/STM32F401-t1.elf.dir/Core/Src/syscalls.c.obj
 .debug_info    0x0000000000004264      0x174 CMakeFiles/STM32F401-t1.elf.dir/Core/Src/sysmem.c.obj
 .debug_info    0x00000000000043d8      0x3a9 CMakeFiles/STM32F401-t1.elf.dir/Core/Src/system_stm32f4xx.c.obj
 .debug_info    0x0000000000004781      0xdda CMakeFiles/STM32F401-t1.elf.dir/Core/Src/tim.c.obj
 .debug_info    0x000000000000555b      0xa59 CMakeFiles/STM32F401-t1.elf.dir/Core/Src/usart.c.obj
 .debug_info    0x0000000000005fb4       0x22 CMakeFiles/STM32F401-t1.elf.dir/Core/Startup/startup_stm32f401rctx.s.obj
 .debug_info    0x0000000000005fd6      0x97a CMakeFiles/STM32F401-t1.elf.dir/Drivers/STM32F4xx_HAL_Driver/Src/stm32f4xx_hal.c.obj
 .debug_info    0x0000000000006950     0x1002 CMakeFiles/STM32F401-t1.elf.dir/Drivers/STM32F4xx_HAL_Driver/Src/stm32f4xx_hal_cortex.c.obj
 .debug_info    0x0000000000007952      0xb37 CMakeFiles/STM32F401-t1.elf.dir/Drivers/STM32F4xx_HAL_Driver/Src/stm32f4xx_hal_dma.c.obj
 .debug_info    0x0000000000008489      0x7d4 CMakeFiles/STM32F401-t1.elf.dir/Drivers/STM32F4xx_HAL_Driver/Src/stm32f4xx_hal_gpio.c.obj
 .debug_info    0x0000000000008c5d     0x394a CMakeFiles/STM32F401-t1.elf.dir/Drivers/STM32F4xx_HAL_Driver/Src/stm32f4xx_hal_i2c.c.obj
 .debug_info    0x000000000000c5a7      0xb29 CMakeFiles/STM32F401-t1.elf.dir/Drivers/STM32F4xx_HAL_Driver/Src/stm32f4xx_hal_rcc.c.obj
 .debug_info    0x000000000000d0d0     0x1e8e CMakeFiles/STM32F401-t1.elf.dir/Drivers/STM32F4xx_HAL_Driver/Src/stm32f4xx_hal_spi.c.obj
 .debug_info    0x000000000000ef5e     0x3d53 CMakeFiles/STM32F401-t1.elf.dir/Drivers/STM32F4xx_HAL_Driver/Src/stm32f4xx_hal_tim.c.obj
 .debug_info    0x0000000000012cb1     0x1ad6 CMakeFiles/STM32F401-t1.elf.dir/Drivers/STM32F4xx_HAL_Driver/Src/stm32f4xx_hal_tim_ex.c.obj
 .debug_info    0x0000000000014787     0x4246 CMakeFiles/STM32F401-t1.elf.dir/Drivers/STM32F4xx_HAL_Driver/Src/stm32f4xx_hal_uart.c.obj

.debug_abbrev   0x0000000000000000     0x2c04
 .debug_abbrev  0x0000000000000000      0x126 CMakeFiles/STM32F401-t1.elf.dir/Core/Src/dma.c.obj
 .debug_abbrev  0x0000000000000126      0x14e CMakeFiles/STM32F401-t1.elf.dir/Core/Src/gpio.c.obj
 .debug_abbrev  0x0000000000000274      0x1d3 CMakeFiles/STM32F401-t1.elf.dir/Core/Src/i2c.c.obj
 .debug_abbrev  0x0000000000000447      0x2f1 CMakeFiles/STM32F401-t1.elf.dir/Core/Src/main.c.obj
 .debug_abbrev  0x0000000000000738      0x1db CMakeFiles/STM32F401-t1.elf.dir/Core/Src/spi.c.obj
 .debug_abbrev  0x0000000000000913       0xd1 CMakeFiles/STM32F401-t1.elf.dir/Core/Src/stm32f4xx_hal_msp.c.obj
 .debug_abbrev  0x00000000000009e4      0x138 CMakeFiles/STM32F401-t1.elf.dir/Core/Src/stm32f4xx_it.c.obj
 .debug_abbrev  0x0000000000000b1c      0x1a3 CMakeFiles/STM32F401-t1.elf.dir/Core/Src/syscalls.c.obj
 .debug_abbrev  0x0000000000000cbf       0xe7 CMakeFiles/STM32F401-t1.elf.dir/Core/Src/sysmem.c.obj
 .debug_abbrev  0x0000000000000da6      0x119 CMakeFiles/STM32F401-t1.elf.dir/Core/Src/system_stm32f4xx.c.obj
 .debug_abbrev  0x0000000000000ebf      0x211 CMakeFiles/STM32F401-t1.elf.dir/Core/Src/tim.c.obj
 .debug_abbrev  0x00000000000010d0      0x20c CMakeFiles/STM32F401-t1.elf.dir/Core/Src/usart.c.obj
 .debug_abbrev  0x00000000000012dc       0x12 CMakeFiles/STM32F401-t1.elf.dir/Core/Startup/startup_stm32f401rctx.s.obj
 .debug_abbrev  0x00000000000012ee      0x237 CMakeFiles/STM32F401-t1.elf.dir/Drivers/STM32F4xx_HAL_Driver/Src/stm32f4xx_hal.c.obj
 .debug_abbrev  0x0000000000001525      0x36a CMakeFiles/STM32F401-t1.elf.dir/Drivers/STM32F4xx_HAL_Driver/Src/stm32f4xx_hal_cortex.c.obj
 .debug_abbrev  0x000000000000188f      0x282 CMakeFiles/STM32F401-t1.elf.dir/Drivers/STM32F4xx_HAL_Driver/Src/stm32f4xx_hal_dma.c.obj
 .debug_abbrev  0x0000000000001b11      0x1ef CMakeFiles/STM32F401-t1.elf.dir/Drivers/STM32F4xx_HAL_Driver/Src/stm32f4xx_hal_gpio.c.obj
 .debug_abbrev  0x0000000000001d00      0x290 CMakeFiles/STM32F401-t1.elf.dir/Drivers/STM32F4xx_HAL_Driver/Src/stm32f4xx_hal_i2c.c.obj
 .debug_abbrev  0x0000000000001f90      0x28a CMakeFiles/STM32F401-t1.elf.dir/Drivers/STM32F4xx_HAL_Driver/Src/stm32f4xx_hal_rcc.c.obj
 .debug_abbrev  0x000000000000221a      0x24e CMakeFiles/STM32F401-t1.elf.dir/Drivers/STM32F4xx_HAL_Driver/Src/stm32f4xx_hal_spi.c.obj
 .debug_abbrev  0x0000000000002468      0x23c CMakeFiles/STM32F401-t1.elf.dir/Drivers/STM32F4xx_HAL_Driver/Src/stm32f4xx_hal_tim.c.obj
 .debug_abbrev  0x00000000000026a4      0x252 CMakeFiles/STM32F401-t1.elf.dir/Drivers/STM32F4xx_HAL_Driver/Src/stm32f4xx_hal_tim_ex.c.obj
 .debug_abbrev  0x00000000000028f6      0x30e CMakeFiles/STM32F401-t1.elf.dir/Drivers/STM32F4xx_HAL_Driver/Src/stm32f4xx_hal_uart.c.obj

.debug_aranges  0x0000000000000000     0x11a8
 .debug_aranges
                0x0000000000000000       0x20 CMakeFiles/STM32F401-t1.elf.dir/Core/Src/dma.c.obj
 .debug_aranges
                0x0000000000000020       0x20 CMakeFiles/STM32F401-t1.elf.dir/Core/Src/gpio.c.obj
 .debug_aranges
                0x0000000000000040       0x30 CMakeFiles/STM32F401-t1.elf.dir/Core/Src/i2c.c.obj
 .debug_aranges
                0x0000000000000070       0x40 CMakeFiles/STM32F401-t1.elf.dir/Core/Src/main.c.obj
 .debug_aranges
                0x00000000000000b0       0x30 CMakeFiles/STM32F401-t1.elf.dir/Core/Src/spi.c.obj
 .debug_aranges
                0x00000000000000e0       0x20 CMakeFiles/STM32F401-t1.elf.dir/Core/Src/stm32f4xx_hal_msp.c.obj
 .debug_aranges
                0x0000000000000100       0x70 CMakeFiles/STM32F401-t1.elf.dir/Core/Src/stm32f4xx_it.c.obj
 .debug_aranges
                0x0000000000000170       0xa8 CMakeFiles/STM32F401-t1.elf.dir/Core/Src/syscalls.c.obj
 .debug_aranges
                0x0000000000000218       0x20 CMakeFiles/STM32F401-t1.elf.dir/Core/Src/sysmem.c.obj
 .debug_aranges
                0x0000000000000238       0x28 CMakeFiles/STM32F401-t1.elf.dir/Core/Src/system_stm32f4xx.c.obj
 .debug_aranges
                0x0000000000000260       0x38 CMakeFiles/STM32F401-t1.elf.dir/Core/Src/tim.c.obj
 .debug_aranges
                0x0000000000000298       0x38 CMakeFiles/STM32F401-t1.elf.dir/Core/Src/usart.c.obj
 .debug_aranges
                0x00000000000002d0       0x28 CMakeFiles/STM32F401-t1.elf.dir/Core/Startup/startup_stm32f401rctx.s.obj
 .debug_aranges
                0x00000000000002f8       0xf0 CMakeFiles/STM32F401-t1.elf.dir/Drivers/STM32F4xx_HAL_Driver/Src/stm32f4xx_hal.c.obj
 .debug_aranges
                0x00000000000003e8       0xa8 CMakeFiles/STM32F401-t1.elf.dir/Drivers/STM32F4xx_HAL_Driver/Src/stm32f4xx_hal_cortex.c.obj
 .debug_aranges
                0x0000000000000490       0x90 CMakeFiles/STM32F401-t1.elf.dir/Drivers/STM32F4xx_HAL_Driver/Src/stm32f4xx_hal_dma.c.obj
 .debug_aranges
                0x0000000000000520       0x58 CMakeFiles/STM32F401-t1.elf.dir/Drivers/STM32F4xx_HAL_Driver/Src/stm32f4xx_hal_gpio.c.obj
 .debug_aranges
                0x0000000000000578      0x2a0 CMakeFiles/STM32F401-t1.elf.dir/Drivers/STM32F4xx_HAL_Driver/Src/stm32f4xx_hal_i2c.c.obj
 .debug_aranges
                0x0000000000000818       0x88 CMakeFiles/STM32F401-t1.elf.dir/Drivers/STM32F4xx_HAL_Driver/Src/stm32f4xx_hal_rcc.c.obj
 .debug_aranges
                0x00000000000008a0      0x1d0 CMakeFiles/STM32F401-t1.elf.dir/Drivers/STM32F4xx_HAL_Driver/Src/stm32f4xx_hal_spi.c.obj
 .debug_aranges
                0x0000000000000a70      0x3d0 CMakeFiles/STM32F401-t1.elf.dir/Drivers/STM32F4xx_HAL_Driver/Src/stm32f4xx_hal_tim.c.obj
 .debug_aranges
                0x0000000000000e40      0x168 CMakeFiles/STM32F401-t1.elf.dir/Drivers/STM32F4xx_HAL_Driver/Src/stm32f4xx_hal_tim_ex.c.obj
 .debug_aranges
                0x0000000000000fa8      0x200 CMakeFiles/STM32F401-t1.elf.dir/Drivers/STM32F4xx_HAL_Driver/Src/stm32f4xx_hal_uart.c.obj

.debug_ranges   0x0000000000000000     0x10e8
 .debug_ranges  0x0000000000000000       0x10 CMakeFiles/STM32F401-t1.elf.dir/Core/Src/dma.c.obj
 .debug_ranges  0x0000000000000010       0x10 CMakeFiles/STM32F401-t1.elf.dir/Core/Src/gpio.c.obj
 .debug_ranges  0x0000000000000020       0x20 CMakeFiles/STM32F401-t1.elf.dir/Core/Src/i2c.c.obj
 .debug_ranges  0x0000000000000040       0x30 CMakeFiles/STM32F401-t1.elf.dir/Core/Src/main.c.obj
 .debug_ranges  0x0000000000000070       0x20 CMakeFiles/STM32F401-t1.elf.dir/Core/Src/spi.c.obj
 .debug_ranges  0x0000000000000090       0x10 CMakeFiles/STM32F401-t1.elf.dir/Core/Src/stm32f4xx_hal_msp.c.obj
 .debug_ranges  0x00000000000000a0       0x60 CMakeFiles/STM32F401-t1.elf.dir/Core/Src/stm32f4xx_it.c.obj
 .debug_ranges  0x0000000000000100       0x98 CMakeFiles/STM32F401-t1.elf.dir/Core/Src/syscalls.c.obj
 .debug_ranges  0x0000000000000198       0x10 CMakeFiles/STM32F401-t1.elf.dir/Core/Src/sysmem.c.obj
 .debug_ranges  0x00000000000001a8       0x18 CMakeFiles/STM32F401-t1.elf.dir/Core/Src/system_stm32f4xx.c.obj
 .debug_ranges  0x00000000000001c0       0x28 CMakeFiles/STM32F401-t1.elf.dir/Core/Src/tim.c.obj
 .debug_ranges  0x00000000000001e8       0x28 CMakeFiles/STM32F401-t1.elf.dir/Core/Src/usart.c.obj
 .debug_ranges  0x0000000000000210       0x20 CMakeFiles/STM32F401-t1.elf.dir/Core/Startup/startup_stm32f401rctx.s.obj
 .debug_ranges  0x0000000000000230       0xe0 CMakeFiles/STM32F401-t1.elf.dir/Drivers/STM32F4xx_HAL_Driver/Src/stm32f4xx_hal.c.obj
 .debug_ranges  0x0000000000000310       0xf8 CMakeFiles/STM32F401-t1.elf.dir/Drivers/STM32F4xx_HAL_Driver/Src/stm32f4xx_hal_cortex.c.obj
 .debug_ranges  0x0000000000000408       0x80 CMakeFiles/STM32F401-t1.elf.dir/Drivers/STM32F4xx_HAL_Driver/Src/stm32f4xx_hal_dma.c.obj
 .debug_ranges  0x0000000000000488       0x48 CMakeFiles/STM32F401-t1.elf.dir/Drivers/STM32F4xx_HAL_Driver/Src/stm32f4xx_hal_gpio.c.obj
 .debug_ranges  0x00000000000004d0      0x2a8 CMakeFiles/STM32F401-t1.elf.dir/Drivers/STM32F4xx_HAL_Driver/Src/stm32f4xx_hal_i2c.c.obj
 .debug_ranges  0x0000000000000778       0x90 CMakeFiles/STM32F401-t1.elf.dir/Drivers/STM32F4xx_HAL_Driver/Src/stm32f4xx_hal_rcc.c.obj
 .debug_ranges  0x0000000000000808      0x1c0 CMakeFiles/STM32F401-t1.elf.dir/Drivers/STM32F4xx_HAL_Driver/Src/stm32f4xx_hal_spi.c.obj
 .debug_ranges  0x00000000000009c8      0x3c0 CMakeFiles/STM32F401-t1.elf.dir/Drivers/STM32F4xx_HAL_Driver/Src/stm32f4xx_hal_tim.c.obj
 .debug_ranges  0x0000000000000d88      0x158 CMakeFiles/STM32F401-t1.elf.dir/Drivers/STM32F4xx_HAL_Driver/Src/stm32f4xx_hal_tim_ex.c.obj
 .debug_ranges  0x0000000000000ee0      0x208 CMakeFiles/STM32F401-t1.elf.dir/Drivers/STM32F4xx_HAL_Driver/Src/stm32f4xx_hal_uart.c.obj

.debug_line     0x0000000000000000    0x181df
 .debug_line    0x0000000000000000      0x22b CMakeFiles/STM32F401-t1.elf.dir/Core/Src/dma.c.obj
 .debug_line    0x000000000000022b      0x262 CMakeFiles/STM32F401-t1.elf.dir/Core/Src/gpio.c.obj
 .debug_line    0x000000000000048d      0x3a0 CMakeFiles/STM32F401-t1.elf.dir/Core/Src/i2c.c.obj
 .debug_line    0x000000000000082d      0x5a8 CMakeFiles/STM32F401-t1.elf.dir/Core/Src/main.c.obj
 .debug_line    0x0000000000000dd5      0x483 CMakeFiles/STM32F401-t1.elf.dir/Core/Src/spi.c.obj
 .debug_line    0x0000000000001258      0x1cd CMakeFiles/STM32F401-t1.elf.dir/Core/Src/stm32f4xx_hal_msp.c.obj
 .debug_line    0x0000000000001425      0x377 CMakeFiles/STM32F401-t1.elf.dir/Core/Src/stm32f4xx_it.c.obj
 .debug_line    0x000000000000179c      0x440 CMakeFiles/STM32F401-t1.elf.dir/Core/Src/syscalls.c.obj
 .debug_line    0x0000000000001bdc      0x205 CMakeFiles/STM32F401-t1.elf.dir/Core/Src/sysmem.c.obj
 .debug_line    0x0000000000001de1      0x295 CMakeFiles/STM32F401-t1.elf.dir/Core/Src/system_stm32f4xx.c.obj
 .debug_line    0x0000000000002076      0x4b2 CMakeFiles/STM32F401-t1.elf.dir/Core/Src/tim.c.obj
 .debug_line    0x0000000000002528      0x3bf CMakeFiles/STM32F401-t1.elf.dir/Core/Src/usart.c.obj
 .debug_line    0x00000000000028e7       0xb9 CMakeFiles/STM32F401-t1.elf.dir/Core/Startup/startup_stm32f401rctx.s.obj
 .debug_line    0x00000000000029a0      0x63f CMakeFiles/STM32F401-t1.elf.dir/Drivers/STM32F4xx_HAL_Driver/Src/stm32f4xx_hal.c.obj
 .debug_line    0x0000000000002fdf      0x852 CMakeFiles/STM32F401-t1.elf.dir/Drivers/STM32F4xx_HAL_Driver/Src/stm32f4xx_hal_cortex.c.obj
 .debug_line    0x0000000000003831      0xecb CMakeFiles/STM32F401-t1.elf.dir/Drivers/STM32F4xx_HAL_Driver/Src/stm32f4xx_hal_dma.c.obj
 .debug_line    0x00000000000046fc      0x769 CMakeFiles/STM32F401-t1.elf.dir/Drivers/STM32F4xx_HAL_Driver/Src/stm32f4xx_hal_gpio.c.obj
 .debug_line    0x0000000000004e65     0x5409 CMakeFiles/STM32F401-t1.elf.dir/Drivers/STM32F4xx_HAL_Driver/Src/stm32f4xx_hal_i2c.c.obj
 .debug_line    0x000000000000a26e      0xbb5 CMakeFiles/STM32F401-t1.elf.dir/Drivers/STM32F4xx_HAL_Driver/Src/stm32f4xx_hal_rcc.c.obj
 .debug_line    0x000000000000ae23     0x258f CMakeFiles/STM32F401-t1.elf.dir/Drivers/STM32F4xx_HAL_Driver/Src/stm32f4xx_hal_spi.c.obj
 .debug_line    0x000000000000d3b2     0x4a5d CMakeFiles/STM32F401-t1.elf.dir/Drivers/STM32F4xx_HAL_Driver/Src/stm32f4xx_hal_tim.c.obj
 .debug_line    0x0000000000011e0f     0x1d08 CMakeFiles/STM32F401-t1.elf.dir/Drivers/STM32F4xx_HAL_Driver/Src/stm32f4xx_hal_tim_ex.c.obj
 .debug_line    0x0000000000013b17     0x46c8 CMakeFiles/STM32F401-t1.elf.dir/Drivers/STM32F4xx_HAL_Driver/Src/stm32f4xx_hal_uart.c.obj

.debug_str      0x0000000000000000     0x573d
 .debug_str     0x0000000000000000      0x685 CMakeFiles/STM32F401-t1.elf.dir/Core/Src/dma.c.obj
                                        0x6c7 (size before relaxing)
 .debug_str     0x0000000000000685       0xfa CMakeFiles/STM32F401-t1.elf.dir/Core/Src/gpio.c.obj
                                        0x3d2 (size before relaxing)
 .debug_str     0x000000000000077f      0x551 CMakeFiles/STM32F401-t1.elf.dir/Core/Src/i2c.c.obj
                                        0x903 (size before relaxing)
 .debug_str     0x0000000000000cd0      0x7a7 CMakeFiles/STM32F401-t1.elf.dir/Core/Src/main.c.obj
                                        0xda9 (size before relaxing)
 .debug_str     0x0000000000001477      0x228 CMakeFiles/STM32F401-t1.elf.dir/Core/Src/spi.c.obj
                                        0x891 (size before relaxing)
 .debug_str     0x000000000000169f       0x5d CMakeFiles/STM32F401-t1.elf.dir/Core/Src/stm32f4xx_hal_msp.c.obj
                                        0x321 (size before relaxing)
 .debug_str     0x00000000000016fc      0x12b CMakeFiles/STM32F401-t1.elf.dir/Core/Src/stm32f4xx_it.c.obj
                                        0x540 (size before relaxing)
 .debug_str     0x0000000000001827      0x230 CMakeFiles/STM32F401-t1.elf.dir/Core/Src/syscalls.c.obj
                                        0x44d (size before relaxing)
 .debug_str     0x0000000000001a57       0xa6 CMakeFiles/STM32F401-t1.elf.dir/Core/Src/sysmem.c.obj
                                        0x279 (size before relaxing)
 .debug_str     0x0000000000001afd       0xb8 CMakeFiles/STM32F401-t1.elf.dir/Core/Src/system_stm32f4xx.c.obj
                                        0x387 (size before relaxing)
 .debug_str     0x0000000000001bb5      0x575 CMakeFiles/STM32F401-t1.elf.dir/Core/Src/tim.c.obj
                                        0xbc2 (size before relaxing)
 .debug_str     0x000000000000212a       0x82 CMakeFiles/STM32F401-t1.elf.dir/Core/Src/usart.c.obj
                                        0x886 (size before relaxing)
 .debug_str     0x00000000000021ac       0x67 CMakeFiles/STM32F401-t1.elf.dir/Core/Startup/startup_stm32f401rctx.s.obj
                                         0xad (size before relaxing)
 .debug_str     0x0000000000002213      0x383 CMakeFiles/STM32F401-t1.elf.dir/Drivers/STM32F4xx_HAL_Driver/Src/stm32f4xx_hal.c.obj
                                        0xa5e (size before relaxing)
 .debug_str     0x0000000000002596      0x4d0 CMakeFiles/STM32F401-t1.elf.dir/Drivers/STM32F4xx_HAL_Driver/Src/stm32f4xx_hal_cortex.c.obj
                                        0xb1e (size before relaxing)
 .debug_str     0x0000000000002a66      0x308 CMakeFiles/STM32F401-t1.elf.dir/Drivers/STM32F4xx_HAL_Driver/Src/stm32f4xx_hal_dma.c.obj
                                        0x7ca (size before relaxing)
 .debug_str     0x0000000000002d6e      0x154 CMakeFiles/STM32F401-t1.elf.dir/Drivers/STM32F4xx_HAL_Driver/Src/stm32f4xx_hal_gpio.c.obj
                                        0x546 (size before relaxing)
 .debug_str     0x0000000000002ec2      0x8e0 CMakeFiles/STM32F401-t1.elf.dir/Drivers/STM32F4xx_HAL_Driver/Src/stm32f4xx_hal_i2c.c.obj
                                       0x1089 (size before relaxing)
 .debug_str     0x00000000000037a2      0x1b5 CMakeFiles/STM32F401-t1.elf.dir/Drivers/STM32F4xx_HAL_Driver/Src/stm32f4xx_hal_rcc.c.obj
                                        0x76c (size before relaxing)
 .debug_str     0x0000000000003957      0x549 CMakeFiles/STM32F401-t1.elf.dir/Drivers/STM32F4xx_HAL_Driver/Src/stm32f4xx_hal_spi.c.obj
                                        0xc4e (size before relaxing)
 .debug_str     0x0000000000003ea0      0xdff CMakeFiles/STM32F401-t1.elf.dir/Drivers/STM32F4xx_HAL_Driver/Src/stm32f4xx_hal_tim.c.obj
                                       0x170d (size before relaxing)
 .debug_str     0x0000000000004c9f      0x4a3 CMakeFiles/STM32F401-t1.elf.dir/Drivers/STM32F4xx_HAL_Driver/Src/stm32f4xx_hal_tim_ex.c.obj
                                        0xf0e (size before relaxing)
 .debug_str     0x0000000000005142      0x5fb CMakeFiles/STM32F401-t1.elf.dir/Drivers/STM32F4xx_HAL_Driver/Src/stm32f4xx_hal_uart.c.obj
                                        0xdad (size before relaxing)

.comment        0x0000000000000000       0x49
 .comment       0x0000000000000000       0x49 CMakeFiles/STM32F401-t1.elf.dir/Core/Src/dma.c.obj
                                         0x4a (size before relaxing)
 .comment       0x0000000000000049       0x4a CMakeFiles/STM32F401-t1.elf.dir/Core/Src/gpio.c.obj
 .comment       0x0000000000000049       0x4a CMakeFiles/STM32F401-t1.elf.dir/Core/Src/i2c.c.obj
 .comment       0x0000000000000049       0x4a CMakeFiles/STM32F401-t1.elf.dir/Core/Src/main.c.obj
 .comment       0x0000000000000049       0x4a CMakeFiles/STM32F401-t1.elf.dir/Core/Src/spi.c.obj
 .comment       0x0000000000000049       0x4a CMakeFiles/STM32F401-t1.elf.dir/Core/Src/stm32f4xx_hal_msp.c.obj
 .comment       0x0000000000000049       0x4a CMakeFiles/STM32F401-t1.elf.dir/Core/Src/stm32f4xx_it.c.obj
 .comment       0x0000000000000049       0x4a CMakeFiles/STM32F401-t1.elf.dir/Core/Src/syscalls.c.obj
 .comment       0x0000000000000049       0x4a CMakeFiles/STM32F401-t1.elf.dir/Core/Src/sysmem.c.obj
 .comment       0x0000000000000049       0x4a CMakeFiles/STM32F401-t1.elf.dir/Core/Src/system_stm32f4xx.c.obj
 .comment       0x0000000000000049       0x4a CMakeFiles/STM32F401-t1.elf.dir/Core/Src/tim.c.obj
 .comment       0x0000000000000049       0x4a CMakeFiles/STM32F401-t1.elf.dir/Core/Src/usart.c.obj
 .comment       0x0000000000000049       0x4a CMakeFiles/STM32F401-t1.elf.dir/Drivers/STM32F4xx_HAL_Driver/Src/stm32f4xx_hal.c.obj
 .comment       0x0000000000000049       0x4a CMakeFiles/STM32F401-t1.elf.dir/Drivers/STM32F4xx_HAL_Driver/Src/stm32f4xx_hal_cortex.c.obj
 .comment       0x0000000000000049       0x4a CMakeFiles/STM32F401-t1.elf.dir/Drivers/STM32F4xx_HAL_Driver/Src/stm32f4xx_hal_dma.c.obj
 .comment       0x0000000000000049       0x4a CMakeFiles/STM32F401-t1.elf.dir/Drivers/STM32F4xx_HAL_Driver/Src/stm32f4xx_hal_gpio.c.obj
 .comment       0x0000000000000049       0x4a CMakeFiles/STM32F401-t1.elf.dir/Drivers/STM32F4xx_HAL_Driver/Src/stm32f4xx_hal_i2c.c.obj
 .comment       0x0000000000000049       0x4a CMakeFiles/STM32F401-t1.elf.dir/Drivers/STM32F4xx_HAL_Driver/Src/stm32f4xx_hal_rcc.c.obj
 .comment       0x0000000000000049       0x4a CMakeFiles/STM32F401-t1.elf.dir/Drivers/STM32F4xx_HAL_Driver/Src/stm32f4xx_hal_spi.c.obj
 .comment       0x0000000000000049       0x4a CMakeFiles/STM32F401-t1.elf.dir/Drivers/STM32F4xx_HAL_Driver/Src/stm32f4xx_hal_tim.c.obj
 .comment       0x0000000000000049       0x4a CMakeFiles/STM32F401-t1.elf.dir/Drivers/STM32F4xx_HAL_Driver/Src/stm32f4xx_hal_tim_ex.c.obj
 .comment       0x0000000000000049       0x4a CMakeFiles/STM32F401-t1.elf.dir/Drivers/STM32F4xx_HAL_Driver/Src/stm32f4xx_hal_uart.c.obj

.debug_frame    0x0000000000000000     0x3a60
 .debug_frame   0x0000000000000000       0x30 CMakeFiles/STM32F401-t1.elf.dir/Core/Src/dma.c.obj
 .debug_frame   0x0000000000000030       0x30 CMakeFiles/STM32F401-t1.elf.dir/Core/Src/gpio.c.obj
 .debug_frame   0x0000000000000060       0x64 CMakeFiles/STM32F401-t1.elf.dir/Core/Src/i2c.c.obj
 .debug_frame   0x00000000000000c4       0x94 CMakeFiles/STM32F401-t1.elf.dir/Core/Src/main.c.obj
 .debug_frame   0x0000000000000158       0x64 CMakeFiles/STM32F401-t1.elf.dir/Core/Src/spi.c.obj
 .debug_frame   0x00000000000001bc       0x28 CMakeFiles/STM32F401-t1.elf.dir/Core/Src/stm32f4xx_hal_msp.c.obj
 .debug_frame   0x00000000000001e4       0xd8 CMakeFiles/STM32F401-t1.elf.dir/Core/Src/stm32f4xx_it.c.obj
 .debug_frame   0x00000000000002bc      0x190 CMakeFiles/STM32F401-t1.elf.dir/Core/Src/syscalls.c.obj
 .debug_frame   0x000000000000044c       0x28 CMakeFiles/STM32F401-t1.elf.dir/Core/Src/sysmem.c.obj
 .debug_frame   0x0000000000000474       0x30 CMakeFiles/STM32F401-t1.elf.dir/Core/Src/system_stm32f4xx.c.obj
 .debug_frame   0x00000000000004a4       0x7c CMakeFiles/STM32F401-t1.elf.dir/Core/Src/tim.c.obj
 .debug_frame   0x0000000000000520       0x7c CMakeFiles/STM32F401-t1.elf.dir/Core/Src/usart.c.obj
 .debug_frame   0x000000000000059c      0x1ec CMakeFiles/STM32F401-t1.elf.dir/Drivers/STM32F4xx_HAL_Driver/Src/stm32f4xx_hal.c.obj
 .debug_frame   0x0000000000000788      0x148 CMakeFiles/STM32F401-t1.elf.dir/Drivers/STM32F4xx_HAL_Driver/Src/stm32f4xx_hal_cortex.c.obj
 .debug_frame   0x00000000000008d0      0x188 CMakeFiles/STM32F401-t1.elf.dir/Drivers/STM32F4xx_HAL_Driver/Src/stm32f4xx_hal_dma.c.obj
 .debug_frame   0x0000000000000a58       0xd8 CMakeFiles/STM32F401-t1.elf.dir/Drivers/STM32F4xx_HAL_Driver/Src/stm32f4xx_hal_gpio.c.obj
 .debug_frame   0x0000000000000b30      0x970 CMakeFiles/STM32F401-t1.elf.dir/Drivers/STM32F4xx_HAL_Driver/Src/stm32f4xx_hal_i2c.c.obj
 .debug_frame   0x00000000000014a0      0x16c CMakeFiles/STM32F401-t1.elf.dir/Drivers/STM32F4xx_HAL_Driver/Src/stm32f4xx_hal_rcc.c.obj
 .debug_frame   0x000000000000160c      0x5a4 CMakeFiles/STM32F401-t1.elf.dir/Drivers/STM32F4xx_HAL_Driver/Src/stm32f4xx_hal_spi.c.obj
 .debug_frame   0x0000000000001bb0      0xb18 CMakeFiles/STM32F401-t1.elf.dir/Drivers/STM32F4xx_HAL_Driver/Src/stm32f4xx_hal_tim.c.obj
 .debug_frame   0x00000000000026c8      0x40c CMakeFiles/STM32F401-t1.elf.dir/Drivers/STM32F4xx_HAL_Driver/Src/stm32f4xx_hal_tim_ex.c.obj
 .debug_frame   0x0000000000002ad4      0x5cc CMakeFiles/STM32F401-t1.elf.dir/Drivers/STM32F4xx_HAL_Driver/Src/stm32f4xx_hal_uart.c.obj
 .debug_frame   0x00000000000030a0       0x2c /opt/homebrew/Cellar/arm-none-eabi-gcc/10.3-2021.07/gcc/bin/../lib/gcc/arm-none-eabi/10.3.1/thumb/v7e-m/nofp/libgcc.a(_aeabi_uldivmod.o)
 .debug_frame   0x00000000000030cc       0x34 /opt/homebrew/Cellar/arm-none-eabi-gcc/10.3-2021.07/gcc/bin/../lib/gcc/arm-none-eabi/10.3.1/thumb/v7e-m/nofp/libgcc.a(_udivmoddi4.o)
 .debug_frame   0x0000000000003100       0x20 /opt/homebrew/Cellar/arm-none-eabi-gcc/10.3-2021.07/gcc/bin/../lib/gcc/arm-none-eabi/10.3.1/../../../../arm-none-eabi/lib/thumb/v7e-m/nofp/libg.a(lib_a-errno.o)
 .debug_frame   0x0000000000003120       0x70 /opt/homebrew/Cellar/arm-none-eabi-gcc/10.3-2021.07/gcc/bin/../lib/gcc/arm-none-eabi/10.3.1/../../../../arm-none-eabi/lib/thumb/v7e-m/nofp/libg.a(lib_a-fflush.o)
 .debug_frame   0x0000000000003190      0x154 /opt/homebrew/Cellar/arm-none-eabi-gcc/10.3-2021.07/gcc/bin/../lib/gcc/arm-none-eabi/10.3.1/../../../../arm-none-eabi/lib/thumb/v7e-m/nofp/libg.a(lib_a-findfp.o)
 .debug_frame   0x00000000000032e4       0x8c /opt/homebrew/Cellar/arm-none-eabi-gcc/10.3-2021.07/gcc/bin/../lib/gcc/arm-none-eabi/10.3.1/../../../../arm-none-eabi/lib/thumb/v7e-m/nofp/libg.a(lib_a-freer.o)
 .debug_frame   0x0000000000003370       0x54 /opt/homebrew/Cellar/arm-none-eabi-gcc/10.3-2021.07/gcc/bin/../lib/gcc/arm-none-eabi/10.3.1/../../../../arm-none-eabi/lib/thumb/v7e-m/nofp/libg.a(lib_a-fwalk.o)
 .debug_frame   0x00000000000033c4       0x2c /opt/homebrew/Cellar/arm-none-eabi-gcc/10.3-2021.07/gcc/bin/../lib/gcc/arm-none-eabi/10.3.1/../../../../arm-none-eabi/lib/thumb/v7e-m/nofp/libg.a(lib_a-init.o)
 .debug_frame   0x00000000000033f0       0xb0 /opt/homebrew/Cellar/arm-none-eabi-gcc/10.3-2021.07/gcc/bin/../lib/gcc/arm-none-eabi/10.3.1/../../../../arm-none-eabi/lib/thumb/v7e-m/nofp/libg.a(lib_a-lock.o)
 .debug_frame   0x00000000000034a0       0x4c /opt/homebrew/Cellar/arm-none-eabi-gcc/10.3-2021.07/gcc/bin/../lib/gcc/arm-none-eabi/10.3.1/../../../../arm-none-eabi/lib/thumb/v7e-m/nofp/libg.a(lib_a-mallocr.o)
 .debug_frame   0x00000000000034ec       0x2c /opt/homebrew/Cellar/arm-none-eabi-gcc/10.3-2021.07/gcc/bin/../lib/gcc/arm-none-eabi/10.3.1/../../../../arm-none-eabi/lib/thumb/v7e-m/nofp/libg.a(lib_a-memset.o)
 .debug_frame   0x0000000000003518       0x30 /opt/homebrew/Cellar/arm-none-eabi-gcc/10.3-2021.07/gcc/bin/../lib/gcc/arm-none-eabi/10.3.1/../../../../arm-none-eabi/lib/thumb/v7e-m/nofp/libg.a(lib_a-mlock.o)
 .debug_frame   0x0000000000003548       0x4c /opt/homebrew/Cellar/arm-none-eabi-gcc/10.3-2021.07/gcc/bin/../lib/gcc/arm-none-eabi/10.3.1/../../../../arm-none-eabi/lib/thumb/v7e-m/nofp/libg.a(lib_a-puts.o)
 .debug_frame   0x0000000000003594       0x2c /opt/homebrew/Cellar/arm-none-eabi-gcc/10.3-2021.07/gcc/bin/../lib/gcc/arm-none-eabi/10.3.1/../../../../arm-none-eabi/lib/thumb/v7e-m/nofp/libg.a(lib_a-sbrkr.o)
 .debug_frame   0x00000000000035c0       0x8c /opt/homebrew/Cellar/arm-none-eabi-gcc/10.3-2021.07/gcc/bin/../lib/gcc/arm-none-eabi/10.3.1/../../../../arm-none-eabi/lib/thumb/v7e-m/nofp/libg.a(lib_a-stdio.o)
 .debug_frame   0x000000000000364c       0x2c /opt/homebrew/Cellar/arm-none-eabi-gcc/10.3-2021.07/gcc/bin/../lib/gcc/arm-none-eabi/10.3.1/../../../../arm-none-eabi/lib/thumb/v7e-m/nofp/libg.a(lib_a-writer.o)
 .debug_frame   0x0000000000003678       0x2c /opt/homebrew/Cellar/arm-none-eabi-gcc/10.3-2021.07/gcc/bin/../lib/gcc/arm-none-eabi/10.3.1/../../../../arm-none-eabi/lib/thumb/v7e-m/nofp/libg.a(lib_a-wsetup.o)
 .debug_frame   0x00000000000036a4       0x5c /opt/homebrew/Cellar/arm-none-eabi-gcc/10.3-2021.07/gcc/bin/../lib/gcc/arm-none-eabi/10.3.1/../../../../arm-none-eabi/lib/thumb/v7e-m/nofp/libg.a(lib_a-__call_atexit.o)
 .debug_frame   0x0000000000003700       0x20 /opt/homebrew/Cellar/arm-none-eabi-gcc/10.3-2021.07/gcc/bin/../lib/gcc/arm-none-eabi/10.3.1/../../../../arm-none-eabi/lib/thumb/v7e-m/nofp/libg.a(lib_a-atexit.o)
 .debug_frame   0x0000000000003720       0x2c /opt/homebrew/Cellar/arm-none-eabi-gcc/10.3-2021.07/gcc/bin/../lib/gcc/arm-none-eabi/10.3.1/../../../../arm-none-eabi/lib/thumb/v7e-m/nofp/libg.a(lib_a-closer.o)
 .debug_frame   0x000000000000374c       0x3c /opt/homebrew/Cellar/arm-none-eabi-gcc/10.3-2021.07/gcc/bin/../lib/gcc/arm-none-eabi/10.3.1/../../../../arm-none-eabi/lib/thumb/v7e-m/nofp/libg.a(lib_a-fclose.o)
 .debug_frame   0x0000000000003788       0x34 /opt/homebrew/Cellar/arm-none-eabi-gcc/10.3-2021.07/gcc/bin/../lib/gcc/arm-none-eabi/10.3.1/../../../../arm-none-eabi/lib/thumb/v7e-m/nofp/libg.a(lib_a-fini.o)
 .debug_frame   0x00000000000037bc       0x64 /opt/homebrew/Cellar/arm-none-eabi-gcc/10.3-2021.07/gcc/bin/../lib/gcc/arm-none-eabi/10.3.1/../../../../arm-none-eabi/lib/thumb/v7e-m/nofp/libg.a(lib_a-fvwrite.o)
 .debug_frame   0x0000000000003820       0x2c /opt/homebrew/Cellar/arm-none-eabi-gcc/10.3-2021.07/gcc/bin/../lib/gcc/arm-none-eabi/10.3.1/../../../../arm-none-eabi/lib/thumb/v7e-m/nofp/libg.a(lib_a-lseekr.o)
 .debug_frame   0x000000000000384c       0x70 /opt/homebrew/Cellar/arm-none-eabi-gcc/10.3-2021.07/gcc/bin/../lib/gcc/arm-none-eabi/10.3.1/../../../../arm-none-eabi/lib/thumb/v7e-m/nofp/libg.a(lib_a-makebuf.o)
 .debug_frame   0x00000000000038bc       0x40 /opt/homebrew/Cellar/arm-none-eabi-gcc/10.3-2021.07/gcc/bin/../lib/gcc/arm-none-eabi/10.3.1/../../../../arm-none-eabi/lib/thumb/v7e-m/nofp/libg.a(lib_a-memmove.o)
 .debug_frame   0x00000000000038fc       0x2c /opt/homebrew/Cellar/arm-none-eabi-gcc/10.3-2021.07/gcc/bin/../lib/gcc/arm-none-eabi/10.3.1/../../../../arm-none-eabi/lib/thumb/v7e-m/nofp/libg.a(lib_a-readr.o)