Archive member included to satisfy reference by file (symbol)

/opt/homebrew/Cellar/arm-none-eabi-gcc/10.3-2021.07/gcc/bin/../lib/gcc/arm-none-eabi/10.3.1/thumb/v7e-m/nofp/libgcc.a(_arm_mulsf3.o)
                              CMakeFiles/STM32F401-t1.elf.dir/Core/Src/main.c.obj (__aeabi_fmul)
/opt/homebrew/Cellar/arm-none-eabi-gcc/10.3-2021.07/gcc/bin/../lib/gcc/arm-none-eabi/10.3.1/thumb/v7e-m/nofp/libgcc.a(_arm_addsubdf3.o)
                              CMakeFiles/STM32F401-t1.elf.dir/Core/Src/main.c.obj (__aeabi_f2d)
/opt/homebrew/Cellar/arm-none-eabi-gcc/10.3-2021.07/gcc/bin/../lib/gcc/arm-none-eabi/10.3.1/thumb/v7e-m/nofp/libgcc.a(_arm_addsubsf3.o)
                              CMakeFiles/STM32F401-t1.elf.dir/Core/Src/main.c.obj (__aeabi_fsub)
/opt/homebrew/Cellar/arm-none-eabi-gcc/10.3-2021.07/gcc/bin/../lib/gcc/arm-none-eabi/10.3.1/thumb/v7e-m/nofp/libgcc.a(_arm_muldivsf3.o)
                              CMakeFiles/STM32F401-t1.elf.dir/Core/Src/main.c.obj (__aeabi_fdiv)
/opt/homebrew/Cellar/arm-none-eabi-gcc/10.3-2021.07/gcc/bin/../lib/gcc/arm-none-eabi/10.3.1/thumb/v7e-m/nofp/libgcc.a(_arm_fixsfsi.o)
                              CMakeFiles/STM32F401-t1.elf.dir/Core/Src/main.c.obj (__aeabi_f2iz)
/opt/homebrew/Cellar/arm-none-eabi-gcc/10.3-2021.07/gcc/bin/../lib/gcc/arm-none-eabi/10.3.1/thumb/v7e-m/nofp/libgcc.a(_aeabi_uldivmod.o)
                              CMakeFiles/STM32F401-t1.elf.dir/Drivers/STM32F4xx_HAL_Driver/Src/stm32f4xx_hal_rcc.c.obj (__aeabi_uldivmod)
/opt/homebrew/Cellar/arm-none-eabi-gcc/10.3-2021.07/gcc/bin/../lib/gcc/arm-none-eabi/10.3.1/thumb/v7e-m/nofp/libgcc.a(_udivmoddi4.o)
                              /opt/homebrew/Cellar/arm-none-eabi-gcc/10.3-2021.07/gcc/bin/../lib/gcc/arm-none-eabi/10.3.1/thumb/v7e-m/nofp/libgcc.a(_aeabi_uldivmod.o) (__udivmoddi4)
/opt/homebrew/Cellar/arm-none-eabi-gcc/10.3-2021.07/gcc/bin/../lib/gcc/arm-none-eabi/10.3.1/thumb/v7e-m/nofp/libgcc.a(_dvmd_tls.o)
                              /opt/homebrew/Cellar/arm-none-eabi-gcc/10.3-2021.07/gcc/bin/../lib/gcc/arm-none-eabi/10.3.1/thumb/v7e-m/nofp/libgcc.a(_aeabi_uldivmod.o) (__aeabi_ldiv0)
/opt/homebrew/Cellar/arm-none-eabi-gcc/10.3-2021.07/gcc/bin/../lib/gcc/arm-none-eabi/10.3.1/../../../../arm-none-eabi/lib/thumb/v7e-m/nofp/libg.a(lib_a-errno.o)
                              CMakeFiles/STM32F401-t1.elf.dir/Core/Src/syscalls.c.obj (__errno)
/opt/homebrew/Cellar/arm-none-eabi-gcc/10.3-2021.07/gcc/bin/../lib/gcc/arm-none-eabi/10.3.1/../../../../arm-none-eabi/lib/thumb/v7e-m/nofp/libg.a(lib_a-exit.o)
                              /opt/homebrew/Cellar/arm-none-eabi-gcc/10.3-2021.07/gcc/bin/../lib/gcc/arm-none-eabi/10.3.1/../../../../arm-none-eabi/lib/thumb/v7e-m/nofp/crt0.o (exit)
/opt/homebrew/Cellar/arm-none-eabi-gcc/10.3-2021.07/gcc/bin/../lib/gcc/arm-none-eabi/10.3.1/../../../../arm-none-eabi/lib/thumb/v7e-m/nofp/libg.a(lib_a-impure.o)
                              /opt/homebrew/Cellar/arm-none-eabi-gcc/10.3-2021.07/gcc/bin/../lib/gcc/arm-none-eabi/10.3.1/../../../../arm-none-eabi/lib/thumb/v7e-m/nofp/libg.a(lib_a-exit.o) (_global_impure_ptr)
/opt/homebrew/Cellar/arm-none-eabi-gcc/10.3-2021.07/gcc/bin/../lib/gcc/arm-none-eabi/10.3.1/../../../../arm-none-eabi/lib/thumb/v7e-m/nofp/libg.a(lib_a-init.o)
                              /opt/homebrew/Cellar/arm-none-eabi-gcc/10.3-2021.07/gcc/bin/../lib/gcc/arm-none-eabi/10.3.1/../../../../arm-none-eabi/lib/thumb/v7e-m/nofp/crt0.o (__libc_init_array)
/opt/homebrew/Cellar/arm-none-eabi-gcc/10.3-2021.07/gcc/bin/../lib/gcc/arm-none-eabi/10.3.1/../../../../arm-none-eabi/lib/thumb/v7e-m/nofp/libg.a(lib_a-memset.o)
                              /opt/homebrew/Cellar/arm-none-eabi-gcc/10.3-2021.07/gcc/bin/../lib/gcc/arm-none-eabi/10.3.1/../../../../arm-none-eabi/lib/thumb/v7e-m/nofp/crt0.o (memset)
/opt/homebrew/Cellar/arm-none-eabi-gcc/10.3-2021.07/gcc/bin/../lib/gcc/arm-none-eabi/10.3.1/../../../../arm-none-eabi/lib/thumb/v7e-m/nofp/libg.a(lib_a-snprintf.o)
                              CMakeFiles/STM32F401-t1.elf.dir/Core/Src/main.c.obj (snprintf)
/opt/homebrew/Cellar/arm-none-eabi-gcc/10.3-2021.07/gcc/bin/../lib/gcc/arm-none-eabi/10.3.1/../../../../arm-none-eabi/lib/thumb/v7e-m/nofp/libg.a(lib_a-svfprintf.o)
                              /opt/homebrew/Cellar/arm-none-eabi-gcc/10.3-2021.07/gcc/bin/../lib/gcc/arm-none-eabi/10.3.1/../../../../arm-none-eabi/lib/thumb/v7e-m/nofp/libg.a(lib_a-snprintf.o) (_svfprintf_r)
/opt/homebrew/Cellar/arm-none-eabi-gcc/10.3-2021.07/gcc/bin/../lib/gcc/arm-none-eabi/10.3.1/../../../../arm-none-eabi/lib/thumb/v7e-m/nofp/libg.a(lib_a-__call_atexit.o)
                              /opt/homebrew/Cellar/arm-none-eabi-gcc/10.3-2021.07/gcc/bin/../lib/gcc/arm-none-eabi/10.3.1/../../../../arm-none-eabi/lib/thumb/v7e-m/nofp/libg.a(lib_a-exit.o) (__call_exitprocs)
/opt/homebrew/Cellar/arm-none-eabi-gcc/10.3-2021.07/gcc/bin/../lib/gcc/arm-none-eabi/10.3.1/../../../../arm-none-eabi/lib/thumb/v7e-m/nofp/libg.a(lib_a-atexit.o)
[...]
Memory Configuration

Name             Origin             Length             Attributes
RAM              0x0000000020000000 0x0000000000010000 xrw
FLASH            0x0000000008000000 0x0000000000040000 xr
*default*        0x0000000000000000 0xffffffffffffffff

Linker script and memory map

LOAD /opt/homebrew/Cellar/arm-none-eabi-gcc/10.3-2021.07/gcc/bin/../lib/gcc/arm-none-eabi/10.3.1/thumb/v7e-m/nofp/crti.o
LOAD /opt/homebrew/Cellar/arm-none-eabi-gcc/10.3-2021.07/gcc/bin/../lib/gcc/arm-none-eabi/10.3.1/thumb/v7e-m/nofp/crtbegin.o
LOAD /opt/homebrew/Cellar/arm-none-eabi-gcc/10.3-2021.07/gcc/bin/../lib/gcc/arm-none-eabi/10.3.1/../../../../arm-none-eabi/lib/thumb/v7e-m/nofp/crt0.o
LOAD CMakeFiles/STM32F401-t1.elf.dir/Core/Src/FT6336/ft6336.c.obj
LOAD CMakeFiles/STM32F401-t1.elf.dir/Core/Src/ST7789/fonts.c.obj
LOAD CMakeFiles/STM32F401-t1.elf.dir/Core/Src/ST7789/st7789.c.obj
LOAD CMakeFiles/STM32F401-t1.elf.dir/Core/Src/adc.c.obj
LOAD CMakeFiles/STM32F401-t1.elf.dir/Core/Src/dma.c.obj
LOAD CMakeFiles/STM32F401-t1.elf.dir/Core/Src/gpio.c.obj
LOAD CMakeFiles/STM32F401-t1.elf.dir/Core/Src/i2c.c.obj
LOAD CMakeFiles/STM32F401-t1.elf.dir/Core/Src/main.c.obj
LOAD CMakeFiles/STM32F401-t1.elf.dir/Core/Src/spi.c.obj
LOAD CMakeFiles/STM32F401-t1.elf.dir/Core/Src/stm32f4xx_hal_msp.c.obj
LOAD CMakeFiles/STM32F401-t1.elf.dir/Core/Src/stm32f4xx_it.c.obj
LOAD CMakeFiles/STM32F401-t1.elf.dir/Core/Src/syscalls.c.obj
LOAD CMakeFiles/STM32F401-t1.elf.dir/Core/Src/sysmem.c.obj
LOAD CMakeFiles/STM32F401-t1.elf.dir/Core/Src/system_stm32f4xx.c.obj
LOAD CMakeFiles/STM32F401-t1.elf.dir/Core/Src/tim.c.obj
LOAD CMakeFiles/STM32F401-t1.elf.dir/Core/Src/usart.c.obj
LOAD CMakeFiles/STM32F401-t1.elf.dir/Core/Startup/startup_stm32f401rctx.s.obj
LOAD CMakeFiles/STM32F401-t1.elf.dir/Drivers/STM32F4xx_HAL_Driver/Src/stm32f4xx_hal.c.obj
LOAD CMakeFiles/STM32F401-t1.elf.dir/Drivers/STM32F4xx_HAL_Driver/Src/stm32f4xx_hal_adc.c.obj
LOAD CMakeFiles/STM32F401-t1.elf.dir/Drivers/STM32F4xx_HAL_Driver/Src/stm32f4xx_hal_adc_ex.c.obj
LOAD CMakeFiles/STM32F401-t1.elf.dir/Drivers/STM32F4xx_HAL_Driver/Src/stm32f4xx_hal_cortex.c.obj
LOAD CMakeFiles/STM32F401-t1.elf.dir/Drivers/STM32F4xx_HAL_Driver/Src/stm32f4xx_hal_dma.c.obj
LOAD CMakeFiles/STM32F401-t1.elf.dir/Drivers/STM32F4xx_HAL_Driver/Src/stm32f4xx_hal_dma_ex.c.obj
LOAD CMakeFiles/STM32F401-t1.elf.dir/Drivers/STM32F4xx_HAL_Driver/Src/stm32f4xx_hal_exti.c.obj
LOAD CMakeFiles/STM32F401-t1.elf.dir/Drivers/STM32F4xx_HAL_Driver/Src/stm32f4xx_hal_flash.c.obj
LOAD CMakeFiles/STM32F401-t1.elf.dir/Drivers/STM32F4xx_HAL_Driver/Src/stm32f4xx_hal_flash_ex.c.obj
LOAD CMakeFiles/STM32F401-t1.elf.dir/Drivers/STM32F4xx_HAL_Driver/Src/stm32f4xx_hal_flash_ramfunc.c.obj
LOAD CMakeFiles/STM32F401-t1.elf.dir/Drivers/STM32F4xx_HAL_Driver/Src/stm32f4xx_hal_gpio.c.obj
LOAD CMakeFiles/STM32F401-t1.elf.dir/Drivers/STM32F4xx_HAL_Driver/Src/stm32f4xx_hal_i2c.c.obj
LOAD CMakeFiles/STM32F401-t1.elf.dir/Drivers/STM32F4xx_HAL_Driver/Src/stm32f4xx_hal_i2c_ex.c.obj
LOAD CMakeFiles/STM32F401-t1.elf.dir/Drivers/STM32F4xx_HAL_Driver/Src/stm32f4xx_hal_pwr.c.obj
LOAD CMakeFiles/STM32F401-t1.elf.dir/Drivers/STM32F4xx_HAL_Driver/Src/stm32f4xx_hal_pwr_ex.c.obj
LOAD CMakeFiles/STM32F401-t1.elf.dir/Drivers/STM32F4xx_HAL_Driver/Src/stm32f4xx_hal_rcc.c.obj
LOAD CMakeFiles/STM32F401-t1.elf.dir/Drivers/STM32F4xx_HAL_Driver/Src/stm32f4xx_hal_rcc_ex.c.obj
LOAD CMakeFiles/STM32F401-t1.elf.dir/Drivers/STM32F4xx_HAL_Driver/Src/stm32f4xx_hal_spi.c.obj
LOAD CMakeFiles/STM32F401-t1.elf.dir/Drivers/STM32F4xx_HAL_Driver/Src/stm32f4xx_hal_tim.c.obj
LOAD CMakeFiles/STM32F401-t1.elf.dir/Drivers/STM32F4xx_HAL_Driver/Src/stm32f4xx_hal_tim_ex.c.obj
LOAD CMakeFiles/STM32F401-t1.elf.dir/Drivers/STM32F4xx_HAL_Driver/Src/stm32f4xx_hal_uart.c.obj
LOAD CMakeFiles/STM32F401-t1.elf.dir/Drivers/STM32F4xx_HAL_Driver/Src/stm32f4xx_ll_adc.c.obj
LOAD CMakeFiles/STM32F401-t1.elf.dir/FATFS/App/fatfs.c.obj
LOAD CMakeFiles/STM32F401-t1.elf.dir/FATFS/Target/user_diskio.c.obj
LOAD CMakeFiles/STM32F401-t1.elf.dir/Middlewares/Third_Party/FatFs/src/diskio.c.obj
LOAD CMakeFiles/STM32F401-t1.elf.dir/Middlewares/Third_Party/FatFs/src/ff.c.obj
LOAD CMakeFiles/STM32F401-t1.elf.dir/Middlewares/Third_Party/FatFs/src/ff_gen_drv.c.obj
LOAD CMakeFiles/STM32F401-t1.elf.dir/Middlewares/Third_Party/FatFs/src/option/syscall.c.obj
START GROUP
LOAD /opt/homebrew/Cellar/arm-none-eabi-gcc/10.3-2021.07/gcc/bin/../lib/gcc/arm-none-eabi/10.3.1/thumb/v7e-m/nofp/libgcc.a
LOAD /opt/homebrew/Cellar/arm-none-eabi-gcc/10.3-2021.07/gcc/bin/../lib/gcc/arm-none-eabi/10.3.1/../../../../arm-none-eabi/lib/thumb/v7e-m/nofp/libg.a
LOAD /opt/homebrew/Cellar/arm-none-eabi-gcc/10.3-2021.07/gcc/bin/../lib/gcc/arm-none-eabi/10.3.1/../../../../arm-none-eabi/lib/thumb/v7e-m/nofp/libc.a
END GROUP
LOAD /opt/homebrew/Cellar/arm-none-eabi-gcc/10.3-2021.07/gcc/bin/../lib/gcc/arm-none-eabi/10.3.1/thumb/v7e-m/nofp/crtend.o
LOAD /opt/homebrew/Cellar/arm-none-eabi-gcc/10.3-2021.07/gcc/bin/../lib/gcc/arm-none-eabi/10.3.1/thumb/v7e-m/nofp/crtn.o
                0x0000000020010000                _estack = (ORIGIN (RAM) + LENGTH (RAM))
                0x0000000000000200                _Min_Heap_Size = 0x200
                0x0000000000000400                _Min_Stack_Size = 0x400

.isr_vector     0x0000000008000000      0x194
                0x0000000008000000                . = ALIGN (0x4)
 *(.isr_vector)
 .isr_vector    0x0000000008000000      0x194 CMakeFiles/STM32F401-t1.elf.dir/Core/Startup/startup_stm32f401rctx.s.obj
                0x0000000008000000                g_pfnVectors
                0x0000000008000194                . = ALIGN (0x4)

.text           0x00000000080001c0     0xaa30
                0x00000000080001c0                . = ALIGN (0x4)
 *(.text)
 .text          0x00000000080001c0       0x40 /opt/homebrew/Cellar/arm-none-eabi-gcc/10.3-2021.07/gcc/bin/../lib/gcc/arm-none-eabi/10.3.1/thumb/v7e-m/nofp/crtbegin.o
 .text          0x0000000008000200      0x378 /opt/homebrew/Cellar/arm-none-eabi-gcc/10.3-2021.07/gcc/bin/../lib/gcc/arm-none-eabi/10.3.1/thumb/v7e-m/nofp/libgcc.a(_arm_addsubdf3.o)
                0x0000000008000200                __aeabi_drsub
                0x0000000008000208                __subdf3
                0x0000000008000208                __aeabi_dsub
                0x000000000800020c                __aeabi_dadd
                0x000000000800020c                __adddf3
                0x0000000008000484                __aeabi_ui2d
                0x0000000008000484                __floatunsidf
                0x00000000080004a4                __floatsidf
                0x00000000080004a4                __aeabi_i2d
                0x00000000080004c8                __extendsfdf2
                0x00000000080004c8                __aeabi_f2d
                0x000000000800050c                __aeabi_ul2d
                0x000000000800050c                __floatundidf
                0x000000000800051c                __aeabi_l2d
                0x000000000800051c                __floatdidf
 .text          0x0000000008000578      0x21c /opt/homebrew/Cellar/arm-none-eabi-gcc/10.3-2021.07/gcc/bin/../lib/gcc/arm-none-eabi/10.3.1/thumb/v7e-m/nofp/libgcc.a(_arm_addsubsf3.o)
                0x0000000008000578                __aeabi_frsub
                0x0000000008000580                __aeabi_fsub
                0x0000000008000580                __subsf3
                0x0000000008000584                __aeabi_fadd
                0x0000000008000584                __addsf3
                0x00000000080006e4                __aeabi_ui2f
                0x00000000080006e4                __floatunsisf
                0x00000000080006ec                __floatsisf
                0x00000000080006ec                __aeabi_i2f
                0x0000000008000708                __aeabi_ul2f
                0x0000000008000708                __floatundisf
                0x0000000008000718                __aeabi_l2f
                0x0000000008000718                __floatdisf
 .text          0x0000000008000794      0x2a0 /opt/homebrew/Cellar/arm-none-eabi-gcc/10.3-2021.07/gcc/bin/../lib/gcc/arm-none-eabi/10.3.1/thumb/v7e-m/nofp/libgcc.a(_arm_muldivsf3.o)
                0x0000000008000794                __mulsf3
                0x0000000008000794                __aeabi_fmul
                0x00000000080008fc                __divsf3
                0x00000000080008fc                __aeabi_fdiv
 .text          0x0000000008000a34       0x4c /opt/homebrew/Cellar/arm-none-eabi-gcc/10.3-2021.07/gcc/bin/../lib/gcc/arm-none-eabi/10.3.1/thumb/v7e-m/nofp/libgcc.a(_arm_fixsfsi.o)
                0x0000000008000a34                __fixsfsi
                0x0000000008000a34                __aeabi_f2iz
 .text          0x0000000008000a80       0x30 /opt/homebrew/Cellar/arm-none-eabi-gcc/10.3-2021.07/gcc/bin/../lib/gcc/arm-none-eabi/10.3.1/thumb/v7e-m/nofp/libgcc.a(_aeabi_uldivmod.o)
                0x0000000008000a80                __aeabi_uldivmod
 .text          0x0000000008000ab0      0x2d0 /opt/homebrew/Cellar/arm-none-eabi-gcc/10.3-2021.07/gcc/bin/../lib/gcc/arm-none-eabi/10.3.1/thumb/v7e-m/nofp/libgcc.a(_udivmoddi4.o)
                0x0000000008000ab0                __udivmoddi4
 .text          0x0000000008000d80        0x4 /opt/homebrew/Cellar/arm-none-eabi-gcc/10.3-2021.07/gcc/bin/../lib/gcc/arm-none-eabi/10.3.1/thumb/v7e-m/nofp/libgcc.a(_dvmd_tls.o)
                0x0000000008000d80                __aeabi_ldiv0
                0x0000000008000d80                __aeabi_idiv0
 *fill*         0x0000000008000d84        0xc 
 .text          0x0000000008000d90       0xa0 /opt/homebrew/Cellar/arm-none-eabi-gcc/10.3-2021.07/gcc/bin/../lib/gcc/arm-none-eabi/10.3.1/../../../../arm-none-eabi/lib/thumb/v7e-m/nofp/libg.a(lib_a-memchr.o)
                0x0000000008000d90                memchr
 .text          0x0000000008000e30      0x134 /opt/homebrew/Cellar/arm-none-eabi-gcc/10.3-2021.07/gcc/bin/../lib/gcc/arm-none-eabi/10.3.1/../../../../arm-none-eabi/lib/thumb/v7e-m/nofp/libg.a(lib_a-memcpy.o)
                0x0000000008000e30                memcpy
 *fill*         0x0000000008000f64       0x1c 
 .text          0x0000000008000f80       0xdc /opt/homebrew/Cellar/arm-none-eabi-gcc/10.3-2021.07/gcc/bin/../lib/gcc/arm-none-eabi/10.3.1/../../../../arm-none-eabi/lib/thumb/v7e-m/nofp/libg.a(lib_a-strlen.o)
                0x0000000008000f80                strlen
 .text          0x000000000800105c      0x424 /opt/homebrew/Cellar/arm-none-eabi-gcc/10.3-2021.07/gcc/bin/../lib/gcc/arm-none-eabi/10.3.1/thumb/v7e-m/nofp/libgcc.a(_arm_muldivdf3.o)
                0x000000000800105c                __aeabi_dmul
                0x000000000800105c                __muldf3
                0x00000000080012b0                __aeabi_ddiv
                0x00000000080012b0                __divdf3
 .text          0x0000000008001480      0x110 /opt/homebrew/Cellar/arm-none-eabi-gcc/10.3-2021.07/gcc/bin/../lib/gcc/arm-none-eabi/10.3.1/thumb/v7e-m/nofp/libgcc.a(_arm_cmpdf2.o)
                0x0000000008001480                __gedf2
                0x0000000008001480                __gtdf2
                0x0000000008001488                __ledf2
                0x0000000008001488                __ltdf2
                0x0000000008001490                __cmpdf2
                0x0000000008001490                __eqdf2
                0x0000000008001490                __nedf2
                0x000000000800150c                __aeabi_cdrcmple
                0x000000000800151c                __aeabi_cdcmple
                0x000000000800151c                __aeabi_cdcmpeq
                0x000000000800152c                __aeabi_dcmpeq
                0x0000000008001540                __aeabi_dcmplt
                0x0000000008001554                __aeabi_dcmple
                0x0000000008001568                __aeabi_dcmpge
                0x000000000800157c                __aeabi_dcmpgt
 .text          0x0000000008001590       0x2c /opt/homebrew/Cellar/arm-none-eabi-gcc/10.3-2021.07/gcc/bin/../lib/gcc/arm-none-eabi/10.3.1/thumb/v7e-m/nofp/libgcc.a(_arm_unorddf2.o)
                0x0000000008001590                __aeabi_dcmpun
                0x0000000008001590                __unorddf2
 .text          0x00000000080015bc       0x50 /opt/homebrew/Cellar/arm-none-eabi-gcc/10.3-2021.07/gcc/bin/../lib/gcc/arm-none-eabi/10.3.1/thumb/v7e-m/nofp/libgcc.a(_arm_fixdfsi.o)
                0x00000000080015bc                __fixdfsi
                0x00000000080015bc                __aeabi_d2iz
 *(.text*)
 .text.IIC_Init
                0x000000000800160c       0x20 CMakeFiles/STM32F401-t1.elf.dir/Core/Src/FT6336/ft6336.c.obj
                0x000000000800160c                IIC_Init
 .text.ST7789_WriteCommand
                0x000000000800162c       0x44 CMakeFiles/STM32F401-t1.elf.dir/Core/Src/ST7789/st7789.c.obj
 .text.ST7789_WriteSmallData
                0x0000000008001670       0x44 CMakeFiles/STM32F401-t1.elf.dir/Core/Src/ST7789/st7789.c.obj
 .text.ST7789_WriteData
                0x00000000080016b4       0x78 CMakeFiles/STM32F401-t1.elf.dir/Core/Src/ST7789/st7789.c.obj
 .text.ST7789_SetAddressWindow
                0x000000000800172c       0x80 CMakeFiles/STM32F401-t1.elf.dir/Core/Src/ST7789/st7789.c.obj
 .text.ST7789_SetRotation
                0x00000000080017ac       0x36 CMakeFiles/STM32F401-t1.elf.dir/Core/Src/ST7789/st7789.c.obj
                0x00000000080017ac                ST7789_SetRotation
 .text.ST7789_SetLED_PWM
                0x00000000080017e2       0x22 CMakeFiles/STM32F401-t1.elf.dir/Core/Src/ST7789/st7789.c.obj
                0x00000000080017e2                ST7789_SetLED_PWM
 .text.ST7789_Fill_Color
                0x0000000008001804       0x54 CMakeFiles/STM32F401-t1.elf.dir/Core/Src/ST7789/st7789.c.obj
                0x0000000008001804                ST7789_Fill_Color
 .text.ST7789_DrawPixel
                0x0000000008001858       0x4c CMakeFiles/STM32F401-t1.elf.dir/Core/Src/ST7789/st7789.c.obj
                0x0000000008001858                ST7789_DrawPixel
 .text.ST7789_DrawLine
                0x00000000080018a4       0xba CMakeFiles/STM32F401-t1.elf.dir/Core/Src/ST7789/st7789.c.obj
                0x00000000080018a4                ST7789_DrawLine
 *fill*         0x000000000800195e        0x2 
 .text.ST7789_DrawRectangle
                0x0000000008001960       0x74 CMakeFiles/STM32F401-t1.elf.dir/Core/Src/ST7789/st7789.c.obj
                0x0000000008001960                ST7789_DrawRectangle
 .text.ST7789_InvertColors
                0x00000000080019d4       0x2c CMakeFiles/STM32F401-t1.elf.dir/Core/Src/ST7789/st7789.c.obj
                0x00000000080019d4                ST7789_InvertColors
 .text.ST7789_Init
                0x0000000008001a00      0x16c CMakeFiles/STM32F401-t1.elf.dir/Core/Src/ST7789/st7789.c.obj
                0x0000000008001a00                ST7789_Init
 .text.ST7789_WriteChar
                0x0000000008001b6c       0xb4 CMakeFiles/STM32F401-t1.elf.dir/Core/Src/ST7789/st7789.c.obj
                0x0000000008001b6c                ST7789_WriteChar
 .text.ST7789_WriteString
                0x0000000008001c20       0x84 CMakeFiles/STM32F401-t1.elf.dir/Core/Src/ST7789/st7789.c.obj
                0x0000000008001c20                ST7789_WriteString
 .text.MX_ADC1_Init
                0x0000000008001ca4       0x8c CMakeFiles/STM32F401-t1.elf.dir/Core/Src/adc.c.obj
                0x0000000008001ca4                MX_ADC1_Init
 .text.HAL_ADC_MspInit
                0x0000000008001d30       0x8c CMakeFiles/STM32F401-t1.elf.dir/Core/Src/adc.c.obj
                0x0000000008001d30                HAL_ADC_MspInit
 .text.MX_DMA_Init
                0x0000000008001dbc       0x44 CMakeFiles/STM32F401-t1.elf.dir/Core/Src/dma.c.obj
                0x0000000008001dbc                MX_DMA_Init
 .text.MX_GPIO_Init
                0x0000000008001e00      0x144 CMakeFiles/STM32F401-t1.elf.dir/Core/Src/gpio.c.obj
                0x0000000008001e00                MX_GPIO_Init
 .text.MX_I2C3_Init
                0x0000000008001f44       0x3c CMakeFiles/STM32F401-t1.elf.dir/Core/Src/i2c.c.obj
                0x0000000008001f44                MX_I2C3_Init
 .text.HAL_I2C_MspInit
                0x0000000008001f80       0xa8 CMakeFiles/STM32F401-t1.elf.dir/Core/Src/i2c.c.obj
                0x0000000008001f80                HAL_I2C_MspInit
 .text.Error_Handler
                0x0000000008002028        0x4 CMakeFiles/STM32F401-t1.elf.dir/Core/Src/main.c.obj
                0x0000000008002028                Error_Handler
 .text.SystemClock_Config
                0x000000000800202c       0xa8 CMakeFiles/STM32F401-t1.elf.dir/Core/Src/main.c.obj
                0x000000000800202c                SystemClock_Config
 .text.main     0x00000000080020d4      0x148 CMakeFiles/STM32F401-t1.elf.dir/Core/Src/main.c.obj
                0x00000000080020d4                main
 .text.MX_SPI1_Init
                0x000000000800221c       0x44 CMakeFiles/STM32F401-t1.elf.dir/Core/Src/spi.c.obj
                0x000000000800221c                MX_SPI1_Init
 .text.MX_SPI2_Init
                0x0000000008002260       0x40 CMakeFiles/STM32F401-t1.elf.dir/Core/Src/spi.c.obj
                0x0000000008002260                MX_SPI2_Init
 .text.MX_SPI3_Init
                0x00000000080022a0       0x40 CMakeFiles/STM32F401-t1.elf.dir/Core/Src/spi.c.obj
                0x00000000080022a0                MX_SPI3_Init
 .text.HAL_SPI_MspInit
                0x00000000080022e0      0x19c CMakeFiles/STM32F401-t1.elf.dir/Core/Src/spi.c.obj
                0x00000000080022e0                HAL_SPI_MspInit
 .text.HAL_MspInit
                0x000000000800247c       0x38 CMakeFiles/STM32F401-t1.elf.dir/Core/Src/stm32f4xx_hal_msp.c.obj
                0x000000000800247c                HAL_MspInit
 .text.NMI_Handler
                0x00000000080024b4        0x2 CMakeFiles/STM32F401-t1.elf.dir/Core/Src/stm32f4xx_it.c.obj
                0x00000000080024b4                NMI_Handler
 .text.HardFault_Handler
                0x00000000080024b6        0x2 CMakeFiles/STM32F401-t1.elf.dir/Core/Src/stm32f4xx_it.c.obj
                0x00000000080024b6                HardFault_Handler
 .text.MemManage_Handler
                0x00000000080024b8        0x2 CMakeFiles/STM32F401-t1.elf.dir/Core/Src/stm32f4xx_it.c.obj
                0x00000000080024b8                MemManage_Handler
 .text.BusFault_Handler
                0x00000000080024ba        0x2 CMakeFiles/STM32F401-t1.elf.dir/Core/Src/stm32f4xx_it.c.obj
                0x00000000080024ba                BusFault_Handler
 .text.UsageFault_Handler
                0x00000000080024bc        0x2 CMakeFiles/STM32F401-t1.elf.dir/Core/Src/stm32f4xx_it.c.obj
                0x00000000080024bc                UsageFault_Handler
 .text.SVC_Handler
                0x00000000080024be        0x2 CMakeFiles/STM32F401-t1.elf.dir/Core/Src/stm32f4xx_it.c.obj
                0x00000000080024be                SVC_Handler
 .text.DebugMon_Handler
                0x00000000080024c0        0x2 CMakeFiles/STM32F401-t1.elf.dir/Core/Src/stm32f4xx_it.c.obj
                0x00000000080024c0                DebugMon_Handler
 .text.PendSV_Handler
                0x00000000080024c2        0x2 CMakeFiles/STM32F401-t1.elf.dir/Core/Src/stm32f4xx_it.c.obj
                0x00000000080024c2                PendSV_Handler
 .text.SysTick_Handler
                0x00000000080024c4        0x8 CMakeFiles/STM32F401-t1.elf.dir/Core/Src/stm32f4xx_it.c.obj
                0x00000000080024c4                SysTick_Handler
 .text.DMA2_Stream0_IRQHandler
                0x00000000080024cc       0x10 CMakeFiles/STM32F401-t1.elf.dir/Core/Src/stm32f4xx_it.c.obj
                0x00000000080024cc                DMA2_Stream0_IRQHandler
 .text.DMA2_Stream3_IRQHandler
                0x00000000080024dc       0x10 CMakeFiles/STM32F401-t1.elf.dir/Core/Src/stm32f4xx_it.c.obj
                0x00000000080024dc                DMA2_Stream3_IRQHandler
 .text._getpid  0x00000000080024ec        0x4 CMakeFiles/STM32F401-t1.elf.dir/Core/Src/syscalls.c.obj
                0x00000000080024ec                _getpid
 .text._kill    0x00000000080024f0       0x10 CMakeFiles/STM32F401-t1.elf.dir/Core/Src/syscalls.c.obj
                0x00000000080024f0                _kill
 .text._exit    0x0000000008002500        0xc CMakeFiles/STM32F401-t1.elf.dir/Core/Src/syscalls.c.obj
                0x0000000008002500                _exit
 .text._read    0x000000000800250c       0x20 CMakeFiles/STM32F401-t1.elf.dir/Core/Src/syscalls.c.obj
                0x000000000800250c                _read
 .text._write   0x000000000800252c       0x1c CMakeFiles/STM32F401-t1.elf.dir/Core/Src/syscalls.c.obj
                0x000000000800252c                _write
 .text._close   0x0000000008002548        0x6 CMakeFiles/STM32F401-t1.elf.dir/Core/Src/syscalls.c.obj
                0x0000000008002548                _close
 .text._fstat   0x000000000800254e        0xa CMakeFiles/STM32F401-t1.elf.dir/Core/Src/syscalls.c.obj
                0x000000000800254e                _fstat
 .text._isatty  0x0000000008002558        0x4 CMakeFiles/STM32F401-t1.elf.dir/Core/Src/syscalls.c.obj
                0x0000000008002558                _isatty
 .text._lseek   0x000000000800255c        0x4 CMakeFiles/STM32F401-t1.elf.dir/Core/Src/syscalls.c.obj
                0x000000000800255c                _lseek
 .text._sbrk    0x0000000008002560       0x48 CMakeFiles/STM32F401-t1.elf.dir/Core/Src/sysmem.c.obj
                0x0000000008002560                _sbrk
 .text.SystemInit
                0x00000000080025a8        0x2 CMakeFiles/STM32F401-t1.elf.dir/Core/Src/system_stm32f4xx.c.obj
                0x00000000080025a8                SystemInit
 *fill*         0x00000000080025aa        0x2 
 .text.HAL_TIM_Base_MspInit
                0x00000000080025ac       0x30 CMakeFiles/STM32F401-t1.elf.dir/Core/Src/tim.c.obj
                0x00000000080025ac                HAL_TIM_Base_MspInit
 .text.HAL_TIM_MspPostInit
                0x00000000080025dc       0x5c CMakeFiles/STM32F401-t1.elf.dir/Core/Src/tim.c.obj
                0x00000000080025dc                HAL_TIM_MspPostInit
 .text.MX_TIM1_Init
                0x0000000008002638       0xe8 CMakeFiles/STM32F401-t1.elf.dir/Core/Src/tim.c.obj
                0x0000000008002638                MX_TIM1_Init
 .text.MX_USART1_UART_Init
                0x0000000008002720       0x34 CMakeFiles/STM32F401-t1.elf.dir/Core/Src/usart.c.obj
                0x0000000008002720                MX_USART1_UART_Init
 .text.MX_USART6_UART_Init
                0x0000000008002754       0x34 CMakeFiles/STM32F401-t1.elf.dir/Core/Src/usart.c.obj
                0x0000000008002754                MX_USART6_UART_Init
 .text.HAL_UART_MspInit
                0x0000000008002788       0xc8 CMakeFiles/STM32F401-t1.elf.dir/Core/Src/usart.c.obj
                0x0000000008002788                HAL_UART_MspInit
 .text.__io_putchar
                0x0000000008002850       0x20 CMakeFiles/STM32F401-t1.elf.dir/Core/Src/usart.c.obj
                0x0000000008002850                __io_putchar
 .text.Reset_Handler
                0x0000000008002870       0x50 CMakeFiles/STM32F401-t1.elf.dir/Core/Startup/startup_stm32f401rctx.s.obj
                0x0000000008002870                Reset_Handler
 .text.Default_Handler
                0x00000000080028c0        0x2 CMakeFiles/STM32F401-t1.elf.dir/Core/Startup/startup_stm32f401rctx.s.obj
                0x00000000080028c0                DMA1_Stream3_IRQHandler
                0x00000000080028c0                EXTI2_IRQHandler
                0x00000000080028c0                SPI4_IRQHandler
                0x00000000080028c0                TIM1_CC_IRQHandler
                0x00000000080028c0                DMA2_Stream5_IRQHandler
                0x00000000080028c0                DMA1_Stream5_IRQHandler
                0x00000000080028c0                PVD_IRQHandler
                0x00000000080028c0                SDIO_IRQHandler
                0x00000000080028c0                TAMP_STAMP_IRQHandler
                0x00000000080028c0                EXTI3_IRQHandler
                0x00000000080028c0                TIM1_UP_TIM10_IRQHandler
                0x00000000080028c0                I2C3_ER_IRQHandler
                0x00000000080028c0                EXTI0_IRQHandler
                0x00000000080028c0                I2C2_EV_IRQHandler
                0x00000000080028c0                DMA1_Stream2_IRQHandler
                0x00000000080028c0                FPU_IRQHandler
                0x00000000080028c0                DMA2_Stream2_IRQHandler
                0x00000000080028c0                SPI1_IRQHandler
                0x00000000080028c0                TIM1_BRK_TIM9_IRQHandler
                0x00000000080028c0                USART6_IRQHandler
                0x00000000080028c0                TIM4_IRQHandler
                0x00000000080028c0                I2C1_EV_IRQHandler
                0x00000000080028c0                DMA1_Stream6_IRQHandler
                0x00000000080028c0                DMA1_Stream1_IRQHandler
                0x00000000080028c0                TIM3_IRQHandler
                0x00000000080028c0                RCC_IRQHandler
                0x00000000080028c0                Default_Handler
                0x00000000080028c0                EXTI15_10_IRQHandler
                0x00000000080028c0                ADC_IRQHandler
                0x00000000080028c0                DMA1_Stream7_IRQHandler
                0x00000000080028c0                TIM5_IRQHandler
                0x00000000080028c0                DMA2_Stream7_IRQHandler
                0x00000000080028c0                I2C3_EV_IRQHandler
                0x00000000080028c0                EXTI9_5_IRQHandler
                0x00000000080028c0                RTC_WKUP_IRQHandler
                0x00000000080028c0                SPI2_IRQHandler
                0x00000000080028c0                DMA1_Stream0_IRQHandler
                0x00000000080028c0                EXTI4_IRQHandler
                0x00000000080028c0                WWDG_IRQHandler
                0x00000000080028c0                TIM2_IRQHandler
                0x00000000080028c0                OTG_FS_WKUP_IRQHandler
                0x00000000080028c0                TIM1_TRG_COM_TIM11_IRQHandler
                0x00000000080028c0                EXTI1_IRQHandler
                0x00000000080028c0                USART2_IRQHandler
                0x00000000080028c0                I2C2_ER_IRQHandler
                0x00000000080028c0                DMA2_Stream1_IRQHandler
                0x00000000080028c0                FLASH_IRQHandler
                0x00000000080028c0                DMA2_Stream4_IRQHandler
                0x00000000080028c0                USART1_IRQHandler
                0x00000000080028c0                OTG_FS_IRQHandler
                0x00000000080028c0                SPI3_IRQHandler
                0x00000000080028c0                DMA1_Stream4_IRQHandler
                0x00000000080028c0                I2C1_ER_IRQHandler
                0x00000000080028c0                DMA2_Stream6_IRQHandler
                0x00000000080028c0                RTC_Alarm_IRQHandler
 *fill*         0x00000000080028c2        0x2 
 .text.HAL_InitTick
                0x00000000080028c4       0x4c CMakeFiles/STM32F401-t1.elf.dir/Drivers/STM32F4xx_HAL_Driver/Src/stm32f4xx_hal.c.obj
                0x00000000080028c4                HAL_InitTick
 .text.HAL_Init
                0x0000000008002910       0x34 CMakeFiles/STM32F401-t1.elf.dir/Drivers/STM32F4xx_HAL_Driver/Src/stm32f4xx_hal.c.obj
                0x0000000008002910                HAL_Init
 .text.HAL_IncTick
                0x0000000008002944       0x18 CMakeFiles/STM32F401-t1.elf.dir/Drivers/STM32F4xx_HAL_Driver/Src/stm32f4xx_hal.c.obj
                0x0000000008002944                HAL_IncTick
 .text.HAL_GetTick
                0x000000000800295c        0xc CMakeFiles/STM32F401-t1.elf.dir/Drivers/STM32F4xx_HAL_Driver/Src/stm32f4xx_hal.c.obj
                0x000000000800295c                HAL_GetTick
 .text.HAL_Delay
                0x0000000008002968       0x28 CMakeFiles/STM32F401-t1.elf.dir/Drivers/STM32F4xx_HAL_Driver/Src/stm32f4xx_hal.c.obj
                0x0000000008002968                HAL_Delay
 .text.ADC_Init
                0x0000000008002990      0x134 CMakeFiles/STM32F401-t1.elf.dir/Drivers/STM32F4xx_HAL_Driver/Src/stm32f4xx_hal_adc.c.obj
 .text.HAL_ADC_Init
                0x0000000008002ac4       0x56 CMakeFiles/STM32F401-t1.elf.dir/Drivers/STM32F4xx_HAL_Driver/Src/stm32f4xx_hal_adc.c.obj
                0x0000000008002ac4                HAL_ADC_Init
 *fill*         0x0000000008002b1a        0x2 
 .text.HAL_ADC_Start
                0x0000000008002b1c      0x108 CMakeFiles/STM32F401-t1.elf.dir/Drivers/STM32F4xx_HAL_Driver/Src/stm32f4xx_hal_adc.c.obj
                0x0000000008002b1c                HAL_ADC_Start
 .text.HAL_ADC_PollForConversion
                0x0000000008002c24       0xb8 CMakeFiles/STM32F401-t1.elf.dir/Drivers/STM32F4xx_HAL_Driver/Src/stm32f4xx_hal_adc.c.obj
                0x0000000008002c24                HAL_ADC_PollForConversion
 .text.HAL_ADC_GetValue
                0x0000000008002cdc        0x6 CMakeFiles/STM32F401-t1.elf.dir/Drivers/STM32F4xx_HAL_Driver/Src/stm32f4xx_hal_adc.c.obj
                0x0000000008002cdc                HAL_ADC_GetValue
 *fill*         0x0000000008002ce2        0x2 
 .text.HAL_ADC_ConfigChannel
                0x0000000008002ce4      0x198 CMakeFiles/STM32F401-t1.elf.dir/Drivers/STM32F4xx_HAL_Driver/Src/stm32f4xx_hal_adc.c.obj
                0x0000000008002ce4                HAL_ADC_ConfigChannel
 .text.HAL_NVIC_SetPriorityGrouping
                0x0000000008002e7c       0x24 CMakeFiles/STM32F401-t1.elf.dir/Drivers/STM32F4xx_HAL_Driver/Src/stm32f4xx_hal_cortex.c.obj
                0x0000000008002e7c                HAL_NVIC_SetPriorityGrouping
 .text.HAL_NVIC_SetPriority
                0x0000000008002ea0       0x70 CMakeFiles/STM32F401-t1.elf.dir/Drivers/STM32F4xx_HAL_Driver/Src/stm32f4xx_hal_cortex.c.obj
                0x0000000008002ea0                HAL_NVIC_SetPriority
 .text.HAL_NVIC_EnableIRQ
                0x0000000008002f10       0x1c CMakeFiles/STM32F401-t1.elf.dir/Drivers/STM32F4xx_HAL_Driver/Src/stm32f4xx_hal_cortex.c.obj
                0x0000000008002f10                HAL_NVIC_EnableIRQ
 .text.HAL_SYSTICK_Config
                0x0000000008002f2c       0x28 CMakeFiles/STM32F401-t1.elf.dir/Drivers/STM32F4xx_HAL_Driver/Src/stm32f4xx_hal_cortex.c.obj
                0x0000000008002f2c                HAL_SYSTICK_Config
 .text.DMA_SetConfig
                0x0000000008002f54       0x2c CMakeFiles/STM32F401-t1.elf.dir/Drivers/STM32F4xx_HAL_Driver/Src/stm32f4xx_hal_dma.c.obj
 .text.DMA_CalcBaseAndBitshift
                0x0000000008002f80       0x40 CMakeFiles/STM32F401-t1.elf.dir/Drivers/STM32F4xx_HAL_Driver/Src/stm32f4xx_hal_dma.c.obj
 .text.DMA_CheckFifoParam
                0x0000000008002fc0       0x8e CMakeFiles/STM32F401-t1.elf.dir/Drivers/STM32F4xx_HAL_Driver/Src/stm32f4xx_hal_dma.c.obj
 *fill*         0x000000000800304e        0x2 
 .text.HAL_DMA_Init
                0x0000000008003050       0xcc CMakeFiles/STM32F401-t1.elf.dir/Drivers/STM32F4xx_HAL_Driver/Src/stm32f4xx_hal_dma.c.obj
                0x0000000008003050                HAL_DMA_Init
 .text.HAL_DMA_Start_IT
                0x000000000800311c       0x6a CMakeFiles/STM32F401-t1.elf.dir/Drivers/STM32F4xx_HAL_Driver/Src/stm32f4xx_hal_dma.c.obj
                0x000000000800311c                HAL_DMA_Start_IT
 *fill*         0x0000000008003186        0x2 
 .text.HAL_DMA_IRQHandler
                0x0000000008003188      0x1dc CMakeFiles/STM32F401-t1.elf.dir/Drivers/STM32F4xx_HAL_Driver/Src/stm32f4xx_hal_dma.c.obj
                0x0000000008003188                HAL_DMA_IRQHandler
 .text.HAL_GPIO_Init
                0x0000000008003364      0x1c0 CMakeFiles/STM32F401-t1.elf.dir/Drivers/STM32F4xx_HAL_Driver/Src/stm32f4xx_hal_gpio.c.obj
                0x0000000008003364                HAL_GPIO_Init
 .text.HAL_GPIO_WritePin
                0x0000000008003524        0xc CMakeFiles/STM32F401-t1.elf.dir/Drivers/STM32F4xx_HAL_Driver/Src/stm32f4xx_hal_gpio.c.obj
                0x0000000008003524                HAL_GPIO_WritePin
 .text.HAL_I2C_Init
                0x0000000008003530      0x1bc CMakeFiles/STM32F401-t1.elf.dir/Drivers/STM32F4xx_HAL_Driver/Src/stm32f4xx_hal_i2c.c.obj
                0x0000000008003530                HAL_I2C_Init
 .text.HAL_RCC_OscConfig
                0x00000000080036ec      0x3f8 CMakeFiles/STM32F401-t1.elf.dir/Drivers/STM32F4xx_HAL_Driver/Src/stm32f4xx_hal_rcc.c.obj
                0x00000000080036ec                HAL_RCC_OscConfig
 .text.HAL_RCC_GetSysClockFreq
                0x0000000008003ae4       0xa4 CMakeFiles/STM32F401-t1.elf.dir/Drivers/STM32F4xx_HAL_Driver/Src/stm32f4xx_hal_rcc.c.obj
                0x0000000008003ae4                HAL_RCC_GetSysClockFreq
 .text.HAL_RCC_ClockConfig
                0x0000000008003b88      0x160 CMakeFiles/STM32F401-t1.elf.dir/Drivers/STM32F4xx_HAL_Driver/Src/stm32f4xx_hal_rcc.c.obj
                0x0000000008003b88                HAL_RCC_ClockConfig
 .text.HAL_RCC_GetHCLKFreq
                0x0000000008003ce8        0xc CMakeFiles/STM32F401-t1.elf.dir/Drivers/STM32F4xx_HAL_Driver/Src/stm32f4xx_hal_rcc.c.obj
                0x0000000008003ce8                HAL_RCC_GetHCLKFreq
 .text.HAL_RCC_GetPCLK1Freq
                0x0000000008003cf4       0x20 CMakeFiles/STM32F401-t1.elf.dir/Drivers/STM32F4xx_HAL_Driver/Src/stm32f4xx_hal_rcc.c.obj
                0x0000000008003cf4                HAL_RCC_GetPCLK1Freq
 .text.HAL_RCC_GetPCLK2Freq
                0x0000000008003d14       0x20 CMakeFiles/STM32F401-t1.elf.dir/Drivers/STM32F4xx_HAL_Driver/Src/stm32f4xx_hal_rcc.c.obj
                0x0000000008003d14                HAL_RCC_GetPCLK2Freq
 .text.SPI_WaitFlagStateUntilTimeout
                0x0000000008003d34       0xd4 CMakeFiles/STM32F401-t1.elf.dir/Drivers/STM32F4xx_HAL_Driver/Src/stm32f4xx_hal_spi.c.obj
 .text.SPI_EndRxTxTransaction
                0x0000000008003e08       0x68 CMakeFiles/STM32F401-t1.elf.dir/Drivers/STM32F4xx_HAL_Driver/Src/stm32f4xx_hal_spi.c.obj
 .text.HAL_SPI_Init
                0x0000000008003e70       0xbe CMakeFiles/STM32F401-t1.elf.dir/Drivers/STM32F4xx_HAL_Driver/Src/stm32f4xx_hal_spi.c.obj
                0x0000000008003e70                HAL_SPI_Init
 .text.HAL_SPI_Transmit
                0x0000000008003f2e      0x1b8 CMakeFiles/STM32F401-t1.elf.dir/Drivers/STM32F4xx_HAL_Driver/Src/stm32f4xx_hal_spi.c.obj
                0x0000000008003f2e                HAL_SPI_Transmit
 *fill*         0x00000000080040e6        0x2 
 .text.HAL_SPI_Transmit_DMA
                0x00000000080040e8       0xe0 CMakeFiles/STM32F401-t1.elf.dir/Drivers/STM32F4xx_HAL_Driver/Src/stm32f4xx_hal_spi.c.obj
                0x00000000080040e8                HAL_SPI_Transmit_DMA
 .text.HAL_SPI_TxCpltCallback
                0x00000000080041c8        0x2 CMakeFiles/STM32F401-t1.elf.dir/Drivers/STM32F4xx_HAL_Driver/Src/stm32f4xx_hal_spi.c.obj
                0x00000000080041c8                HAL_SPI_TxCpltCallback
 .text.HAL_SPI_TxHalfCpltCallback
                0x00000000080041ca        0x2 CMakeFiles/STM32F401-t1.elf.dir/Drivers/STM32F4xx_HAL_Driver/Src/stm32f4xx_hal_spi.c.obj
                0x00000000080041ca                HAL_SPI_TxHalfCpltCallback
 .text.SPI_DMAHalfTransmitCplt
                0x00000000080041cc        0xa CMakeFiles/STM32F401-t1.elf.dir/Drivers/STM32F4xx_HAL_Driver/Src/stm32f4xx_hal_spi.c.obj
 .text.HAL_SPI_ErrorCallback
                0x00000000080041d6        0x2 CMakeFiles/STM32F401-t1.elf.dir/Drivers/STM32F4xx_HAL_Driver/Src/stm32f4xx_hal_spi.c.obj
                0x00000000080041d6                HAL_SPI_ErrorCallback
 .text.SPI_DMAError
                0x00000000080041d8       0x22 CMakeFiles/STM32F401-t1.elf.dir/Drivers/STM32F4xx_HAL_Driver/Src/stm32f4xx_hal_spi.c.obj
 .text.SPI_DMATransmitCplt
                0x00000000080041fa       0x70 CMakeFiles/STM32F401-t1.elf.dir/Drivers/STM32F4xx_HAL_Driver/Src/stm32f4xx_hal_spi.c.obj
 *fill*         0x000000000800426a        0x2 
 .text.TIM_OC1_SetConfig
                0x000000000800426c       0x5c CMakeFiles/STM32F401-t1.elf.dir/Drivers/STM32F4xx_HAL_Driver/Src/stm32f4xx_hal_tim.c.obj
 .text.TIM_OC3_SetConfig
                0x00000000080042c8       0x64 CMakeFiles/STM32F401-t1.elf.dir/Drivers/STM32F4xx_HAL_Driver/Src/stm32f4xx_hal_tim.c.obj
 .text.TIM_OC4_SetConfig
                0x000000000800432c       0x48 CMakeFiles/STM32F401-t1.elf.dir/Drivers/STM32F4xx_HAL_Driver/Src/stm32f4xx_hal_tim.c.obj
 .text.TIM_TI1_ConfigInputStage
                0x0000000008004374       0x24 CMakeFiles/STM32F401-t1.elf.dir/Drivers/STM32F4xx_HAL_Driver/Src/stm32f4xx_hal_tim.c.obj
 .text.TIM_TI2_ConfigInputStage
                0x0000000008004398       0x26 CMakeFiles/STM32F401-t1.elf.dir/Drivers/STM32F4xx_HAL_Driver/Src/stm32f4xx_hal_tim.c.obj
 .text.TIM_ITRx_SetConfig
                0x00000000080043be       0x10 CMakeFiles/STM32F401-t1.elf.dir/Drivers/STM32F4xx_HAL_Driver/Src/stm32f4xx_hal_tim.c.obj
 .text.HAL_TIM_PWM_MspInit
                0x00000000080043ce        0x2 CMakeFiles/STM32F401-t1.elf.dir/Drivers/STM32F4xx_HAL_Driver/Src/stm32f4xx_hal_tim.c.obj
                0x00000000080043ce                HAL_TIM_PWM_MspInit
 .text.TIM_Base_SetConfig
                0x00000000080043d0       0x9c CMakeFiles/STM32F401-t1.elf.dir/Drivers/STM32F4xx_HAL_Driver/Src/stm32f4xx_hal_tim.c.obj
                0x00000000080043d0                TIM_Base_SetConfig
 .text.HAL_TIM_Base_Init
                0x000000000800446c       0x58 CMakeFiles/STM32F401-t1.elf.dir/Drivers/STM32F4xx_HAL_Driver/Src/stm32f4xx_hal_tim.c.obj
                0x000000000800446c                HAL_TIM_Base_Init
 .text.HAL_TIM_PWM_Init
                0x00000000080044c4       0x58 CMakeFiles/STM32F401-t1.elf.dir/Drivers/STM32F4xx_HAL_Driver/Src/stm32f4xx_hal_tim.c.obj
                0x00000000080044c4                HAL_TIM_PWM_Init
 .text.TIM_OC2_SetConfig
                0x000000000800451c       0x64 CMakeFiles/STM32F401-t1.elf.dir/Drivers/STM32F4xx_HAL_Driver/Src/stm32f4xx_hal_tim.c.obj
                0x000000000800451c                TIM_OC2_SetConfig
 .text.HAL_TIM_PWM_ConfigChannel
                0x0000000008004580       0xdc CMakeFiles/STM32F401-t1.elf.dir/Drivers/STM32F4xx_HAL_Driver/Src/stm32f4xx_hal_tim.c.obj
                0x0000000008004580                HAL_TIM_PWM_ConfigChannel
 .text.TIM_ETR_SetConfig
                0x000000000800465c       0x18 CMakeFiles/STM32F401-t1.elf.dir/Drivers/STM32F4xx_HAL_Driver/Src/stm32f4xx_hal_tim.c.obj
                0x000000000800465c                TIM_ETR_SetConfig
 .text.HAL_TIM_ConfigClockSource
                0x0000000008004674       0xfe CMakeFiles/STM32F401-t1.elf.dir/Drivers/STM32F4xx_HAL_Driver/Src/stm32f4xx_hal_tim.c.obj
                0x0000000008004674                HAL_TIM_ConfigClockSource
 .text.TIM_CCxChannelCmd
                0x0000000008004772       0x1e CMakeFiles/STM32F401-t1.elf.dir/Drivers/STM32F4xx_HAL_Driver/Src/stm32f4xx_hal_tim.c.obj
                0x0000000008004772                TIM_CCxChannelCmd
 .text.HAL_TIM_PWM_Start
                0x0000000008004790       0xf0 CMakeFiles/STM32F401-t1.elf.dir/Drivers/STM32F4xx_HAL_Driver/Src/stm32f4xx_hal_tim.c.obj
                0x0000000008004790                HAL_TIM_PWM_Start
 .text.HAL_TIMEx_MasterConfigSynchronization
                0x0000000008004880       0x7c CMakeFiles/STM32F401-t1.elf.dir/Drivers/STM32F4xx_HAL_Driver/Src/stm32f4xx_hal_tim_ex.c.obj
                0x0000000008004880                HAL_TIMEx_MasterConfigSynchronization
 .text.HAL_TIMEx_ConfigBreakDeadTime
                0x00000000080048fc       0x52 CMakeFiles/STM32F401-t1.elf.dir/Drivers/STM32F4xx_HAL_Driver/Src/stm32f4xx_hal_tim_ex.c.obj
                0x00000000080048fc                HAL_TIMEx_ConfigBreakDeadTime
 *fill*         0x000000000800494e        0x2 
 .text.UART_SetConfig
                0x0000000008004950      0x110 CMakeFiles/STM32F401-t1.elf.dir/Drivers/STM32F4xx_HAL_Driver/Src/stm32f4xx_hal_uart.c.obj
 .text.UART_WaitOnFlagUntilTimeout
                0x0000000008004a60       0x88 CMakeFiles/STM32F401-t1.elf.dir/Drivers/STM32F4xx_HAL_Driver/Src/stm32f4xx_hal_uart.c.obj
 .text.HAL_UART_Init
                0x0000000008004ae8       0x5e CMakeFiles/STM32F401-t1.elf.dir/Drivers/STM32F4xx_HAL_Driver/Src/stm32f4xx_hal_uart.c.obj
                0x0000000008004ae8                HAL_UART_Init
 .text.HAL_UART_Transmit
                0x0000000008004b46       0xd8 CMakeFiles/STM32F401-t1.elf.dir/Drivers/STM32F4xx_HAL_Driver/Src/stm32f4xx_hal_uart.c.obj
                0x0000000008004b46                HAL_UART_Transmit
 *fill*         0x0000000008004c1e        0x2 
 .text.MX_FATFS_Init
                0x0000000008004c20       0x1c CMakeFiles/STM32F401-t1.elf.dir/FATFS/App/fatfs.c.obj
                0x0000000008004c20                MX_FATFS_Init
 .text.USER_initialize
                0x0000000008004c3c       0x10 CMakeFiles/STM32F401-t1.elf.dir/FATFS/Target/user_diskio.c.obj
                0x0000000008004c3c                USER_initialize
 .text.USER_status
                0x0000000008004c4c       0x10 CMakeFiles/STM32F401-t1.elf.dir/FATFS/Target/user_diskio.c.obj
                0x0000000008004c4c                USER_status
 .text.USER_read
                0x0000000008004c5c        0x4 CMakeFiles/STM32F401-t1.elf.dir/FATFS/Target/user_diskio.c.obj
                0x0000000008004c5c                USER_read
 .text.USER_write
                0x0000000008004c60        0x4 CMakeFiles/STM32F401-t1.elf.dir/FATFS/Target/user_diskio.c.obj
                0x0000000008004c60                USER_write
 .text.USER_ioctl
                0x0000000008004c64        0x4 CMakeFiles/STM32F401-t1.elf.dir/FATFS/Target/user_diskio.c.obj
                0x0000000008004c64                USER_ioctl
 .text.FATFS_LinkDriverEx
                0x0000000008004c68       0x54 CMakeFiles/STM32F401-t1.elf.dir/Middlewares/Third_Party/FatFs/src/ff_gen_drv.c.obj
                0x0000000008004c68                FATFS_LinkDriverEx
 .text.FATFS_LinkDriver
                0x0000000008004cbc        0xa CMakeFiles/STM32F401-t1.elf.dir/Middlewares/Third_Party/FatFs/src/ff_gen_drv.c.obj
                0x0000000008004cbc                FATFS_LinkDriver
 *fill*         0x0000000008004cc6        0x2 
 .text.__errno  0x0000000008004cc8        0xc /opt/homebrew/Cellar/arm-none-eabi-gcc/10.3-2021.07/gcc/bin/../lib/gcc/arm-none-eabi/10.3.1/../../../../arm-none-eabi/lib/thumb/v7e-m/nofp/libg.a(lib_a-errno.o)
                0x0000000008004cc8                __errno
 .text.__libc_init_array
                0x0000000008004cd4       0x48 /opt/homebrew/Cellar/arm-none-eabi-gcc/10.3-2021.07/gcc/bin/../lib/gcc/arm-none-eabi/10.3.1/../../../../arm-none-eabi/lib/thumb/v7e-m/nofp/libg.a(lib_a-init.o)
                0x0000000008004cd4                __libc_init_array
 .text.memset   0x0000000008004d1c       0xa4 /opt/homebrew/Cellar/arm-none-eabi-gcc/10.3-2021.07/gcc/bin/../lib/gcc/arm-none-eabi/10.3.1/../../../../arm-none-eabi/lib/thumb/v7e-m/nofp/libg.a(lib_a-memset.o)
                0x0000000008004d1c                memset
 .text.snprintf
                0x0000000008004dc0       0x88 /opt/homebrew/Cellar/arm-none-eabi-gcc/10.3-2021.07/gcc/bin/../lib/gcc/arm-none-eabi/10.3.1/../../../../arm-none-eabi/lib/thumb/v7e-m/nofp/libg.a(lib_a-snprintf.o)
                0x0000000008004dc0                snprintf
 .text._svfprintf_r
                0x0000000008004e48     0x1a3c /opt/homebrew/Cellar/arm-none-eabi-gcc/10.3-2021.07/gcc/bin/../lib/gcc/arm-none-eabi/10.3.1/../../../../arm-none-eabi/lib/thumb/v7e-m/nofp/libg.a(lib_a-svfprintf.o)
                0x0000000008004e48                _svfprintf_r
 .text.startup.register_fini
                0x0000000008006884       0x14 /opt/homebrew/Cellar/arm-none-eabi-gcc/10.3-2021.07/gcc/bin/../lib/gcc/arm-none-eabi/10.3.1/../../../../arm-none-eabi/lib/thumb/v7e-m/nofp/libg.a(lib_a-__call_atexit.o)
 .text.atexit   0x0000000008006898        0xc /opt/homebrew/Cellar/arm-none-eabi-gcc/10.3-2021.07/gcc/bin/../lib/gcc/arm-none-eabi/10.3.1/../../../../arm-none-eabi/lib/thumb/v7e-m/nofp/libg.a(lib_a-atexit.o)
                0x0000000008006898                atexit
 .text.quorem   0x00000000080068a4      0x124 /opt/homebrew/Cellar/arm-none-eabi-gcc/10.3-2021.07/gcc/bin/../lib/gcc/arm-none-eabi/10.3.1/../../../../arm-none-eabi/lib/thumb/v7e-m/nofp/libg.a(lib_a-dtoa.o)
 .text._dtoa_r  0x00000000080069c8      0xec4 /opt/homebrew/Cellar/arm-none-eabi-gcc/10.3-2021.07/gcc/bin/../lib/gcc/arm-none-eabi/10.3.1/../../../../arm-none-eabi/lib/thumb/v7e-m/nofp/libg.a(lib_a-dtoa.o)
                0x00000000080069c8                _dtoa_r
 .text.__libc_fini_array
                0x000000000800788c       0x2c /opt/homebrew/Cellar/arm-none-eabi-gcc/10.3-2021.07/gcc/bin/../lib/gcc/arm-none-eabi/10.3.1/../../../../arm-none-eabi/lib/thumb/v7e-m/nofp/libg.a(lib_a-fini.o)
                0x000000000800788c                __libc_fini_array
 .text._malloc_trim_r
                0x00000000080078b8       0xa0 /opt/homebrew/Cellar/arm-none-eabi-gcc/10.3-2021.07/gcc/bin/../lib/gcc/arm-none-eabi/10.3.1/../../../../arm-none-eabi/lib/thumb/v7e-m/nofp/libg.a(lib_a-freer.o)
                0x00000000080078b8                _malloc_trim_r
 .text._free_r  0x0000000008007958      0x20c /opt/homebrew/Cellar/arm-none-eabi-gcc/10.3-2021.07/gcc/bin/../lib/gcc/arm-none-eabi/10.3.1/../../../../arm-none-eabi/lib/thumb/v7e-m/nofp/libg.a(lib_a-freer.o)
                0x0000000008007958                _free_r
 .text._localeconv_r
                0x0000000008007b64        0x8 /opt/homebrew/Cellar/arm-none-eabi-gcc/10.3-2021.07/gcc/bin/../lib/gcc/arm-none-eabi/10.3.1/../../../../arm-none-eabi/lib/thumb/v7e-m/nofp/libg.a(lib_a-localeconv.o)
                0x0000000008007b64                _localeconv_r
 .text.__retarget_lock_init_recursive
                0x0000000008007b6c        0x4 /opt/homebrew/Cellar/arm-none-eabi-gcc/10.3-2021.07/gcc/bin/../lib/gcc/arm-none-eabi/10.3.1/../../../../arm-none-eabi/lib/thumb/v7e-m/nofp/libg.a(lib_a-lock.o)
                0x0000000008007b6c                __retarget_lock_init_recursive
 .text.__retarget_lock_close_recursive
                0x0000000008007b70        0x4 /opt/homebrew/Cellar/arm-none-eabi-gcc/10.3-2021.07/gcc/bin/../lib/gcc/arm-none-eabi/10.3.1/../../../../arm-none-eabi/lib/thumb/v7e-m/nofp/libg.a(lib_a-lock.o)
                0x0000000008007b70                __retarget_lock_close_recursive
 .text.__retarget_lock_acquire_recursive
                0x0000000008007b74        0x4 /opt/homebrew/Cellar/arm-none-eabi-gcc/10.3-2021.07/gcc/bin/../lib/gcc/arm-none-eabi/10.3.1/../../../../arm-none-eabi/lib/thumb/v7e-m/nofp/libg.a(lib_a-lock.o)
                0x0000000008007b74                __retarget_lock_acquire_recursive
 .text.__retarget_lock_release_recursive
                0x0000000008007b78        0x4 /opt/homebrew/Cellar/arm-none-eabi-gcc/10.3-2021.07/gcc/bin/../lib/gcc/arm-none-eabi/10.3.1/../../../../arm-none-eabi/lib/thumb/v7e-m/nofp/libg.a(lib_a-lock.o)
                0x0000000008007b78                __retarget_lock_release_recursive
 .text._malloc_r
                0x0000000008007b7c      0x560 /opt/homebrew/Cellar/arm-none-eabi-gcc/10.3-2021.07/gcc/bin/../lib/gcc/arm-none-eabi/10.3.1/../../../../arm-none-eabi/lib/thumb/v7e-m/nofp/libg.a(lib_a-mallocr.o)
                0x0000000008007b7c                _malloc_r
 .text.__malloc_lock
                0x00000000080080dc        0xc /opt/homebrew/Cellar/arm-none-eabi-gcc/10.3-2021.07/gcc/bin/../lib/gcc/arm-none-eabi/10.3.1/../../../../arm-none-eabi/lib/thumb/v7e-m/nofp/libg.a(lib_a-mlock.o)
                0x00000000080080dc                __malloc_lock
 .text.__malloc_unlock
                0x00000000080080e8        0xc /opt/homebrew/Cellar/arm-none-eabi-gcc/10.3-2021.07/gcc/bin/../lib/gcc/arm-none-eabi/10.3.1/../../../../arm-none-eabi/lib/thumb/v7e-m/nofp/libg.a(lib_a-mlock.o)
                0x00000000080080e8                __malloc_unlock
 .text._Balloc  0x00000000080080f4       0x4c /opt/homebrew/Cellar/arm-none-eabi-gcc/10.3-2021.07/gcc/bin/../lib/gcc/arm-none-eabi/10.3.1/../../../../arm-none-eabi/lib/thumb/v7e-m/nofp/libg.a(lib_a-mprec.o)
                0x00000000080080f4                _Balloc
 .text._Bfree   0x0000000008008140       0x14 /opt/homebrew/Cellar/arm-none-eabi-gcc/10.3-2021.07/gcc/bin/../lib/gcc/arm-none-eabi/10.3.1/../../../../arm-none-eabi/lib/thumb/v7e-m/nofp/libg.a(lib_a-mprec.o)
                0x0000000008008140                _Bfree
 .text.__multadd
                0x0000000008008154       0xa0 /opt/homebrew/Cellar/arm-none-eabi-gcc/10.3-2021.07/gcc/bin/../lib/gcc/arm-none-eabi/10.3.1/../../../../arm-none-eabi/lib/thumb/v7e-m/nofp/libg.a(lib_a-mprec.o)
                0x0000000008008154                __multadd
 .text.__hi0bits
                0x00000000080081f4       0x40 /opt/homebrew/Cellar/arm-none-eabi-gcc/10.3-2021.07/gcc/bin/../lib/gcc/arm-none-eabi/10.3.1/../../../../arm-none-eabi/lib/thumb/v7e-m/nofp/libg.a(lib_a-mprec.o)
                0x00000000080081f4                __hi0bits
 .text.__lo0bits
                0x0000000008008234       0x5c /opt/homebrew/Cellar/arm-none-eabi-gcc/10.3-2021.07/gcc/bin/../lib/gcc/arm-none-eabi/10.3.1/../../../../arm-none-eabi/lib/thumb/v7e-m/nofp/libg.a(lib_a-mprec.o)
                0x0000000008008234                __lo0bits
 .text.__i2b    0x0000000008008290       0x5c /opt/homebrew/Cellar/arm-none-eabi-gcc/10.3-2021.07/gcc/bin/../lib/gcc/arm-none-eabi/10.3.1/../../../../arm-none-eabi/lib/thumb/v7e-m/nofp/libg.a(lib_a-mprec.o)
                0x0000000008008290                __i2b
 .text.__multiply
                0x00000000080082ec      0x15c /opt/homebrew/Cellar/arm-none-eabi-gcc/10.3-2021.07/gcc/bin/../lib/gcc/arm-none-eabi/10.3.1/../../../../arm-none-eabi/lib/thumb/v7e-m/nofp/libg.a(lib_a-mprec.o)
                0x00000000080082ec                __multiply
 .text.__pow5mult
                0x0000000008008448       0xc0 /opt/homebrew/Cellar/arm-none-eabi-gcc/10.3-2021.07/gcc/bin/../lib/gcc/arm-none-eabi/10.3.1/../../../../arm-none-eabi/lib/thumb/v7e-m/nofp/libg.a(lib_a-mprec.o)
                0x0000000008008448                __pow5mult
 .text.__lshift
                0x0000000008008508       0xf0 /opt/homebrew/Cellar/arm-none-eabi-gcc/10.3-2021.07/gcc/bin/../lib/gcc/arm-none-eabi/10.3.1/../../../../arm-none-eabi/lib/thumb/v7e-m/nofp/libg.a(lib_a-mprec.o)
                0x0000000008008508                __lshift
 .text.__mcmp   0x00000000080085f8       0x40 /opt/homebrew/Cellar/arm-none-eabi-gcc/10.3-2021.07/gcc/bin/../lib/gcc/arm-none-eabi/10.3.1/../../../../arm-none-eabi/lib/thumb/v7e-m/nofp/libg.a(lib_a-mprec.o)
                0x00000000080085f8                __mcmp
 .text.__mdiff  0x0000000008008638      0x14c /opt/homebrew/Cellar/arm-none-eabi-gcc/10.3-2021.07/gcc/bin/../lib/gcc/arm-none-eabi/10.3.1/../../../../arm-none-eabi/lib/thumb/v7e-m/nofp/libg.a(lib_a-mprec.o)
                0x0000000008008638                __mdiff
 .text.__d2b    0x0000000008008784       0xc4 /opt/homebrew/Cellar/arm-none-eabi-gcc/10.3-2021.07/gcc/bin/../lib/gcc/arm-none-eabi/10.3.1/../../../../arm-none-eabi/lib/thumb/v7e-m/nofp/libg.a(lib_a-mprec.o)
                0x0000000008008784                __d2b
 .text.frexp    0x0000000008008848       0x70 /opt/homebrew/Cellar/arm-none-eabi-gcc/10.3-2021.07/gcc/bin/../lib/gcc/arm-none-eabi/10.3.1/../../../../arm-none-eabi/lib/thumb/v7e-m/nofp/libg.a(lib_a-s_frexp.o)
                0x0000000008008848                frexp
 .text._sbrk_r  0x00000000080088b8       0x24 /opt/homebrew/Cellar/arm-none-eabi-gcc/10.3-2021.07/gcc/bin/../lib/gcc/arm-none-eabi/10.3.1/../../../../arm-none-eabi/lib/thumb/v7e-m/nofp/libg.a(lib_a-sbrkr.o)
                0x00000000080088b8                _sbrk_r
 .text.strncpy  0x00000000080088dc       0x64 /opt/homebrew/Cellar/arm-none-eabi-gcc/10.3-2021.07/gcc/bin/../lib/gcc/arm-none-eabi/10.3.1/../../../../arm-none-eabi/lib/thumb/v7e-m/nofp/libg.a(lib_a-strncpy.o)
                0x00000000080088dc                strncpy
 .text.__ssprint_r
                0x0000000008008940       0xf8 /opt/homebrew/Cellar/arm-none-eabi-gcc/10.3-2021.07/gcc/bin/../lib/gcc/arm-none-eabi/10.3.1/../../../../arm-none-eabi/lib/thumb/v7e-m/nofp/libg.a(lib_a-svfiprintf.o)
                0x0000000008008940                __ssprint_r
 .text.__register_exitproc
                0x0000000008008a38       0x8c /opt/homebrew/Cellar/arm-none-eabi-gcc/10.3-2021.07/gcc/bin/../lib/gcc/arm-none-eabi/10.3.1/../../../../arm-none-eabi/lib/thumb/v7e-m/nofp/libg.a(lib_a-__atexit.o)
                0x0000000008008a38                __register_exitproc
 .text.__assert_func
                0x0000000008008ac4       0x40 /opt/homebrew/Cellar/arm-none-eabi-gcc/10.3-2021.07/gcc/bin/../lib/gcc/arm-none-eabi/10.3.1/../../../../arm-none-eabi/lib/thumb/v7e-m/nofp/libg.a(lib_a-assert.o)
                0x0000000008008ac4                __assert_func
 .text._calloc_r
                0x0000000008008b04       0x78 /opt/homebrew/Cellar/arm-none-eabi-gcc/10.3-2021.07/gcc/bin/../lib/gcc/arm-none-eabi/10.3.1/../../../../arm-none-eabi/lib/thumb/v7e-m/nofp/libg.a(lib_a-callocr.o)
                0x0000000008008b04                _calloc_r
 .text.fiprintf
                0x0000000008008b7c       0x28 /opt/homebrew/Cellar/arm-none-eabi-gcc/10.3-2021.07/gcc/bin/../lib/gcc/arm-none-eabi/10.3.1/../../../../arm-none-eabi/lib/thumb/v7e-m/nofp/libg.a(lib_a-fiprintf.o)
                0x0000000008008b7c                fiprintf
 .text.__locale_mb_cur_max
                0x0000000008008ba4        0xc /opt/homebrew/Cellar/arm-none-eabi-gcc/10.3-2021.07/gcc/bin/../lib/gcc/arm-none-eabi/10.3.1/../../../../arm-none-eabi/lib/thumb/v7e-m/nofp/libg.a(lib_a-locale.o)
                0x0000000008008ba4                __locale_mb_cur_max
 .text.__ascii_mbtowc
                0x0000000008008bb0       0x2c /opt/homebrew/Cellar/arm-none-eabi-gcc/10.3-2021.07/gcc/bin/../lib/gcc/arm-none-eabi/10.3.1/../../../../arm-none-eabi/lib/thumb/v7e-m/nofp/libg.a(lib_a-mbtowc_r.o)
                0x0000000008008bb0                __ascii_mbtowc
 .text.memmove  0x0000000008008bdc       0xf8 /opt/homebrew/Cellar/arm-none-eabi-gcc/10.3-2021.07/gcc/bin/../lib/gcc/arm-none-eabi/10.3.1/../../../../arm-none-eabi/lib/thumb/v7e-m/nofp/libg.a(lib_a-memmove.o)
                0x0000000008008bdc                memmove
 .text._realloc_r
                0x0000000008008cd4      0x3d8 /opt/homebrew/Cellar/arm-none-eabi-gcc/10.3-2021.07/gcc/bin/../lib/gcc/arm-none-eabi/10.3.1/../../../../arm-none-eabi/lib/thumb/v7e-m/nofp/libg.a(lib_a-reallocr.o)
                0x0000000008008cd4                _realloc_r
 .text.__sprint_r.part.0
                0x00000000080090ac       0x78 /opt/homebrew/Cellar/arm-none-eabi-gcc/10.3-2021.07/gcc/bin/../lib/gcc/arm-none-eabi/10.3.1/../../../../arm-none-eabi/lib/thumb/v7e-m/nofp/libg.a(lib_a-vfiprintf.o)
 .text._vfiprintf_r
                0x0000000008009124      0xda0 /opt/homebrew/Cellar/arm-none-eabi-gcc/10.3-2021.07/gcc/bin/../lib/gcc/arm-none-eabi/10.3.1/../../../../arm-none-eabi/lib/thumb/v7e-m/nofp/libg.a(lib_a-vfiprintf.o)
                0x0000000008009124                _vfiprintf_r
 .text.__sbprintf
                0x0000000008009ec4       0x80 /opt/homebrew/Cellar/arm-none-eabi-gcc/10.3-2021.07/gcc/bin/../lib/gcc/arm-none-eabi/10.3.1/../../../../arm-none-eabi/lib/thumb/v7e-m/nofp/libg.a(lib_a-vfiprintf.o)
 .text.__ascii_wctomb
                0x0000000008009f44       0x1c /opt/homebrew/Cellar/arm-none-eabi-gcc/10.3-2021.07/gcc/bin/../lib/gcc/arm-none-eabi/10.3.1/../../../../arm-none-eabi/lib/thumb/v7e-m/nofp/libg.a(lib_a-wctomb_r.o)
                0x0000000008009f44                __ascii_wctomb
 .text.__swsetup_r
                0x0000000008009f60       0xd4 /opt/homebrew/Cellar/arm-none-eabi-gcc/10.3-2021.07/gcc/bin/../lib/gcc/arm-none-eabi/10.3.1/../../../../arm-none-eabi/lib/thumb/v7e-m/nofp/libg.a(lib_a-wsetup.o)
                0x0000000008009f60                __swsetup_r
 .text.abort    0x000000000800a034       0x10 /opt/homebrew/Cellar/arm-none-eabi-gcc/10.3-2021.07/gcc/bin/../lib/gcc/arm-none-eabi/10.3.1/../../../../arm-none-eabi/lib/thumb/v7e-m/nofp/libg.a(lib_a-abort.o)
                0x000000000800a034                abort
 .text.__sflush_r
                0x000000000800a044      0x120 /opt/homebrew/Cellar/arm-none-eabi-gcc/10.3-2021.07/gcc/bin/../lib/gcc/arm-none-eabi/10.3.1/../../../../arm-none-eabi/lib/thumb/v7e-m/nofp/libg.a(lib_a-fflush.o)
                0x000000000800a044                __sflush_r
 .text._fflush_r
                0x000000000800a164       0x5c /opt/homebrew/Cellar/arm-none-eabi-gcc/10.3-2021.07/gcc/bin/../lib/gcc/arm-none-eabi/10.3.1/../../../../arm-none-eabi/lib/thumb/v7e-m/nofp/libg.a(lib_a-fflush.o)
                0x000000000800a164                _fflush_r
 .text._cleanup_r
                0x000000000800a1c0        0xc /opt/homebrew/Cellar/arm-none-eabi-gcc/10.3-2021.07/gcc/bin/../lib/gcc/arm-none-eabi/10.3.1/../../../../arm-none-eabi/lib/thumb/v7e-m/nofp/libg.a(lib_a-findfp.o)
                0x000000000800a1c0                _cleanup_r
 .text.__sinit  0x000000000800a1cc      0x10c /opt/homebrew/Cellar/arm-none-eabi-gcc/10.3-2021.07/gcc/bin/../lib/gcc/arm-none-eabi/10.3.1/../../../../arm-none-eabi/lib/thumb/v7e-m/nofp/libg.a(lib_a-findfp.o)
                0x000000000800a1cc                __sinit
 .text.__sfp_lock_acquire
                0x000000000800a2d8        0xc /opt/homebrew/Cellar/arm-none-eabi-gcc/10.3-2021.07/gcc/bin/../lib/gcc/arm-none-eabi/10.3.1/../../../../arm-none-eabi/lib/thumb/v7e-m/nofp/libg.a(lib_a-findfp.o)
                0x000000000800a2d8                __sfp_lock_acquire
 .text.__sfp_lock_release
                0x000000000800a2e4        0xc /opt/homebrew/Cellar/arm-none-eabi-gcc/10.3-2021.07/gcc/bin/../lib/gcc/arm-none-eabi/10.3.1/../../../../arm-none-eabi/lib/thumb/v7e-m/nofp/libg.a(lib_a-findfp.o)
                0x000000000800a2e4                __sfp_lock_release
 .text.__fputwc
                0x000000000800a2f0       0xa8 /opt/homebrew/Cellar/arm-none-eabi-gcc/10.3-2021.07/gcc/bin/../lib/gcc/arm-none-eabi/10.3.1/../../../../arm-none-eabi/lib/thumb/v7e-m/nofp/libg.a(lib_a-fputwc.o)
                0x000000000800a2f0                __fputwc
 .text._fputwc_r
                0x000000000800a398       0x68 /opt/homebrew/Cellar/arm-none-eabi-gcc/10.3-2021.07/gcc/bin/../lib/gcc/arm-none-eabi/10.3.1/../../../../arm-none-eabi/lib/thumb/v7e-m/nofp/libg.a(lib_a-fputwc.o)
                0x000000000800a398                _fputwc_r
 .text.__sfvwrite_r
                0x000000000800a400      0x2e8 /opt/homebrew/Cellar/arm-none-eabi-gcc/10.3-2021.07/gcc/bin/../lib/gcc/arm-none-eabi/10.3.1/../../../../arm-none-eabi/lib/thumb/v7e-m/nofp/libg.a(lib_a-fvwrite.o)
                0x000000000800a400                __sfvwrite_r
 .text._fwalk_reent
                0x000000000800a6e8       0x48 /opt/homebrew/Cellar/arm-none-eabi-gcc/10.3-2021.07/gcc/bin/../lib/gcc/arm-none-eabi/10.3.1/../../../../arm-none-eabi/lib/thumb/v7e-m/nofp/libg.a(lib_a-fwalk.o)
                0x000000000800a6e8                _fwalk_reent
 .text.__smakebuf_r
                0x000000000800a730       0xe0 /opt/homebrew/Cellar/arm-none-eabi-gcc/10.3-2021.07/gcc/bin/../lib/gcc/arm-none-eabi/10.3.1/../../../../arm-none-eabi/lib/thumb/v7e-m/nofp/libg.a(lib_a-makebuf.o)
                0x000000000800a730                __smakebuf_r
 .text.raise    0x000000000800a810       0x5c /opt/homebrew/Cellar/arm-none-eabi-gcc/10.3-2021.07/gcc/bin/../lib/gcc/arm-none-eabi/10.3.1/../../../../arm-none-eabi/lib/thumb/v7e-m/nofp/libg.a(lib_a-signal.o)
                0x000000000800a810                raise
 .text._kill_r  0x000000000800a86c       0x2c /opt/homebrew/Cellar/arm-none-eabi-gcc/10.3-2021.07/gcc/bin/../lib/gcc/arm-none-eabi/10.3.1/../../../../arm-none-eabi/lib/thumb/v7e-m/nofp/libg.a(lib_a-signalr.o)
                0x000000000800a86c                _kill_r
 .text._getpid_r
                0x000000000800a898        0x4 /opt/homebrew/Cellar/arm-none-eabi-gcc/10.3-2021.07/gcc/bin/../lib/gcc/arm-none-eabi/10.3.1/../../../../arm-none-eabi/lib/thumb/v7e-m/nofp/libg.a(lib_a-signalr.o)
                0x000000000800a898                _getpid_r
 .text.__sread  0x000000000800a89c       0x24 /opt/homebrew/Cellar/arm-none-eabi-gcc/10.3-2021.07/gcc/bin/../lib/gcc/arm-none-eabi/10.3.1/../../../../arm-none-eabi/lib/thumb/v7e-m/nofp/libg.a(lib_a-stdio.o)
                0x000000000800a89c                __sread
 .text.__swrite
                0x000000000800a8c0       0x40 /opt/homebrew/Cellar/arm-none-eabi-gcc/10.3-2021.07/gcc/bin/../lib/gcc/arm-none-eabi/10.3.1/../../../../arm-none-eabi/lib/thumb/v7e-m/nofp/libg.a(lib_a-stdio.o)
                0x000000000800a8c0                __swrite
 .text.__sseek  0x000000000800a900       0x20 /opt/homebrew/Cellar/arm-none-eabi-gcc/10.3-2021.07/gcc/bin/../lib/gcc/arm-none-eabi/10.3.1/../../../../arm-none-eabi/lib/thumb/v7e-m/nofp/libg.a(lib_a-stdio.o)
                0x000000000800a900                __sseek
 .text.__sclose
                0x000000000800a920        0x8 /opt/homebrew/Cellar/arm-none-eabi-gcc/10.3-2021.07/gcc/bin/../lib/gcc/arm-none-eabi/10.3.1/../../../../arm-none-eabi/lib/thumb/v7e-m/nofp/libg.a(lib_a-stdio.o)
                0x000000000800a920                __sclose
 .text.__swbuf_r
                0x000000000800a928       0xb0 /opt/homebrew/Cellar/arm-none-eabi-gcc/10.3-2021.07/gcc/bin/../lib/gcc/arm-none-eabi/10.3.1/../../../../arm-none-eabi/lib/thumb/v7e-m/nofp/libg.a(lib_a-wbuf.o)
                0x000000000800a928                __swbuf_r
 .text._wcrtomb_r
                0x000000000800a9d8       0x3c /opt/homebrew/Cellar/arm-none-eabi-gcc/10.3-2021.07/gcc/bin/../lib/gcc/arm-none-eabi/10.3.1/../../../../arm-none-eabi/lib/thumb/v7e-m/nofp/libg.a(lib_a-wcrtomb.o)
                0x000000000800a9d8                _wcrtomb_r
 .text._write_r
                0x000000000800aa14       0x2c /opt/homebrew/Cellar/arm-none-eabi-gcc/10.3-2021.07/gcc/bin/../lib/gcc/arm-none-eabi/10.3.1/../../../../arm-none-eabi/lib/thumb/v7e-m/nofp/libg.a(lib_a-writer.o)
                0x000000000800aa14                _write_r
 .text._close_r
                0x000000000800aa40       0x24 /opt/homebrew/Cellar/arm-none-eabi-gcc/10.3-2021.07/gcc/bin/../lib/gcc/arm-none-eabi/10.3.1/../../../../arm-none-eabi/lib/thumb/v7e-m/nofp/libg.a(lib_a-closer.o)
                0x000000000800aa40                _close_r
 .text._fclose_r
                0x000000000800aa64       0xcc /opt/homebrew/Cellar/arm-none-eabi-gcc/10.3-2021.07/gcc/bin/../lib/gcc/arm-none-eabi/10.3.1/../../../../arm-none-eabi/lib/thumb/v7e-m/nofp/libg.a(lib_a-fclose.o)
                0x000000000800aa64                _fclose_r
 .text._fstat_r
                0x000000000800ab30       0x2c /opt/homebrew/Cellar/arm-none-eabi-gcc/10.3-2021.07/gcc/bin/../lib/gcc/arm-none-eabi/10.3.1/../../../../arm-none-eabi/lib/thumb/v7e-m/nofp/libg.a(lib_a-fstatr.o)
                0x000000000800ab30                _fstat_r
 .text._isatty_r
                0x000000000800ab5c       0x24 /opt/homebrew/Cellar/arm-none-eabi-gcc/10.3-2021.07/gcc/bin/../lib/gcc/arm-none-eabi/10.3.1/../../../../arm-none-eabi/lib/thumb/v7e-m/nofp/libg.a(lib_a-isattyr.o)
                0x000000000800ab5c                _isatty_r
 .text._lseek_r
                0x000000000800ab80       0x2c /opt/homebrew/Cellar/arm-none-eabi-gcc/10.3-2021.07/gcc/bin/../lib/gcc/arm-none-eabi/10.3.1/../../../../arm-none-eabi/lib/thumb/v7e-m/nofp/libg.a(lib_a-lseekr.o)
                0x000000000800ab80                _lseek_r
 .text._read_r  0x000000000800abac       0x2c /opt/homebrew/Cellar/arm-none-eabi-gcc/10.3-2021.07/gcc/bin/../lib/gcc/arm-none-eabi/10.3.1/../../../../arm-none-eabi/lib/thumb/v7e-m/nofp/libg.a(lib_a-readr.o)
                0x000000000800abac                _read_r
 *(.glue_7)
 .glue_7        0x000000000800abd8        0x0 linker stubs
 *(.glue_7t)
 .glue_7t       0x000000000800abd8        0x0 linker stubs
 *(.eh_frame)
 .eh_frame      0x000000000800abd8        0x0 /opt/homebrew/Cellar/arm-none-eabi-gcc/10.3-2021.07/gcc/bin/../lib/gcc/arm-none-eabi/10.3.1/thumb/v7e-m/nofp/crtbegin.o
 *(.init)
 .init          0x000000000800abd8        0x4 /opt/homebrew/Cellar/arm-none-eabi-gcc/10.3-2021.07/gcc/bin/../lib/gcc/arm-none-eabi/10.3.1/thumb/v7e-m/nofp/crti.o
                0x000000000800abd8                _init
 .init          0x000000000800abdc        0x8 /opt/homebrew/Cellar/arm-none-eabi-gcc/10.3-2021.07/gcc/bin/../lib/gcc/arm-none-eabi/10.3.1/thumb/v7e-m/nofp/crtn.o
 *(.fini)
 .fini          0x000000000800abe4        0x4 /opt/homebrew/Cellar/arm-none-eabi-gcc/10.3-2021.07/gcc/bin/../lib/gcc/arm-none-eabi/10.3.1/thumb/v7e-m/nofp/crti.o
                0x000000000800abe4                _fini
 .fini          0x000000000800abe8        0x8 /opt/homebrew/Cellar/arm-none-eabi-gcc/10.3-2021.07/gcc/bin/../lib/gcc/arm-none-eabi/10.3.1/thumb/v7e-m/nofp/crtn.o
                0x000000000800abf0                . = ALIGN (0x4)
                0x000000000800abf0                _etext = .

.vfp11_veneer   0x000000000800abf0        0x0
 .vfp11_veneer  0x000000000800abf0        0x0 linker stubs

.v4_bx          0x000000000800abf0        0x0
 .v4_bx         0x000000000800abf0        0x0 linker stubs

.iplt           0x000000000800abf0        0x0
 .iplt          0x000000000800abf0        0x0 /opt/homebrew/Cellar/arm-none-eabi-gcc/10.3-2021.07/gcc/bin/../lib/gcc/arm-none-eabi/10.3.1/thumb/v7e-m/nofp/crtbegin.o

.rodata         0x000000000800abf0     0x1760
                0x000000000800abf0                . = ALIGN (0x4)
 *(.rodata)
 .rodata        0x000000000800abf0        0x5 CMakeFiles/STM32F401-t1.elf.dir/Core/Src/ST7789/st7789.c.obj
 *(.rodata*)
 *fill*         0x000000000800abf5        0x3 
 .rodata.Font16x26
                0x000000000800abf8     0x134c CMakeFiles/STM32F401-t1.elf.dir/Core/Src/ST7789/fonts.c.obj
 .rodata.ST7789_Init.str1.4
                0x000000000800bf44       0x2f CMakeFiles/STM32F401-t1.elf.dir/Core/Src/ST7789/st7789.c.obj
 *fill*         0x000000000800bf73        0x1 
 .rodata.main.str1.4
                0x000000000800bf74        0x3 CMakeFiles/STM32F401-t1.elf.dir/Core/Src/main.c.obj
 *fill*         0x000000000800bf77        0x1 
 .rodata.AHBPrescTable
                0x000000000800bf78       0x10 CMakeFiles/STM32F401-t1.elf.dir/Core/Src/system_stm32f4xx.c.obj
                0x000000000800bf78                AHBPrescTable
 .rodata.APBPrescTable
                0x000000000800bf88        0x8 CMakeFiles/STM32F401-t1.elf.dir/Core/Src/system_stm32f4xx.c.obj
                0x000000000800bf88                APBPrescTable
 .rodata.flagBitshiftOffset.0
                0x000000000800bf90        0x8 CMakeFiles/STM32F401-t1.elf.dir/Drivers/STM32F4xx_HAL_Driver/Src/stm32f4xx_hal_dma.c.obj
 .rodata._global_impure_ptr
                0x000000000800bf98        0x4 /opt/homebrew/Cellar/arm-none-eabi-gcc/10.3-2021.07/gcc/bin/../lib/gcc/arm-none-eabi/10.3.1/../../../../arm-none-eabi/lib/thumb/v7e-m/nofp/libg.a(lib_a-impure.o)
                0x000000000800bf98                _global_impure_ptr
 .rodata._svfprintf_r.str1.4
                0x000000000800bf9c       0x42 /opt/homebrew/Cellar/arm-none-eabi-gcc/10.3-2021.07/gcc/bin/../lib/gcc/arm-none-eabi/10.3.1/../../../../arm-none-eabi/lib/thumb/v7e-m/nofp/libg.a(lib_a-svfprintf.o)
 *fill*         0x000000000800bfde        0x2 
 .rodata.blanks.1
                0x000000000800bfe0       0x10 /opt/homebrew/Cellar/arm-none-eabi-gcc/10.3-2021.07/gcc/bin/../lib/gcc/arm-none-eabi/10.3.1/../../../../arm-none-eabi/lib/thumb/v7e-m/nofp/libg.a(lib_a-svfprintf.o)
 .rodata.zeroes.0
                0x000000000800bff0       0x10 /opt/homebrew/Cellar/arm-none-eabi-gcc/10.3-2021.07/gcc/bin/../lib/gcc/arm-none-eabi/10.3.1/../../../../arm-none-eabi/lib/thumb/v7e-m/nofp/libg.a(lib_a-svfprintf.o)
 .rodata._dtoa_r.str1.4
                0x000000000800c000       0x7e /opt/homebrew/Cellar/arm-none-eabi-gcc/10.3-2021.07/gcc/bin/../lib/gcc/arm-none-eabi/10.3.1/../../../../arm-none-eabi/lib/thumb/v7e-m/nofp/libg.a(lib_a-dtoa.o)
                                         0x82 (size before relaxing)
 *fill*         0x000000000800c07e        0x2 
 .rodata.__multadd.str1.4
                0x000000000800c080       0x5b /opt/homebrew/Cellar/arm-none-eabi-gcc/10.3-2021.07/gcc/bin/../lib/gcc/arm-none-eabi/10.3.1/../../../../arm-none-eabi/lib/thumb/v7e-m/nofp/libg.a(lib_a-mprec.o)
                                         0x6f (size before relaxing)
 *fill*         0x000000000800c0db        0x5 
 .rodata.__mprec_bigtens
                0x000000000800c0e0       0x28 /opt/homebrew/Cellar/arm-none-eabi-gcc/10.3-2021.07/gcc/bin/../lib/gcc/arm-none-eabi/10.3.1/../../../../arm-none-eabi/lib/thumb/v7e-m/nofp/libg.a(lib_a-mprec.o)
                0x000000000800c0e0                __mprec_bigtens
 .rodata.__mprec_tens
                0x000000000800c108       0xc8 /opt/homebrew/Cellar/arm-none-eabi-gcc/10.3-2021.07/gcc/bin/../lib/gcc/arm-none-eabi/10.3.1/../../../../arm-none-eabi/lib/thumb/v7e-m/nofp/libg.a(lib_a-mprec.o)
                0x000000000800c108                __mprec_tens
 .rodata.p05.0  0x000000000800c1d0        0xc /opt/homebrew/Cellar/arm-none-eabi-gcc/10.3-2021.07/gcc/bin/../lib/gcc/arm-none-eabi/10.3.1/../../../../arm-none-eabi/lib/thumb/v7e-m/nofp/libg.a(lib_a-mprec.o)
 .rodata.__assert_func.str1.4
                0x000000000800c1dc       0x3f /opt/homebrew/Cellar/arm-none-eabi-gcc/10.3-2021.07/gcc/bin/../lib/gcc/arm-none-eabi/10.3.1/../../../../arm-none-eabi/lib/thumb/v7e-m/nofp/libg.a(lib_a-assert.o)
                                         0x43 (size before relaxing)
 *fill*         0x000000000800c21b        0x1 
 .rodata._setlocale_r.str1.4
                0x000000000800c21c        0xa /opt/homebrew/Cellar/arm-none-eabi-gcc/10.3-2021.07/gcc/bin/../lib/gcc/arm-none-eabi/10.3.1/../../../../arm-none-eabi/lib/thumb/v7e-m/nofp/libg.a(lib_a-locale.o)
                                          0xd (size before relaxing)
 *fill*         0x000000000800c226        0x2 
 .rodata.str1.4
                0x000000000800c228        0x2 /opt/homebrew/Cellar/arm-none-eabi-gcc/10.3-2021.07/gcc/bin/../lib/gcc/arm-none-eabi/10.3.1/../../../../arm-none-eabi/lib/thumb/v7e-m/nofp/libg.a(lib_a-locale.o)
 .rodata._vfiprintf_r.str1.4
                0x000000000800c22a       0x2f /opt/homebrew/Cellar/arm-none-eabi-gcc/10.3-2021.07/gcc/bin/../lib/gcc/arm-none-eabi/10.3.1/../../../../arm-none-eabi/lib/thumb/v7e-m/nofp/libg.a(lib_a-vfiprintf.o)
 *fill*         0x000000000800c22a        0x2 
 .rodata.blanks.1
                0x000000000800c22c       0x10 /opt/homebrew/Cellar/arm-none-eabi-gcc/10.3-2021.07/gcc/bin/../lib/gcc/arm-none-eabi/10.3.1/../../../../arm-none-eabi/lib/thumb/v7e-m/nofp/libg.a(lib_a-vfiprintf.o)
 .rodata.zeroes.0
                0x000000000800c23c       0x10 /opt/homebrew/Cellar/arm-none-eabi-gcc/10.3-2021.07/gcc/bin/../lib/gcc/arm-none-eabi/10.3.1/../../../../arm-none-eabi/lib/thumb/v7e-m/nofp/libg.a(lib_a-vfiprintf.o)
 .rodata._ctype_
                0x000000000800c24c      0x101 /opt/homebrew/Cellar/arm-none-eabi-gcc/10.3-2021.07/gcc/bin/../lib/gcc/arm-none-eabi/10.3.1/../../../../arm-none-eabi/lib/thumb/v7e-m/nofp/libg.a(lib_a-ctype_.o)
                0x000000000800c24c                _ctype_
                0x000000000800c350                . = ALIGN (0x4)
 *fill*         0x000000000800c34d        0x3 

.ARM.extab      0x000000000800c350        0x0
                0x000000000800c350                . = ALIGN (0x4)
 *(.ARM.extab* .gnu.linkonce.armextab.*)
                0x000000000800c350                . = ALIGN (0x4)

.ARM            0x000000000800c350        0x8
                0x000000000800c350                . = ALIGN (0x4)
                0x000000000800c350                __exidx_start = .
 *(.ARM.exidx*)
 .ARM.exidx     0x000000000800c350        0x8 /opt/homebrew/Cellar/arm-none-eabi-gcc/10.3-2021.07/gcc/bin/../lib/gcc/arm-none-eabi/10.3.1/thumb/v7e-m/nofp/libgcc.a(_udivmoddi4.o)
                0x000000000800c358                __exidx_end = .
                0x000000000800c358                . = ALIGN (0x4)

.rel.dyn        0x000000000800c358        0x0
 .rel.iplt      0x000000000800c358        0x0 /opt/homebrew/Cellar/arm-none-eabi-gcc/10.3-2021.07/gcc/bin/../lib/gcc/arm-none-eabi/10.3.1/thumb/v7e-m/nofp/crtbegin.o

.preinit_array  0x000000000800c358        0x0
                0x000000000800c358                . = ALIGN (0x4)
                0x000000000800c358                PROVIDE (__preinit_array_start = .)
 *(.preinit_array*)
                0x000000000800c358                PROVIDE (__preinit_array_end = .)
                0x000000000800c358                . = ALIGN (0x4)

.init_array     0x000000000800c358        0x8
                0x000000000800c358                . = ALIGN (0x4)
                0x000000000800c358                PROVIDE (__init_array_start = .)
 *(SORT_BY_NAME(.init_array.*))
 .init_array.00000
                0x000000000800c358        0x4 /opt/homebrew/Cellar/arm-none-eabi-gcc/10.3-2021.07/gcc/bin/../lib/gcc/arm-none-eabi/10.3.1/../../../../arm-none-eabi/lib/thumb/v7e-m/nofp/libg.a(lib_a-__call_atexit.o)
 *(.init_array*)
 .init_array    0x000000000800c35c        0x4 /opt/homebrew/Cellar/arm-none-eabi-gcc/10.3-2021.07/gcc/bin/../lib/gcc/arm-none-eabi/10.3.1/thumb/v7e-m/nofp/crtbegin.o
                0x000000000800c360                PROVIDE (__init_array_end = .)
                0x000000000800c360                . = ALIGN (0x4)

.fini_array     0x000000000800c360        0x4
                0x000000000800c360                . = ALIGN (0x4)
                0x000000000800c360                PROVIDE (__fini_array_start = .)
 *(SORT_BY_NAME(.fini_array.*))
 *(.fini_array*)
 .fini_array    0x000000000800c360        0x4 /opt/homebrew/Cellar/arm-none-eabi-gcc/10.3-2021.07/gcc/bin/../lib/gcc/arm-none-eabi/10.3.1/thumb/v7e-m/nofp/crtbegin.o
                0x000000000800c364                PROVIDE (__fini_array_end = .)
                0x000000000800c364                . = ALIGN (0x4)
                0x000000000800c364                _sidata = LOADADDR (.data)

.data           0x0000000020000000      0x9e0 load address 0x000000000800c364
                0x0000000020000000                . = ALIGN (0x4)
                0x0000000020000000                _sdata = .
 *(.data)
 *(.data*)
 .data.Font_16x26
                0x0000000020000000        0x8 CMakeFiles/STM32F401-t1.elf.dir/Core/Src/ST7789/fonts.c.obj
                0x0000000020000000                Font_16x26
 .data.DMA_MIN_SIZE
                0x0000000020000008        0x2 CMakeFiles/STM32F401-t1.elf.dir/Core/Src/ST7789/st7789.c.obj
                0x0000000020000008                DMA_MIN_SIZE
 *fill*         0x000000002000000a        0x2 
 .data.SystemCoreClock
                0x000000002000000c        0x4 CMakeFiles/STM32F401-t1.elf.dir/Core/Src/system_stm32f4xx.c.obj
                0x000000002000000c                SystemCoreClock
 .data.uwTickFreq
                0x0000000020000010        0x1 CMakeFiles/STM32F401-t1.elf.dir/Drivers/STM32F4xx_HAL_Driver/Src/stm32f4xx_hal.c.obj
                0x0000000020000010                uwTickFreq
 *fill*         0x0000000020000011        0x3 
 .data.uwTickPrio
                0x0000000020000014        0x4 CMakeFiles/STM32F401-t1.elf.dir/Drivers/STM32F4xx_HAL_Driver/Src/stm32f4xx_hal.c.obj
                0x0000000020000014                uwTickPrio
 .data.Stat     0x0000000020000018        0x1 CMakeFiles/STM32F401-t1.elf.dir/FATFS/Target/user_diskio.c.obj
 *fill*         0x0000000020000019        0x3 
 .data.USER_Driver
                0x000000002000001c       0x14 CMakeFiles/STM32F401-t1.elf.dir/FATFS/Target/user_diskio.c.obj
                0x000000002000001c                USER_Driver
 .data._impure_ptr
                0x0000000020000030        0x4 /opt/homebrew/Cellar/arm-none-eabi-gcc/10.3-2021.07/gcc/bin/../lib/gcc/arm-none-eabi/10.3.1/../../../../arm-none-eabi/lib/thumb/v7e-m/nofp/libg.a(lib_a-impure.o)
                0x0000000020000030                _impure_ptr
 *fill*         0x0000000020000034        0x4 
 .data.impure_data
                0x0000000020000038      0x428 /opt/homebrew/Cellar/arm-none-eabi-gcc/10.3-2021.07/gcc/bin/../lib/gcc/arm-none-eabi/10.3.1/../../../../arm-none-eabi/lib/thumb/v7e-m/nofp/libg.a(lib_a-impure.o)
 .data.__atexit_recursive_mutex
                0x0000000020000460        0x4 /opt/homebrew/Cellar/arm-none-eabi-gcc/10.3-2021.07/gcc/bin/../lib/gcc/arm-none-eabi/10.3.1/../../../../arm-none-eabi/lib/thumb/v7e-m/nofp/libg.a(lib_a-__call_atexit.o)
                0x0000000020000460                __atexit_recursive_mutex
 .data.__malloc_av_
                0x0000000020000464      0x408 /opt/homebrew/Cellar/arm-none-eabi-gcc/10.3-2021.07/gcc/bin/../lib/gcc/arm-none-eabi/10.3.1/../../../../arm-none-eabi/lib/thumb/v7e-m/nofp/libg.a(lib_a-mallocr.o)
                0x0000000020000464                __malloc_av_
 .data.__malloc_sbrk_base
                0x000000002000086c        0x4 /opt/homebrew/Cellar/arm-none-eabi-gcc/10.3-2021.07/gcc/bin/../lib/gcc/arm-none-eabi/10.3.1/../../../../arm-none-eabi/lib/thumb/v7e-m/nofp/libg.a(lib_a-mallocr.o)
                0x000000002000086c                __malloc_sbrk_base
 .data.__malloc_trim_threshold
                0x0000000020000870        0x4 /opt/homebrew/Cellar/arm-none-eabi-gcc/10.3-2021.07/gcc/bin/../lib/gcc/arm-none-eabi/10.3.1/../../../../arm-none-eabi/lib/thumb/v7e-m/nofp/libg.a(lib_a-mallocr.o)
                0x0000000020000870                __malloc_trim_threshold
 .data.__global_locale
                0x0000000020000874      0x16c /opt/homebrew/Cellar/arm-none-eabi-gcc/10.3-2021.07/gcc/bin/../lib/gcc/arm-none-eabi/10.3.1/../../../../arm-none-eabi/lib/thumb/v7e-m/nofp/libg.a(lib_a-locale.o)
                0x0000000020000874                __global_locale
 *(.RamFunc)
 *(.RamFunc*)
                0x00000000200009e0                . = ALIGN (0x4)
                0x00000000200009e0                _edata = .

.igot.plt       0x00000000200009e0        0x0 load address 0x000000000800cd44
 .igot.plt      0x00000000200009e0        0x0 /opt/homebrew/Cellar/arm-none-eabi-gcc/10.3-2021.07/gcc/bin/../lib/gcc/arm-none-eabi/10.3.1/thumb/v7e-m/nofp/crtbegin.o
                0x00000000200009e0                . = ALIGN (0x4)

.bss            0x00000000200009e0     0x103c load address 0x000000000800cd44
                0x00000000200009e0                _sbss = .
                0x00000000200009e0                __bss_start__ = _sbss
 *(.bss)
 .bss           0x00000000200009e0       0x1c /opt/homebrew/Cellar/arm-none-eabi-gcc/10.3-2021.07/gcc/bin/../lib/gcc/arm-none-eabi/10.3.1/thumb/v7e-m/nofp/crtbegin.o
 *(.bss*)
 .bss.disp_buf  0x00000000200009fc      0xc80 CMakeFiles/STM32F401-t1.elf.dir/Core/Src/ST7789/st7789.c.obj
                0x00000000200009fc                disp_buf
 .bss.hadc1     0x000000002000167c       0x48 CMakeFiles/STM32F401-t1.elf.dir/Core/Src/adc.c.obj
                0x000000002000167c                hadc1
 .bss.hi2c3     0x00000000200016c4       0x54 CMakeFiles/STM32F401-t1.elf.dir/Core/Src/i2c.c.obj
                0x00000000200016c4                hi2c3
 .bss.adc_values
                0x0000000020001718        0x8 CMakeFiles/STM32F401-t1.elf.dir/Core/Src/main.c.obj
                0x0000000020001718                adc_values
 .bss.hdma_spi1_rx
                0x0000000020001720       0x60 CMakeFiles/STM32F401-t1.elf.dir/Core/Src/spi.c.obj
                0x0000000020001720                hdma_spi1_rx
 .bss.hdma_spi1_tx
                0x0000000020001780       0x60 CMakeFiles/STM32F401-t1.elf.dir/Core/Src/spi.c.obj
                0x0000000020001780                hdma_spi1_tx
 .bss.hspi1     0x00000000200017e0       0x58 CMakeFiles/STM32F401-t1.elf.dir/Core/Src/spi.c.obj
                0x00000000200017e0                hspi1
 .bss.hspi2     0x0000000020001838       0x58 CMakeFiles/STM32F401-t1.elf.dir/Core/Src/spi.c.obj
                0x0000000020001838                hspi2
 .bss.hspi3     0x0000000020001890       0x58 CMakeFiles/STM32F401-t1.elf.dir/Core/Src/spi.c.obj
                0x0000000020001890                hspi3
 .bss.__sbrk_heap_end
                0x00000000200018e8        0x4 CMakeFiles/STM32F401-t1.elf.dir/Core/Src/sysmem.c.obj
 .bss.htim1     0x00000000200018ec       0x48 CMakeFiles/STM32F401-t1.elf.dir/Core/Src/tim.c.obj
                0x00000000200018ec                htim1
 .bss.huart1    0x0000000020001934       0x44 CMakeFiles/STM32F401-t1.elf.dir/Core/Src/usart.c.obj
                0x0000000020001934                huart1
 .bss.huart6    0x0000000020001978       0x44 CMakeFiles/STM32F401-t1.elf.dir/Core/Src/usart.c.obj
                0x0000000020001978                huart6
 .bss.uwTick    0x00000000200019bc        0x4 CMakeFiles/STM32F401-t1.elf.dir/Drivers/STM32F4xx_HAL_Driver/Src/stm32f4xx_hal.c.obj
                0x00000000200019bc                uwTick
 .bss.USERPath  0x00000000200019c0        0x4 CMakeFiles/STM32F401-t1.elf.dir/FATFS/App/fatfs.c.obj
                0x00000000200019c0                USERPath
 .bss.retUSER   0x00000000200019c4        0x1 CMakeFiles/STM32F401-t1.elf.dir/FATFS/App/fatfs.c.obj
                0x00000000200019c4                retUSER
 *fill*         0x00000000200019c5        0x3 
 .bss.disk      0x00000000200019c8        0xc CMakeFiles/STM32F401-t1.elf.dir/Middlewares/Third_Party/FatFs/src/ff_gen_drv.c.obj
                0x00000000200019c8                disk
 .bss.__lock___atexit_recursive_mutex
                0x00000000200019d4        0x1 /opt/homebrew/Cellar/arm-none-eabi-gcc/10.3-2021.07/gcc/bin/../lib/gcc/arm-none-eabi/10.3.1/../../../../arm-none-eabi/lib/thumb/v7e-m/nofp/libg.a(lib_a-lock.o)
                0x00000000200019d4                __lock___atexit_recursive_mutex
 *fill*         0x00000000200019d5        0x3 
 .bss.__lock___malloc_recursive_mutex
                0x00000000200019d8        0x1 /opt/homebrew/Cellar/arm-none-eabi-gcc/10.3-2021.07/gcc/bin/../lib/gcc/arm-none-eabi/10.3.1/../../../../arm-none-eabi/lib/thumb/v7e-m/nofp/libg.a(lib_a-lock.o)
                0x00000000200019d8                __lock___malloc_recursive_mutex
 *fill*         0x00000000200019d9        0x3 
 .bss.__lock___sfp_recursive_mutex
                0x00000000200019dc        0x1 /opt/homebrew/Cellar/arm-none-eabi-gcc/10.3-2021.07/gcc/bin/../lib/gcc/arm-none-eabi/10.3.1/../../../../arm-none-eabi/lib/thumb/v7e-m/nofp/libg.a(lib_a-lock.o)
                0x00000000200019dc                __lock___sfp_recursive_mutex
 *fill*         0x00000000200019dd        0x3 
 .bss.__lock___sinit_recursive_mutex
                0x00000000200019e0        0x1 /opt/homebrew/Cellar/arm-none-eabi-gcc/10.3-2021.07/gcc/bin/../lib/gcc/arm-none-eabi/10.3.1/../../../../arm-none-eabi/lib/thumb/v7e-m/nofp/libg.a(lib_a-lock.o)
                0x00000000200019e0                __lock___sinit_recursive_mutex
 *fill*         0x00000000200019e1        0x3 
 .bss.__malloc_current_mallinfo
                0x00000000200019e4       0x28 /opt/homebrew/Cellar/arm-none-eabi-gcc/10.3-2021.07/gcc/bin/../lib/gcc/arm-none-eabi/10.3.1/../../../../arm-none-eabi/lib/thumb/v7e-m/nofp/libg.a(lib_a-mallocr.o)
                0x00000000200019e4                __malloc_current_mallinfo
 .bss.__malloc_max_sbrked_mem
                0x0000000020001a0c        0x4 /opt/homebrew/Cellar/arm-none-eabi-gcc/10.3-2021.07/gcc/bin/../lib/gcc/arm-none-eabi/10.3.1/../../../../arm-none-eabi/lib/thumb/v7e-m/nofp/libg.a(lib_a-mallocr.o)
                0x0000000020001a0c                __malloc_max_sbrked_mem
 .bss.__malloc_max_total_mem
                0x0000000020001a10        0x4 /opt/homebrew/Cellar/arm-none-eabi-gcc/10.3-2021.07/gcc/bin/../lib/gcc/arm-none-eabi/10.3.1/../../../../arm-none-eabi/lib/thumb/v7e-m/nofp/libg.a(lib_a-mallocr.o)
                0x0000000020001a10                __malloc_max_total_mem
 .bss.__malloc_top_pad
                0x0000000020001a14        0x4 /opt/homebrew/Cellar/arm-none-eabi-gcc/10.3-2021.07/gcc/bin/../lib/gcc/arm-none-eabi/10.3.1/../../../../arm-none-eabi/lib/thumb/v7e-m/nofp/libg.a(lib_a-mallocr.o)
                0x0000000020001a14                __malloc_top_pad
 .bss.errno     0x0000000020001a18        0x4 /opt/homebrew/Cellar/arm-none-eabi-gcc/10.3-2021.07/gcc/bin/../lib/gcc/arm-none-eabi/10.3.1/../../../../arm-none-eabi/lib/thumb/v7e-m/nofp/libg.a(lib_a-reent.o)
                0x0000000020001a18                errno
 *(COMMON)
                0x0000000020001a1c                . = ALIGN (0x4)
                0x0000000020001a1c                _ebss = .
                0x0000000020001a1c                __bss_end__ = _ebss

._user_heap_stack
                0x0000000020001a1c      0x604 load address 0x000000000800cd44
                0x0000000020001a20                . = ALIGN (0x8)
 *fill*         0x0000000020001a1c        0x4 
                [!provide]                        PROVIDE (end = .)
                0x0000000020001a20                PROVIDE (_end = .)
                0x0000000020001c20                . = (. + _Min_Heap_Size)
 *fill*         0x0000000020001a20      0x200 
                0x0000000020002020                . = (. + _Min_Stack_Size)
 *fill*         0x0000000020001c20      0x400 
                0x0000000020002020                . = ALIGN (0x8)

/DISCARD/
 libc.a(*)
 libm.a(*)
 libgcc.a(*)

.ARM.attributes
                0x0000000000000000       0x2a
 *(.ARM.attributes)
 .ARM.attributes
                0x0000000000000000       0x1e /opt/homebrew/Cellar/arm-none-eabi-gcc/10.3-2021.07/gcc/bin/../lib/gcc/arm-none-eabi/10.3.1/thumb/v7e-m/nofp/crti.o
 .ARM.attributes
                0x000000000000001e       0x2e /opt/homebrew/Cellar/arm-none-eabi-gcc/10.3-2021.07/gcc/bin/../lib/gcc/arm-none-eabi/10.3.1/thumb/v7e-m/nofp/crtbegin.o
 .ARM.attributes
                0x000000000000004c       0x2e CMakeFiles/STM32F401-t1.elf.dir/Core/Src/FT6336/ft6336.c.obj
 .ARM.attributes
                0x000000000000007a       0x33 CMakeFiles/STM32F401-t1.elf.dir/Core/Src/ST7789/fonts.c.obj
 .ARM.attributes
                0x00000000000000ad       0x2e CMakeFiles/STM32F401-t1.elf.dir/Core/Src/ST7789/st7789.c.obj
 .ARM.attributes
                0x00000000000000db       0x2e CMakeFiles/STM32F401-t1.elf.dir/Core/Src/adc.c.obj
 .ARM.attributes
                0x0000000000000109       0x2e CMakeFiles/STM32F401-t1.elf.dir/Core/Src/dma.c.obj
 .ARM.attributes
                0x0000000000000137       0x2e CMakeFiles/STM32F401-t1.elf.dir/Core/Src/gpio.c.obj
 .ARM.attributes
                0x0000000000000165       0x2e CMakeFiles/STM32F401-t1.elf.dir/Core/Src/i2c.c.obj
 .ARM.attributes
                0x0000000000000193       0x2e CMakeFiles/STM32F401-t1.elf.dir/Core/Src/main.c.obj
 .ARM.attributes
                0x00000000000001c1       0x2e CMakeFiles/STM32F401-t1.elf.dir/Core/Src/spi.c.obj
 .ARM.attributes
                0x00000000000001ef       0x2e CMakeFiles/STM32F401-t1.elf.dir/Core/Src/stm32f4xx_hal_msp.c.obj
 .ARM.attributes
                0x000000000000021d       0x2e CMakeFiles/STM32F401-t1.elf.dir/Core/Src/stm32f4xx_it.c.obj
 .ARM.attributes
                0x000000000000024b       0x2e CMakeFiles/STM32F401-t1.elf.dir/Core/Src/syscalls.c.obj
 .ARM.attributes
                0x0000000000000279       0x2e CMakeFiles/STM32F401-t1.elf.dir/Core/Src/sysmem.c.obj
 .ARM.attributes
                0x00000000000002a7       0x2e CMakeFiles/STM32F401-t1.elf.dir/Core/Src/system_stm32f4xx.c.obj
 .ARM.attributes
                0x00000000000002d5       0x2e CMakeFiles/STM32F401-t1.elf.dir/Core/Src/tim.c.obj
 .ARM.attributes
                0x0000000000000303       0x2e CMakeFiles/STM32F401-t1.elf.dir/Core/Src/usart.c.obj
 .ARM.attributes
                0x0000000000000331       0x21 CMakeFiles/STM32F401-t1.elf.dir/Core/Startup/startup_stm32f401rctx.s.obj
 .ARM.attributes
                0x0000000000000352       0x2e CMakeFiles/STM32F401-t1.elf.dir/Drivers/STM32F4xx_HAL_Driver/Src/stm32f4xx_hal.c.obj
 .ARM.attributes
                0x0000000000000380       0x2e CMakeFiles/STM32F401-t1.elf.dir/Drivers/STM32F4xx_HAL_Driver/Src/stm32f4xx_hal_adc.c.obj
 .ARM.attributes
                0x00000000000003ae       0x2e CMakeFiles/STM32F401-t1.elf.dir/Drivers/STM32F4xx_HAL_Driver/Src/stm32f4xx_hal_cortex.c.obj
 .ARM.attributes
                0x00000000000003dc       0x2e CMakeFiles/STM32F401-t1.elf.dir/Drivers/STM32F4xx_HAL_Driver/Src/stm32f4xx_hal_dma.c.obj
 .ARM.attributes
                0x000000000000040a       0x2e CMakeFiles/STM32F401-t1.elf.dir/Drivers/STM32F4xx_HAL_Driver/Src/stm32f4xx_hal_gpio.c.obj
 .ARM.attributes
                0x0000000000000438       0x2e CMakeFiles/STM32F401-t1.elf.dir/Drivers/STM32F4xx_HAL_Driver/Src/stm32f4xx_hal_i2c.c.obj
 .ARM.attributes
                0x0000000000000466       0x2e CMakeFiles/STM32F401-t1.elf.dir/Drivers/STM32F4xx_HAL_Driver/Src/stm32f4xx_hal_rcc.c.obj
 .ARM.attributes
                0x0000000000000494       0x2e CMakeFiles/STM32F401-t1.elf.dir/Drivers/STM32F4xx_HAL_Driver/Src/stm32f4xx_hal_spi.c.obj
 .ARM.attributes
                0x00000000000004c2       0x2e CMakeFiles/STM32F401-t1.elf.dir/Drivers/STM32F4xx_HAL_Driver/Src/stm32f4xx_hal_tim.c.obj
 .ARM.attributes
                0x00000000000004f0       0x2e CMakeFiles/STM32F401-t1.elf.dir/Drivers/STM32F4xx_HAL_Driver/Src/stm32f4xx_hal_tim_ex.c.obj
 .ARM.attributes
                0x000000000000051e       0x2e CMakeFiles/STM32F401-t1.elf.dir/Drivers/STM32F4xx_HAL_Driver/Src/stm32f4xx_hal_uart.c.obj
 .ARM.attributes
                0x000000000000054c       0x2e CMakeFiles/STM32F401-t1.elf.dir/FATFS/App/fatfs.c.obj
 .ARM.attributes
                0x000000000000057a       0x2e CMakeFiles/STM32F401-t1.elf.dir/FATFS/Target/user_diskio.c.obj
 .ARM.attributes
                0x00000000000005a8       0x2e CMakeFiles/STM32F401-t1.elf.dir/Middlewares/Third_Party/FatFs/src/ff_gen_drv.c.obj
 .ARM.attributes
                0x00000000000005d6       0x1e /opt/homebrew/Cellar/arm-none-eabi-gcc/10.3-2021.07/gcc/bin/../lib/gcc/arm-none-eabi/10.3.1/thumb/v7e-m/nofp/libgcc.a(_arm_addsubdf3.o)
 .ARM.attributes
                0x00000000000005f4       0x1e /opt/homebrew/Cellar/arm-none-eabi-gcc/10.3-2021.07/gcc/bin/../lib/gcc/arm-none-eabi/10.3.1/thumb/v7e-m/nofp/libgcc.a(_arm_addsubsf3.o)
 .ARM.attributes
                0x0000000000000612       0x1e /opt/homebrew/Cellar/arm-none-eabi-gcc/10.3-2021.07/gcc/bin/../lib/gcc/arm-none-eabi/10.3.1/thumb/v7e-m/nofp/libgcc.a(_arm_muldivsf3.o)
 .ARM.attributes
                0x0000000000000630       0x1e /opt/homebrew/Cellar/arm-none-eabi-gcc/10.3-2021.07/gcc/bin/../lib/gcc/arm-none-eabi/10.3.1/thumb/v7e-m/nofp/libgcc.a(_arm_fixsfsi.o)
 .ARM.attributes
                0x000000000000064e       0x1e /opt/homebrew/Cellar/arm-none-eabi-gcc/10.3-2021.07/gcc/bin/../lib/gcc/arm-none-eabi/10.3.1/thumb/v7e-m/nofp/libgcc.a(_aeabi_uldivmod.o)
 .ARM.attributes
                0x000000000000066c       0x2e /opt/homebrew/Cellar/arm-none-eabi-gcc/10.3-2021.07/gcc/bin/../lib/gcc/arm-none-eabi/10.3.1/thumb/v7e-m/nofp/libgcc.a(_udivmoddi4.o)
 .ARM.attributes
                0x000000000000069a       0x1e /opt/homebrew/Cellar/arm-none-eabi-gcc/10.3-2021.07/gcc/bin/../lib/gcc/arm-none-eabi/10.3.1/thumb/v7e-m/nofp/libgcc.a(_dvmd_tls.o)
 .ARM.attributes
                0x00000000000006b8       0x2e /opt/homebrew/Cellar/arm-none-eabi-gcc/10.3-2021.07/gcc/bin/../lib/gcc/arm-none-eabi/10.3.1/../../../../arm-none-eabi/lib/thumb/v7e-m/nofp/libg.a(lib_a-errno.o)
 .ARM.attributes
                0x00000000000006e6       0x2e /opt/homebrew/Cellar/arm-none-eabi-gcc/10.3-2021.07/gcc/bin/../lib/gcc/arm-none-eabi/10.3.1/../../../../arm-none-eabi/lib/thumb/v7e-m/nofp/libg.a(lib_a-impure.o)
 .ARM.attributes
                0x0000000000000714       0x2e /opt/homebrew/Cellar/arm-none-eabi-gcc/10.3-2021.07/gcc/bin/../lib/gcc/arm-none-eabi/10.3.1/../../../../arm-none-eabi/lib/thumb/v7e-m/nofp/libg.a(lib_a-init.o)
 .ARM.attributes
                0x0000000000000742       0x2e /opt/homebrew/Cellar/arm-none-eabi-gcc/10.3-2021.07/gcc/bin/../lib/gcc/arm-none-eabi/10.3.1/../../../../arm-none-eabi/lib/thumb/v7e-m/nofp/libg.a(lib_a-memset.o)
 .ARM.attributes
                0x0000000000000770       0x2e /opt/homebrew/Cellar/arm-none-eabi-gcc/10.3-2021.07/gcc/bin/../lib/gcc/arm-none-eabi/10.3.1/../../../../arm-none-eabi/lib/thumb/v7e-m/nofp/libg.a(lib_a-snprintf.o)
 .ARM.attributes
                0x000000000000079e       0x2e /opt/homebrew/Cellar/arm-none-eabi-gcc/10.3-2021.07/gcc/bin/../lib/gcc/arm-none-eabi/10.3.1/../../../../arm-none-eabi/lib/thumb/v7e-m/nofp/libg.a(lib_a-svfprintf.o)
 .ARM.attributes
                0x00000000000007cc       0x2e /opt/homebrew/Cellar/arm-none-eabi-gcc/10.3-2021.07/gcc/bin/../lib/gcc/arm-none-eabi/10.3.1/../../../../arm-none-eabi/lib/thumb/v7e-m/nofp/libg.a(lib_a-__call_atexit.o)
 .ARM.attributes
                0x00000000000007fa       0x2e /opt/homebrew/Cellar/arm-none-eabi-gcc/10.3-2021.07/gcc/bin/../lib/gcc/arm-none-eabi/10.3.1/../../../../arm-none-eabi/lib/thumb/v7e-m/nofp/libg.a(lib_a-atexit.o)
 .ARM.attributes
                0x0000000000000828       0x2e /opt/homebrew/Cellar/arm-none-eabi-gcc/10.3-2021.07/gcc/bin/../lib/gcc/arm-none-eabi/10.3.1/../../../../arm-none-eabi/lib/thumb/v7e-m/nofp/libg.a(lib_a-dtoa.o)
 .ARM.attributes
                0x0000000000000856       0x2e /opt/homebrew/Cellar/arm-none-eabi-gcc/10.3-2021.07/gcc/bin/../lib/gcc/arm-none-eabi/10.3.1/../../../../arm-none-eabi/lib/thumb/v7e-m/nofp/libg.a(lib_a-fini.o)
 .ARM.attributes
                0x0000000000000884       0x2e /opt/homebrew/Cellar/arm-none-eabi-gcc/10.3-2021.07/gcc/bin/../lib/gcc/arm-none-eabi/10.3.1/../../../../arm-none-eabi/lib/thumb/v7e-m/nofp/libg.a(lib_a-freer.o)
 .ARM.attributes
                0x00000000000008b2       0x2e /opt/homebrew/Cellar/arm-none-eabi-gcc/10.3-2021.07/gcc/bin/../lib/gcc/arm-none-eabi/10.3.1/../../../../arm-none-eabi/lib/thumb/v7e-m/nofp/libg.a(lib_a-localeconv.o)
 .ARM.attributes
                0x00000000000008e0       0x2e /opt/homebrew/Cellar/arm-none-eabi-gcc/10.3-2021.07/gcc/bin/../lib/gcc/arm-none-eabi/10.3.1/../../../../arm-none-eabi/lib/thumb/v7e-m/nofp/libg.a(lib_a-lock.o)
 .ARM.attributes